01-01 01:11:23.870   757  1171 D GpsLocationProvider: set_capabilities_callback: 55u
01-01 01:11:23.870   757  1171 E LocSvc_api_v02: I/---> locClientSendReq line 2020 QMI_LOC_REG_EVENTS_REQ_V02
01-01 01:11:23.870   757   800 I InputReader: Reconfiguring input devices.  changes=0x00000020
01-01 01:11:23.872   757   757 I MmsServiceBroker: Delay connecting to MmsService until an API is called
01-01 01:11:23.873   757   757 D MountService: onStartUser 0
01-01 01:11:23.874   757   757 D VoldConnector: SND -> {6 volume user_started 0}
01-01 01:11:23.874   757  1171 E LocSvc_api_v02: I/---> locClientSendReq line 2020 QMI_LOC_SET_SERVER_REQ_V02
01-01 01:11:23.875   757   800 I InputReader: Reconfiguring input devices.  changes=0x00000010
01-01 01:11:23.875   757  1174 E LocSvc_ApiV02: I/<--- void globalRespCb(locClientHandleType, uint32_t, locClientRespIndUnionType, void*) line 115 QMI_LOC_SET_SERVER_REQ_V02
01-01 01:11:23.876   757  1171 E LocSvc_api_v02: I/---> locClientSendReq line 2020 QMI_LOC_REG_EVENTS_REQ_V02
01-01 01:11:23.877   231   238 D vold    : Linking /storage/emulated/0 to /mnt/user/0/primary
01-01 01:11:23.877   757   803 D VoldConnector: RCV <- {200 6 Command succeeded}
01-01 01:11:23.879   757   802 D MountService: Volume emulated broadcasting mounted to UserHandle{0}
01-01 01:11:23.880   757   757 W VoiceInteractionManagerService: no available voice interaction services found for user 0
01-01 01:11:23.880   757   757 W VoiceInteractionManagerService: no available voice recognition services found for user 0
01-01 01:11:23.893  1152  1152 I LatinIME: Hardware accelerated drawing: true
01-01 01:11:23.898   757  1149 I QComExtractorFactory: Sniff: Set key to use qti parser
01-01 01:11:23.899   321   925 D PRDrmPlugIn: PRDrmPlugin::onInitialize, uniqueId = 7302
01-01 01:11:23.899   321   925 D PRDrmPlugIn: PRDrmPlugin::onSetOnInfoListener: starts! uniqueId = 7302
01-01 01:11:23.899   321   925 D PRDrmPlugIn: PRDrmPlugin::onSetOnInfoListener: ends!
01-01 01:11:23.904   757   757 I ActivityManager: Start proc 1191:com.quicinc.cne.CNEService/1000 for added application com.quicinc.cne.CNEService
01-01 01:11:23.906   321   321 D PRDrmPlugIn: PRDrmPlugin::onTerminate, uniqueId = 7302
01-01 01:11:23.906   757  1149 I ExtendedExtractor: QTIParser is prefered
01-01 01:11:23.906   757  1149 I ExtendedExtractor: ExtendedExtractor::create 0x5578a86a40
01-01 01:11:23.906   757  1149 I ExtendedExtractor: ExtendedExtractor::updateExtractor: Use default QTI parser 
01-01 01:11:23.906   757  1149 E MM_OSAL : FileSource::FileSource
01-01 01:11:23.906   757  1149 E MM_OSAL : FileSource::FileSource m_bEveryThingOK 1
01-01 01:11:23.906   757  1149 E MM_OSAL : MM_File_Create failed .Efs Error No -1 , File Name /data/mmosal_logmask.cfg , Mode 0
01-01 01:11:23.906   757  1149 E MM_OSAL : Open or read fail on /data/mmosal_logmask.cfg. Possible permission denied issue. Looking for /data/misc/media/mmosal_logmask.cfg
01-01 01:11:23.906   757  1149 E MM_OSAL : MM_File_Create failed .Efs Error No -1 , File Name /data/misc/media/mmosal_logmask.cfg , Mode 0
01-01 01:11:23.910   757  1196 I OMXClient: Using client-side OMX mux.
01-01 01:11:23.924   757   757 I ActivityManager: Start proc 1206:com.qualcomm.qti.rcsbootstraputil/1001 for added application com.qualcomm.qti.rcsbootstraputil
01-01 01:11:23.945   757   757 I ActivityManager: Start proc 1218:com.qualcomm.qti.tetherservice/1000 for added application com.qualcomm.qti.tetherservice
01-01 01:11:23.965   757   757 I ActivityManager: Start proc 1228:com.android.phone/1001 for added application com.android.phone
01-01 01:11:23.966   757   757 I ActivityManager: START u0 {act=android.intent.action.MAIN cat=[android.intent.category.HOME] flg=0x10000000 cmp=com.android.launcher3/.Launcher} from uid 0 on display 0
01-01 01:11:23.973   757   757 W System  : ClassLoader referenced unknown path: /system/framework/QPerformance.jar
01-01 01:11:23.975   757   757 E BoostFramework: BoostFramework() : Exception_1 = java.lang.ClassNotFoundException: Didn't find class "com.qualcomm.qti.Performance" on path: DexPathList[[],nativeLibraryDirectories=[/vendor/lib64, /system/lib64]]
01-01 01:11:23.975   757   757 V BoostFramework: BoostFramework() : mPerf = null
01-01 01:11:23.975   757   757 E BoostFramework: Exception java.lang.NullPointerException: Attempt to invoke virtual method 'java.lang.Object java.lang.reflect.Method.invoke(java.lang.Object, java.lang.Object[])' on a null object reference
01-01 01:11:23.976   757   757 W System  : ClassLoader referenced unknown path: /system/framework/QPerformance.jar
01-01 01:11:23.979   757   757 E BoostFramework: BoostFramework() : Exception_1 = java.lang.ClassNotFoundException: Didn't find class "com.qualcomm.qti.Performance" on path: DexPathList[[],nativeLibraryDirectories=[/vendor/lib64, /system/lib64]]
01-01 01:11:23.979   757   757 V BoostFramework: BoostFramework() : mPerf = null
01-01 01:11:23.979   757   757 E BoostFramework: Exception java.lang.NullPointerException: Attempt to invoke virtual method 'java.lang.Object java.lang.reflect.Method.invoke(java.lang.Object, java.lang.Object[])' on a null object reference
01-01 01:11:23.992   757   757 W System  : ClassLoader referenced unknown path: /system/framework/QPerformance.jar
01-01 01:11:23.992   757  1149 E MMParserExtractor: FileSource::FILE_SOURCE_DATA_END 
01-01 01:11:23.994   757   757 E BoostFramework: BoostFramework() : Exception_1 = java.lang.ClassNotFoundException: Didn't find class "com.qualcomm.qti.Performance" on path: DexPathList[[],nativeLibraryDirectories=[/vendor/lib64, /system/lib64]]
01-01 01:11:23.994   757   757 V BoostFramework: BoostFramework() : mPerf = null
01-01 01:11:24.017   757  1149 I QComExtractorFactory: Sniff: Set key to use qti parser
01-01 01:11:24.018   321   926 D PRDrmPlugIn: PRDrmPlugin::onInitialize, uniqueId = 7844
01-01 01:11:24.018   321   926 D PRDrmPlugIn: PRDrmPlugin::onSetOnInfoListener: starts! uniqueId = 7844
01-01 01:11:24.018   321   926 D PRDrmPlugIn: PRDrmPlugin::onSetOnInfoListener: ends!
01-01 01:11:24.019   321   321 D PRDrmPlugIn: PRDrmPlugin::onTerminate, uniqueId = 7844
01-01 01:11:24.019   757   757 W System  : ClassLoader referenced unknown path: /system/framework/QPerformance.jar
01-01 01:11:24.019   757  1149 I ExtendedExtractor: QTIParser is prefered
01-01 01:11:24.019   757  1149 I ExtendedExtractor: ExtendedExtractor::create 0x5578af7150
01-01 01:11:24.019   757  1149 I ExtendedExtractor: ExtendedExtractor::updateExtractor: Use default QTI parser 
01-01 01:11:24.019   757  1149 E MM_OSAL : FileSource::FileSource
01-01 01:11:24.019   757  1149 E MM_OSAL : FileSource::FileSource m_bEveryThingOK 1
01-01 01:11:24.019   757  1149 E MM_OSAL : MM_File_Create failed .Efs Error No -1 , File Name /data/mmosal_logmask.cfg , Mode 0
01-01 01:11:24.019   757  1149 E MM_OSAL : Open or read fail on /data/mmosal_logmask.cfg. Possible permission denied issue. Looking for /data/misc/media/mmosal_logmask.cfg
01-01 01:11:24.019   757  1149 E MM_OSAL : MM_File_Create failed .Efs Error No -1 , File Name /data/misc/media/mmosal_logmask.cfg , Mode 0
01-01 01:11:24.021   757   757 E BoostFramework: BoostFramework() : Exception_1 = java.lang.ClassNotFoundException: Didn't find class "com.qualcomm.qti.Performance" on path: DexPathList[[],nativeLibraryDirectories=[/vendor/lib64, /system/lib64]]
01-01 01:11:24.022   757   757 V BoostFramework: BoostFramework() : mPerf = null
01-01 01:11:24.022   757   757 E BoostFramework: Exception java.lang.NullPointerException: Attempt to invoke virtual method 'java.lang.Object java.lang.reflect.Method.invoke(java.lang.Object, java.lang.Object[])' on a null object reference
01-01 01:11:24.023   757   757 I ActivityManager: Start proc 1249:com.android.launcher3/u0a19 for activity com.android.launcher3/.Launcher
01-01 01:11:24.024   757  1255 I OMXClient: Using client-side OMX mux.
01-01 01:11:24.038   757   757 I SystemServer: Enabled StrictMode for system server main thread.
01-01 01:11:24.050   757   767 I art     : Background sticky concurrent mark sweep GC freed 4965(521KB) AllocSpace objects, 3(52KB) LOS objects, 9% free, 6MB/7MB, paused 6.459ms total 22.742ms
01-01 01:11:24.065   757   770 I ActivityManager: Start proc 1266:com.android.printspooler/u0a50 for service com.android.printspooler/.model.PrintSpoolerService
01-01 01:11:24.090  1152  1152 W InputAttributes: No editor info for this field. Bug?
01-01 01:11:24.092  1176  1176 W System  : ClassLoader referenced unknown path: /system/priv-app/xtra_t_app/lib/arm64
01-01 01:11:24.114  1191  1191 W System  : ClassLoader referenced unknown path: /system/priv-app/CNEService/lib/arm64
01-01 01:11:24.120  1206  1206 W System  : ClassLoader referenced unknown path: /system/app/RCSBootstraputil/lib/arm64
01-01 01:11:24.123  1228  1228 W System  : ClassLoader referenced unknown path: /system/priv-app/TeleService/lib/arm64
01-01 01:11:24.131  1218  1218 W System  : ClassLoader referenced unknown path: /system/priv-app/QtiTetherService/lib/arm64
01-01 01:11:24.133   757   757 D RttService: SCAN_AVAILABLE : 1
01-01 01:11:24.139  1191  1191 D CNEServiceApp: start cne
01-01 01:11:24.140   757   838 D RttService: DefaultState got{ when=0 what=160513 target=com.android.internal.util.StateMachine$SmHandler }
01-01 01:11:24.142  1218  1218 I QtiTetherService/TetherServiceApp: onCreate()
01-01 01:11:24.143  1218  1218 W ContextImpl: Calling a method in the system process without a qualified user: android.app.ContextImpl.startService:1221 android.content.ContextWrapper.startService:581 com.qualcomm.qti.tetherservice.TetherServiceApp.onCreate:30 android.app.Instrumentation.callApplicationOnCreate:1014 android.app.ActivityThread.handleBindApplication:4707 
01-01 01:11:24.148   757  1149 E MMParserExtractor: FileSource::FILE_SOURCE_DATA_END 
01-01 01:11:24.152  1152  1281 I LatinIME:LogUtils: Dictionary info: dictionary = contacts.en_US ; version = 4284 ; date = ?
01-01 01:11:24.162   757   986 I ActivityManager: Start proc 1283:android.process.media/u0a7 for broadcast com.android.providers.downloads/.DownloadReceiver
01-01 01:11:24.168  1249  1249 W System  : ClassLoader referenced unknown path: /system/priv-app/Trebuchet/lib/arm64
01-01 01:11:24.175   757   757 I Choreographer: Skipped 157 frames!  The application may be doing too much work on its main thread.
01-01 01:11:24.183  1218  1218 I QtiTetherService: onCreate()
01-01 01:11:24.186   878   878 V StatusBar: userId 0 is in the house
01-01 01:11:24.207  1228  1228 W System  : ClassLoader referenced unknown path: /system/priv-app/TelephonyProvider/lib/arm64
01-01 01:11:24.211   757   813 D WifiService: New client listening to asynchronous messages
01-01 01:11:24.216   757   813 D WifiService: New client listening to asynchronous messages
01-01 01:11:24.238   757  1149 I QComExtractorFactory: Sniff: Set key to use qti parser
01-01 01:11:24.242  1191  1304 I QCNEJ   : |CORE:COM:RCVR| CNE creating socket
01-01 01:11:24.244   321   321 D PRDrmPlugIn: PRDrmPlugin::onInitialize, uniqueId = 7134
01-01 01:11:24.244   321   321 D PRDrmPlugIn: PRDrmPlugin::onSetOnInfoListener: starts! uniqueId = 7134
01-01 01:11:24.244   321   321 D PRDrmPlugIn: PRDrmPlugin::onSetOnInfoListener: ends!
01-01 01:11:24.247   321   926 D PRDrmPlugIn: PRDrmPlugin::onTerminate, uniqueId = 7134
01-01 01:11:24.247   757  1149 I ExtendedExtractor: QTIParser is prefered
01-01 01:11:24.248   757  1149 I ExtendedExtractor: ExtendedExtractor::create 0x5578abe610
01-01 01:11:24.248   757  1149 I ExtendedExtractor: ExtendedExtractor::updateExtractor: Use default QTI parser 
01-01 01:11:24.248   757  1149 E MM_OSAL : FileSource::FileSource
01-01 01:11:24.248   757  1149 E MM_OSAL : FileSource::FileSource m_bEveryThingOK 1
01-01 01:11:24.248   757  1149 E MM_OSAL : MM_File_Create failed .Efs Error No -1 , File Name /data/mmosal_logmask.cfg , Mode 0
01-01 01:11:24.248   757  1149 E MM_OSAL : Open or read fail on /data/mmosal_logmask.cfg. Possible permission denied issue. Looking for /data/misc/media/mmosal_logmask.cfg
01-01 01:11:24.248   757  1149 E MM_OSAL : MM_File_Create failed .Efs Error No -1 , File Name /data/misc/media/mmosal_logmask.cfg , Mode 0
01-01 01:11:24.251   757   757 W System  : ClassLoader referenced unknown path: /system/priv-app/Telecom/lib/arm64
01-01 01:11:24.254  1191  1191 E QCNEJ   : |CORE| Feature WQE is not enabled
01-01 01:11:24.262   757  1247 D ConnectivityService: listenForNetwork for Listen from uid/pid:1000/1191 for NetworkRequest [ id=4, legacyType=-1, [ Transports: WIFI Capabilities: INTERNET&NOT_RESTRICTED&TRUSTED&NOT_VPN] ]
01-01 01:11:24.264   757  1224 D ConnectivityService: listenForNetwork for Listen from uid/pid:1000/1191 for NetworkRequest [ id=5, legacyType=-1, [ Transports: CELLULAR Capabilities: INTERNET&NOT_RESTRICTED&TRUSTED&NOT_VPN] ]
01-01 01:11:24.265  1191  1304 I QCNEJ   : |CORE:COM:RCVR| Connected to 'cnd' socket
01-01 01:11:24.266  1191  1304 W QCNEJ   : |CORE| UNKOWN Unsolicited Event 25
01-01 01:11:24.273  1191  1304 I QCNEJ   : |CORE| CNE_NOTIFY_FEATURE_STATUS received
01-01 01:11:24.274  1191  1304 I QCNEJ   : |CORE| CNE_NOTIFY_FEATURE_STATUS received
01-01 01:11:24.275  1266  1266 I PrintSpoolerService: No existing print spooler state.
01-01 01:11:24.289   757  1306 I OMXClient: Using client-side OMX mux.
01-01 01:11:24.314  1176  1176 E         : E/void loc_get_target_baseband(char*, int):159]: NULL parameter or array length less than PROPERTY_VALUE_MAX
01-01 01:11:24.322  1218  1218 I QtiTetherService/IpaWrapper: stopAllOffload()
01-01 01:11:24.322  1218  1218 I libQtiTether: stopOffload called for upstream=* tether=* type=0
01-01 01:11:24.322  1218  1218 I libQtiTether: stopOffload(upstream=*, tether=*, type=0)
01-01 01:11:24.322  1218  1218 E libQtiTether: Socket creation failed: No such file or directory
01-01 01:11:24.322  1218  1218 I libQtiTether: stopOffload called for upstream=* tether=* type=1
01-01 01:11:24.322  1218  1218 I libQtiTether: stopOffload(upstream=*, tether=*, type=1)
01-01 01:11:24.322  1218  1218 E libQtiTether: Socket creation failed: No such file or directory
01-01 01:11:24.322  1218  1218 I QtiTetherService/NetdWrapper: stopRadish(): ndc qticonnectivity tether stop
01-01 01:11:24.322  1176  1310 E LocSvc_api_v02: I/locClientOpen:1863]: Service instance id is -1
01-01 01:11:24.322  1176  1310 E LocSvc_api_v02: I/---> locClientOpenInstance line 1743 loc client open
01-01 01:11:24.323  1176  1310 E LocSvc_api_v02: I/---> locClientSendReq line 2020 QMI_LOC_REG_EVENTS_REQ_V02
01-01 01:11:24.325  1176  1310 E LocSvc_api_v02: I/---> locClientSupportMsgCheck line 2131 QMI_LOC_GET_SUPPORTED_MSGS_REQ_V02
01-01 01:11:24.326  1176  1310 E LocSvc_api_v02: I/---> locClientSendReq line 2020 QMI_LOC_QUERY_AON_CONFIG_REQ_V02
01-01 01:11:24.327  1176  1310 E LocSvc_ApiV02: E/virtual loc_api_adapter_err LocApiV02::open(LOC_API_ADAPTER_EVENT_MASK_T):282]: Query AON config failed. status: eLOC_CLIENT_FAILURE_INTERNAL, ind status:eQMI_LOC_SUCCESS_V02
01-01 01:11:24.327  1176  1310 E LocSvc_LBSProxy: E/virtual void lbs_core::LBSProxy::injectFeatureConfig(loc_core::ContextBase*) const::InjectAdapter::injectFeatureConfig() const:332]: Unrecognized value for GTP CELL Mode. Setting GTP CELL to default mode: BASIC
01-01 01:11:24.327  1176  1310 E LocSvc_LBSProxy: E/virtual void lbs_core::LBSProxy::injectFeatureConfig(loc_core::ContextBase*) const::InjectAdapter::injectFeatureConfig() const:351]: Unrecognized value for SAP Mode. Setting SAP to default mode: BASIC
01-01 01:11:24.327  1176  1310 E LocSvc_api_v02: I/---> locClientSendReq line 2020 QMI_LOC_SET_PREMIUM_SERVICES_CONFIG_REQ_V02
01-01 01:11:24.329  1176  1313 E LocSvc_ApiV02: I/<--- void globalRespCb(locClientHandleType, uint32_t, locClientRespIndUnionType, void*) line 115 QMI_LOC_SET_PREMIUM_SERVICES_CONFIG_REQ_V02
01-01 01:11:24.329  1176  1310 E LocSvc_api_v02: I/---> locClientSendReq line 2020 QMI_LOC_SET_PREMIUM_SERVICES_CONFIG_REQ_V02
01-01 01:11:24.330  1176  1313 E LocSvc_ApiV02: I/<--- void globalRespCb(locClientHandleType, uint32_t, locClientRespIndUnionType, void*) line 115 QMI_LOC_SET_PREMIUM_SERVICES_CONFIG_REQ_V02
01-01 01:11:24.336  1191  1191 D CNEServiceApp: broadcast cne started
01-01 01:11:24.337   757   767 I art     : Background partial concurrent mark sweep GC freed 7042(838KB) AllocSpace objects, 7(460KB) LOS objects, 33% free, 6MB/10MB, paused 1.355ms total 106.397ms
01-01 01:11:24.337  1191  1191 W ContextImpl: Calling a method in the system process without a qualified user: android.app.ContextImpl.sendBroadcast:763 android.content.ContextWrapper.sendBroadcast:396 com.quicinc.cne.CNEService.CNEServiceApp.broadcastCNEStarted:103 com.quicinc.cne.CNEService.CNEServiceApp.startCne:126 com.quicinc.cne.CNEService.CNEServiceApp.onCreate:94 
01-01 01:11:24.339  1176  1310 E LocSvc_api_v02: I/---> locClientSendReq line 2020 QMI_LOC_SET_XTRA_T_SESSION_CONTROL_REQ_V02
01-01 01:11:24.341  1176  1313 E LocSvc_ApiV02: I/<--- void globalRespCb(locClientHandleType, uint32_t, locClientRespIndUnionType, void*) line 115 QMI_LOC_SET_XTRA_T_SESSION_CONTROL_REQ_V02
01-01 01:11:24.341  1176  1310 E LocSvc_IzatApiV02: E/setUserPref failed on handshake key 0, status = 0, ind..status = 1, send_failure_count = 1
01-01 01:11:24.341  1176  1310 E LocSvc_api_v02: I/---> locClientSendReq line 2020 QMI_LOC_SET_XTRA_T_SESSION_CONTROL_REQ_V02
01-01 01:11:24.345  1176  1313 E LocSvc_ApiV02: I/<--- void globalRespCb(locClientHandleType, uint32_t, locClientRespIndUnionType, void*) line 115 QMI_LOC_SET_XTRA_T_SESSION_CONTROL_REQ_V02
01-01 01:11:24.346  1176  1310 E LocSvc_IzatApiV02: E/setUserPref failed on handshake key 0, status = 0, ind..status = 1, send_failure_count = 2
01-01 01:11:24.346  1176  1310 E LocSvc_api_v02: I/---> locClientSendReq line 2020 QMI_LOC_SET_XTRA_T_SESSION_CONTROL_REQ_V02
01-01 01:11:24.349   757   775 D BluetoothManagerService: Message: 30
01-01 01:11:24.353  1176  1313 E LocSvc_ApiV02: I/<--- void globalRespCb(locClientHandleType, uint32_t, locClientRespIndUnionType, void*) line 115 QMI_LOC_SET_XTRA_T_SESSION_CONTROL_REQ_V02
01-01 01:11:24.353  1176  1310 E LocSvc_IzatApiV02: E/setUserPref failed on handshake key 0, status = 0, ind..status = 1, send_failure_count = 3
01-01 01:11:24.353  1176  1310 E LocSvc_api_v02: I/---> locClientSendReq line 2020 QMI_LOC_SET_XTRA_T_SESSION_CONTROL_REQ_V02
01-01 01:11:24.355  1176  1313 E LocSvc_ApiV02: I/<--- void globalRespCb(locClientHandleType, uint32_t, locClientRespIndUnionType, void*) line 115 QMI_LOC_SET_XTRA_T_SESSION_CONTROL_REQ_V02
01-01 01:11:24.355  1176  1310 E LocSvc_IzatApiV02: E/setUserPref failed on handshake key 0, status = 0, ind..status = 1, send_failure_count = 4
01-01 01:11:24.355  1176  1310 E LocSvc_api_v02: I/---> locClientSendReq line 2020 QMI_LOC_SET_XTRA_T_SESSION_CONTROL_REQ_V02
01-01 01:11:24.357  1176  1313 E LocSvc_ApiV02: I/<--- void globalRespCb(locClientHandleType, uint32_t, locClientRespIndUnionType, void*) line 115 QMI_LOC_SET_XTRA_T_SESSION_CONTROL_REQ_V02
01-01 01:11:24.357  1176  1310 E LocSvc_IzatApiV02: E/setUserPref failed on handshake key 0, status = 0, ind..status = 1, send_failure_count = 5
01-01 01:11:24.357  1176  1310 E LocSvc_api_v02: I/---> locClientSendReq line 2020 QMI_LOC_SET_XTRA_T_SESSION_CONTROL_REQ_V02
01-01 01:11:24.360  1176  1313 E LocSvc_ApiV02: I/<--- void globalRespCb(locClientHandleType, uint32_t, locClientRespIndUnionType, void*) line 115 QMI_LOC_SET_XTRA_T_SESSION_CONTROL_REQ_V02
01-01 01:11:24.360  1176  1310 E LocSvc_IzatApiV02: E/setUserPref failed on handshake key 0, status = 0, ind..status = 1, send_failure_count = 6
01-01 01:11:24.360  1176  1310 E LocSvc_api_v02: I/---> locClientSendReq line 2020 QMI_LOC_SET_XTRA_T_SESSION_CONTROL_REQ_V02
01-01 01:11:24.366  1228  1228 D TelephonyProvider: dbh.onOpen: ok, queried table=siminfo
01-01 01:11:24.367  1176  1313 E LocSvc_ApiV02: I/<--- void globalRespCb(locClientHandleType, uint32_t, locClientRespIndUnionType, void*) line 115 QMI_LOC_SET_XTRA_T_SESSION_CONTROL_REQ_V02
01-01 01:11:24.367  1176  1310 E LocSvc_IzatApiV02: E/setUserPref failed on handshake key 0, status = 0, ind..status = 1, send_failure_count = 7
01-01 01:11:24.367  1176  1310 E LocSvc_api_v02: I/---> locClientSendReq line 2020 QMI_LOC_SET_XTRA_T_SESSION_CONTROL_REQ_V02
01-01 01:11:24.368   878   878 D PhoneStatusBar: disable: < EXPAND* icons alerts system_info BACK* HOME* RECENT* clock SEARCH* quick_settings >
01-01 01:11:24.370  1176  1313 E LocSvc_ApiV02: I/<--- void globalRespCb(locClientHandleType, uint32_t, locClientRespIndUnionType, void*) line 115 QMI_LOC_SET_XTRA_T_SESSION_CONTROL_REQ_V02
01-01 01:11:24.370  1228  1228 D TelephonyProvider: dbh.onOpen: ok, queried table=carriers
01-01 01:11:24.370  1176  1310 E LocSvc_IzatApiV02: E/setUserPref failed on handshake key 0, status = 0, ind..status = 1, send_failure_count = 8
01-01 01:11:24.370  1176  1310 E LocSvc_api_v02: I/---> locClientSendReq line 2020 QMI_LOC_SET_XTRA_T_SESSION_CONTROL_REQ_V02
01-01 01:11:24.372  1176  1313 E LocSvc_ApiV02: I/<--- void globalRespCb(locClientHandleType, uint32_t, locClientRespIndUnionType, void*) line 115 QMI_LOC_SET_XTRA_T_SESSION_CONTROL_REQ_V02
01-01 01:11:24.372  1176  1310 E LocSvc_IzatApiV02: E/setUserPref failed on handshake key 0, status = 0, ind..status = 1, send_failure_count = 9
01-01 01:11:24.372  1176  1310 E LocSvc_api_v02: I/---> locClientSendReq line 2020 QMI_LOC_SET_XTRA_T_SESSION_CONTROL_REQ_V02
01-01 01:11:24.372  1176  1313 E LocSvc_ApiV02: I/<--- void globalRespCb(locClientHandleType, uint32_t, locClientRespIndUnionType, void*) line 115 QMI_LOC_SET_XTRA_T_SESSION_CONTROL_REQ_V02
01-01 01:11:24.372  1176  1310 E LocSvc_IzatApiV02: E/setUserPref failed on handshake key 0, status = 0, ind..status = 1, send_failure_count = 10
01-01 01:11:24.373  1176  1310 E LocSvc_api_v02: I/---> locClientSendReq line 2020 QMI_LOC_SET_XTRA_T_SESSION_CONTROL_REQ_V02
01-01 01:11:24.375  1176  1313 E LocSvc_ApiV02: I/<--- void globalRespCb(locClientHandleType, uint32_t, locClientRespIndUnionType, void*) line 115 QMI_LOC_SET_XTRA_T_SESSION_CONTROL_REQ_V02
01-01 01:11:24.375  1176  1310 E LocSvc_IzatApiV02: E/setUserPref failed on handshake key 0, status = 0, ind..status = 1, send_failure_count = 11
01-01 01:11:24.375  1176  1310 E LocSvc_api_v02: I/---> locClientSendReq line 2020 QMI_LOC_SET_XTRA_T_SESSION_CONTROL_REQ_V02
01-01 01:11:24.376   315   756 I ConnectivityController: int ConnectivityController::QtiTetherCommand::stopV6Tethering()()
01-01 01:11:24.377  1176  1313 E LocSvc_ApiV02: I/<--- void globalRespCb(locClientHandleType, uint32_t, locClientRespIndUnionType, void*) line 115 QMI_LOC_SET_XTRA_T_SESSION_CONTROL_REQ_V02
01-01 01:11:24.377   315   756 W ConnectivityController: Ignoring stop of IPv6 Tethering since it's not started
01-01 01:11:24.377  1176  1310 E LocSvc_IzatApiV02: E/setUserPref failed on handshake key 0, status = 0, ind..status = 1, send_failure_count = 12
01-01 01:11:24.377  1176  1310 E LocSvc_api_v02: I/---> locClientSendReq line 2020 QMI_LOC_SET_XTRA_T_SESSION_CONTROL_REQ_V02
01-01 01:11:24.383  1176  1313 E LocSvc_ApiV02: I/<--- void globalRespCb(locClientHandleType, uint32_t, locClientRespIndUnionType, void*) line 115 QMI_LOC_SET_XTRA_T_SESSION_CONTROL_REQ_V02
01-01 01:11:24.383  1176  1310 E LocSvc_IzatApiV02: E/setUserPref failed on handshake key 0, status = 0, ind..status = 1, send_failure_count = 13
01-01 01:11:24.384  1176  1310 E LocSvc_api_v02: I/---> locClientSendReq line 2020 QMI_LOC_SET_XTRA_T_SESSION_CONTROL_REQ_V02
01-01 01:11:24.385  1176  1313 E LocSvc_ApiV02: I/<--- void globalRespCb(locClientHandleType, uint32_t, locClientRespIndUnionType, void*) line 115 QMI_LOC_SET_XTRA_T_SESSION_CONTROL_REQ_V02
01-01 01:11:24.387  1176  1310 E LocSvc_IzatApiV02: E/setUserPref failed on handshake key 0, status = 0, ind..status = 1, send_failure_count = 14
01-01 01:11:24.387  1176  1310 E LocSvc_api_v02: I/---> locClientSendReq line 2020 QMI_LOC_SET_XTRA_T_SESSION_CONTROL_REQ_V02
01-01 01:11:24.389  1176  1313 E LocSvc_ApiV02: I/<--- void globalRespCb(locClientHandleType, uint32_t, locClientRespIndUnionType, void*) line 115 QMI_LOC_SET_XTRA_T_SESSION_CONTROL_REQ_V02
01-01 01:11:24.389  1176  1310 E LocSvc_IzatApiV02: E/setUserPref failed on handshake key 0, status = 0, ind..status = 1, send_failure_count = 15
01-01 01:11:24.389  1176  1310 E LocSvc_api_v02: I/---> locClientSendReq line 2020 QMI_LOC_SET_XTRA_T_SESSION_CONTROL_REQ_V02
01-01 01:11:24.390  1176  1313 E LocSvc_ApiV02: I/<--- void globalRespCb(locClientHandleType, uint32_t, locClientRespIndUnionType, void*) line 115 QMI_LOC_SET_XTRA_T_SESSION_CONTROL_REQ_V02
01-01 01:11:24.391  1176  1310 E LocSvc_IzatApiV02: E/setUserPref failed on handshake key 0, status = 0, ind..status = 1, send_failure_count = 16
01-01 01:11:24.391  1176  1310 E LocSvc_api_v02: I/---> locClientSendReq line 2020 QMI_LOC_SET_XTRA_T_SESSION_CONTROL_REQ_V02
01-01 01:11:24.393  1176  1313 E LocSvc_ApiV02: I/<--- void globalRespCb(locClientHandleType, uint32_t, locClientRespIndUnionType, void*) line 115 QMI_LOC_SET_XTRA_T_SESSION_CONTROL_REQ_V02
01-01 01:11:24.393  1176  1310 E LocSvc_IzatApiV02: E/setUserPref failed on handshake key 0, status = 0, ind..status = 1, send_failure_count = 17
01-01 01:11:24.393  1176  1310 E LocSvc_api_v02: I/---> locClientSendReq line 2020 QMI_LOC_SET_XTRA_T_SESSION_CONTROL_REQ_V02
01-01 01:11:24.394  1176  1313 E LocSvc_ApiV02: I/<--- void globalRespCb(locClientHandleType, uint32_t, locClientRespIndUnionType, void*) line 115 QMI_LOC_SET_XTRA_T_SESSION_CONTROL_REQ_V02
01-01 01:11:24.394  1249  1249 D Launcher.LauncherProvider: 11683562 - initializeMaxScreenId(): 3
01-01 01:11:24.394  1176  1310 E LocSvc_IzatApiV02: E/setUserPref failed on handshake key 0, status = 0, ind..status = 1, send_failure_count = 18
01-01 01:11:24.394  1176  1310 E LocSvc_api_v02: I/---> locClientSendReq line 2020 QMI_LOC_SET_XTRA_T_SESSION_CONTROL_REQ_V02
01-01 01:11:24.398  1176  1313 E LocSvc_ApiV02: I/<--- void globalRespCb(locClientHandleType, uint32_t, locClientRespIndUnionType, void*) line 115 QMI_LOC_SET_XTRA_T_SESSION_CONTROL_REQ_V02
01-01 01:11:24.399  1176  1310 E LocSvc_IzatApiV02: E/setUserPref failed on handshake key 0, status = 0, ind..status = 1, send_failure_count = 19
01-01 01:11:24.399  1176  1310 E LocSvc_api_v02: I/---> locClientSendReq line 2020 QMI_LOC_SET_XTRA_T_SESSION_CONTROL_REQ_V02
01-01 01:11:24.399  1176  1313 E LocSvc_ApiV02: I/<--- void globalRespCb(locClientHandleType, uint32_t, locClientRespIndUnionType, void*) line 115 QMI_LOC_SET_XTRA_T_SESSION_CONTROL_REQ_V02
01-01 01:11:24.399  1176  1310 E LocSvc_IzatApiV02: E/setUserPref failed on handshake key 0, status = 0, ind..status = 1, send_failure_count = 20
01-01 01:11:24.401  1249  1249 V Launcher: LauncherAppState inited
01-01 01:11:24.406  1152  1281 I LatinIME:LogUtils: Dictionary info: dictionary = userunigram.en_US ; version = 4284 ; date = ?
01-01 01:11:24.406   757   757 I Telecom : ViceNotificationImpl: ViceNotificationImpl
01-01 01:11:24.427  1283  1283 W System  : ClassLoader referenced unknown path: /system/priv-app/DownloadProvider/lib/arm64
01-01 01:11:24.436   757   775 D BluetoothManagerService: Message: 30
01-01 01:11:24.443  1218  1218 I libQtiTether: getLibraryVersion called V1.1
01-01 01:11:24.443  1218  1218 I QtiTetherService/QmiNotifier: QmiNotifier created with library version V1.1
01-01 01:11:24.445  1218  1218 I QtiTetherService/FrameworkAmbassador: Adding system service: qtitetherservice
01-01 01:11:24.446  1218  1322 I QtiTetherService/QmiNotifier: Beginning runnable loop
01-01 01:11:24.447  1218  1322 I libQtiTether: InitNotifyCb()
01-01 01:11:24.447  1218  1322 I libQtiTether: getEvent()
01-01 01:11:24.447  1218  1322 D libQtiTether: getEvent() write=0 read=0
01-01 01:11:24.448  1218  1218 I QtiTetherService: Registered system service: qtitetherservice
01-01 01:11:24.452  1283  1283 W System  : ClassLoader referenced unknown path: /system/priv-app/MediaProvider/lib/arm64
01-01 01:11:24.463   757   757 I Telecom : Class: TelecomSystem.INSTANCE being set
01-01 01:11:24.464   757   757 W ContextImpl: Calling a method in the system process without a qualified user: android.app.ContextImpl.startService:1221 android.content.ContextWrapper.startService:581 com.android.server.telecom.components.TelecomService.initializeTelecomSystem:117 com.android.server.telecom.components.TelecomService.onBind:48 android.app.ActivityThread.handleBindService:2904 
01-01 01:11:24.478  1152  1281 I LatinIME:LogUtils: Dictionary info: dictionary = UserHistoryDictionary.en_US ; version = 4284 ; date = ?
01-01 01:11:24.508  1218  1218 I QtiTetherService: onStartCommand()
01-01 01:11:24.515  1249  1249 D Launcher.Model: Old launcher provider: content://com.android.launcher2.settings/favorites?notify=true
01-01 01:11:24.515  1249  1249 D Launcher.Model: Old launcher provider does not exist.
01-01 01:11:24.528   757   840 V KeyValueBackupJob: Scheduling k/v pass in 246 minutes
01-01 01:11:24.549   757   757 D GpsNetInitiatedHandler: location enabled :true
01-01 01:11:24.549   757   757 V WiredAccessoryManager: notifyWiredAccessoryChanged: when=0 bits= mask=54
01-01 01:11:24.550   757   757 V WiredAccessoryManager: newName=h2w newState=32 headsetState=32 prev headsetState=0
01-01 01:11:24.550   757   757 I WiredAccessoryManager: MSG_NEW_DEVICE_STATE
01-01 01:11:24.550   757   757 V WiredAccessoryManager: init()
01-01 01:11:24.553  1249  1249 W Launcher: setApplicationContext called twice! old=com.android.launcher3.LauncherApplication@477aaf5 new=com.android.launcher3.LauncherApplication@477aaf5
01-01 01:11:24.554   757   757 V WiredAccessoryManager: newName=hdmi_audio newState=48 headsetState=48 prev headsetState=32
01-01 01:11:24.554   757   757 I WiredAccessoryManager: MSG_NEW_DEVICE_STATE
01-01 01:11:24.572  1152  1281 I LatinIME:LogUtils: Dictionary info: dictionary = main:en ; version = 54 ; date = 1414726273
01-01 01:11:24.599   757  1149 E MMParserExtractor: FileSource::FILE_SOURCE_DATA_END 
01-01 01:11:24.600   269   781 D PermissionCache: checking android.permission.HARDWARE_TEST for uid=1000 => granted (510 us)
01-01 01:11:24.606   323   831 D audio_hw_primary: adev_set_mic_mute state 0
01-01 01:11:24.632   757  1149 I QComExtractorFactory: Sniff: Set key to use qti parser
01-01 01:11:24.633   321   925 D PRDrmPlugIn: PRDrmPlugin::onInitialize, uniqueId = 5547
01-01 01:11:24.633   321   925 D PRDrmPlugIn: PRDrmPlugin::onSetOnInfoListener: starts! uniqueId = 5547
01-01 01:11:24.634   321   925 D PRDrmPlugIn: PRDrmPlugin::onSetOnInfoListener: ends!
01-01 01:11:24.635   321   491 D PRDrmPlugIn: PRDrmPlugin::onTerminate, uniqueId = 5547
01-01 01:11:24.636   757  1149 I ExtendedExtractor: QTIParser is prefered
01-01 01:11:24.636   757  1149 I ExtendedExtractor: ExtendedExtractor::create 0x5578aff5e0
01-01 01:11:24.636   757  1149 I ExtendedExtractor: ExtendedExtractor::updateExtractor: Use default QTI parser 
01-01 01:11:24.636   757  1149 E MM_OSAL : FileSource::FileSource
01-01 01:11:24.636   757  1149 E MM_OSAL : FileSource::FileSource m_bEveryThingOK 1
01-01 01:11:24.636   757  1149 E MM_OSAL : MM_File_Create failed .Efs Error No -1 , File Name /data/mmosal_logmask.cfg , Mode 0
01-01 01:11:24.636   757  1149 E MM_OSAL : Open or read fail on /data/mmosal_logmask.cfg. Possible permission denied issue. Looking for /data/misc/media/mmosal_logmask.cfg
01-01 01:11:24.636   757  1149 E MM_OSAL : MM_File_Create failed .Efs Error No -1 , File Name /data/misc/media/mmosal_logmask.cfg , Mode 0
01-01 01:11:24.646   323   824 D audio_hw_primary: out_set_parameters: enter: usecase(0: deep-buffer-playback) kvpairs: fm_volume=0.4253543019
01-01 01:11:24.646   323   824 D audio_hw_extn: audio_extn_set_anc_parameters: anc_enabled:0
01-01 01:11:24.646   323   824 D audio_hw_fm: audio_extn_fm_set_parameters: set_fm_volume usecase
01-01 01:11:24.647   323   824 D audio_hw_fm: fm_set_volume: (0.425354)
01-01 01:11:24.650   757  1356 I OMXClient: Using client-side OMX mux.
01-01 01:11:24.667   323   824 D audio_hw_primary: out_set_parameters: enter: usecase(0: deep-buffer-playback) kvpairs: fm_volume=0.4253543019
01-01 01:11:24.667   323   824 D audio_hw_extn: audio_extn_set_anc_parameters: anc_enabled:0
01-01 01:11:24.667   323   824 D audio_hw_fm: audio_extn_fm_set_parameters: set_fm_volume usecase
01-01 01:11:24.667   323   824 D audio_hw_fm: fm_set_volume: (0.425354)
01-01 01:11:24.681  1249  1258 W CursorWrapperInner: Cursor finalized without prior close()
01-01 01:11:24.692   757   757 V BackupManagerService: Connected to transport ComponentInfo{android/com.android.internal.backup.LocalTransportService}
01-01 01:11:24.693   757   757 V BackupManagerService: Registering transport android/com.android.internal.backup.LocalTransportService::android/com.android.internal.backup.LocalTransport = android.app.backup.BackupTransport$TransportImpl@5d2e3a2
01-01 01:11:24.763   757   757 V WiredAccessoryManager: headsetName:  connected
01-01 01:11:24.771   757   757 V WiredAccessoryManager: headsetName:  connected
01-01 01:11:24.849   757  1149 E MMParserExtractor: FileSource::FILE_SOURCE_DATA_END 
01-01 01:11:24.871   323   824 D audio_hw_primary: out_set_parameters: enter: usecase(0: deep-buffer-playback) kvpairs: fm_volume=0.4253543019
01-01 01:11:24.872   323   824 D audio_hw_extn: audio_extn_set_anc_parameters: anc_enabled:0
01-01 01:11:24.872   323   824 D audio_hw_fm: audio_extn_fm_set_parameters: set_fm_volume usecase
01-01 01:11:24.872   323   824 D audio_hw_fm: fm_set_volume: (0.425354)
01-01 01:11:24.875   323   832 D AudioPolicyManagerCustom: setDeviceConnectionState() could not find HW module for device 00020000
01-01 01:11:24.875   757   819 E AudioService: not connecting device 0x20000 due to command error 1
01-01 01:11:24.876   323   323 I AudioFlinger: openOutput(), module 1 Device 400, SamplingRate 8000, Format 0x1000000, Channels 1, flags 31
01-01 01:11:24.876   323   323 D audio_hw_primary: adev_open_output_stream: enter: sample_rate(8000) channel_mask(0x1) devices(0x400) flags(0x31)        stream_handle(0xaac90110)
01-01 01:11:24.877   323   323 W audio_hw_utils: audio_extn_utils_update_stream_app_type_cfg: App type could not be selected. Falling back to default
01-01 01:11:24.877   323   323 D audio_hw_primary: adev_open_output_stream: Stream (0xaac90110) picks up usecase (compress-offload-playback)
01-01 01:11:24.877   323   323 I AudioFlinger: AudioStreamOut::open(), mHalFormatIsLinearPcm = 0
01-01 01:11:24.877   323   323 I AudioFlinger: HAL output buffer size 65536 frames, normal sink buffer size 65536 frames
01-01 01:11:24.878   323   821 V SRS_Proc: ParamSet string: connect=1024
01-01 01:11:24.878   323   821 D audio_hw_primary: adev_set_parameters: enter: connect=1024
01-01 01:11:24.878   323   821 D audio_hw_extn: audio_extn_set_anc_parameters: anc_enabled:0
01-01 01:11:24.878   323   821 E bt_a2dp_hw: adev_set_parameters: ERROR: set param called even when stream out is null
01-01 01:11:24.878   323  1384 I AudioFlinger: AudioFlinger's thread 0xaacc4830 ready to run
01-01 01:11:24.880   323  1384 V SRS_Proc: ParamSet string: bluetooth_enabled=0
01-01 01:11:24.880   323  1384 V SRS_ProcWS: SRS_Processing - SourceOutAdd - No Available Slot for 0xaacc4830
01-01 01:11:24.880   323  1384 D audio_hw_primary: out_set_parameters: enter: usecase(3: compress-offload-playback) kvpairs: closing=true
01-01 01:11:24.881   323   323 D audio_hw_primary: out_set_parameters: enter: usecase(3: compress-offload-playback) kvpairs: exiting=1
01-01 01:11:24.882   757   771 I ActivityManager: Start proc 1385:com.caf.fmradio/1000 for broadcast com.caf.fmradio/.FMMediaButtonIntentReceiver
01-01 01:11:24.883   323  1384 V SRS_ProcWS: SRS_Processing - SourceOutDel - Source Not Located 0xaacc4830
01-01 01:11:24.883   323  1384 V SRS_ProcWS: SRS_Processing - SourceOutDel - Source Not Deleted 0xaacc4830
01-01 01:11:24.883   323   323 D audio_hw_primary: adev_close_output_stream: enter:stream_handle(0xaac90110)
01-01 01:11:24.884   323   323 D audio_hw_primary: out_standby: enter: stream (0xaac90110) usecase(3: compress-offload-playback)
01-01 01:11:24.884   323  1382 E audio_hw_primary: offload_thread_loop: Compress handle is NULL
01-01 01:11:24.892   323   824 D audio_hw_primary: out_set_parameters: enter: usecase(0: deep-buffer-playback) kvpairs: routing=0
01-01 01:11:24.893   323   824 D audio_hw_extn: audio_extn_set_anc_parameters: anc_enabled:0
01-01 01:11:24.903   323   824 D audio_hw_primary: out_set_parameters: enter: usecase(0: deep-buffer-playback) kvpairs: fm_volume=0.4253543019
01-01 01:11:24.903   323   824 D audio_hw_extn: audio_extn_set_anc_parameters: anc_enabled:0
01-01 01:11:24.903   323   824 D audio_hw_fm: audio_extn_fm_set_parameters: set_fm_volume usecase
01-01 01:11:24.903   323   824 D audio_hw_fm: fm_set_volume: (0.425354)
01-01 01:11:24.907   323   826 D audio_hw_primary: out_set_parameters: enter: usecase(1: low-latency-playback) kvpairs: routing=0
01-01 01:11:24.910   757   769 I ActivityManager: Start proc 1397:com.android.smspush/u0a57 for service com.android.smspush/.WapPushManager
01-01 01:11:24.946  1249  1249 W System  : ClassLoader referenced unknown path: /system/framework/QPerformance.jar
01-01 01:11:24.948  1249  1249 E BoostFramework: BoostFramework() : Exception_1 = java.lang.ClassNotFoundException: Didn't find class "com.qualcomm.qti.Performance" on path: DexPathList[[],nativeLibraryDirectories=[/vendor/lib64, /system/lib64]]
01-01 01:11:24.948  1249  1249 V BoostFramework: BoostFramework() : mPerf = null
01-01 01:11:24.949  1249  1249 W System  : ClassLoader referenced unknown path: /system/framework/QPerformance.jar
01-01 01:11:24.950  1249  1249 E BoostFramework: BoostFramework() : Exception_1 = java.lang.ClassNotFoundException: Didn't find class "com.qualcomm.qti.Performance" on path: DexPathList[[],nativeLibraryDirectories=[/vendor/lib64, /system/lib64]]
01-01 01:11:24.950  1249  1249 V BoostFramework: BoostFramework() : mPerf = null
01-01 01:11:24.962  1385  1385 D FMAdapterApp: Loading FM-JNI Library
01-01 01:11:24.974  1385  1385 E android_hardware_fm: FM : loading QCOMM FM-JNI
01-01 01:11:24.975   757   770 D GpsLocationProvider: received SIM related action: 
01-01 01:11:24.978  1385  1385 D FMAdapterApp: REFCOUNT: Constructed com.caf.fmradio.FMAdapterApp@8fea400 Instance Count = 1
01-01 01:11:24.980  1385  1385 D FMMediaButtonIntentReceiver: ACTION_AUDIO_BECOMING_NOISY intent received for ACTION_HEADSET_PLUG
01-01 01:11:24.980  1385  1385 W ContextImpl: Calling a method in the system process without a qualified user: android.app.ContextImpl.sendBroadcast:763 android.content.ContextWrapper.sendBroadcast:396 android.content.ContextWrapper.sendBroadcast:396 com.caf.fmradio.FMMediaButtonIntentReceiver.onReceive:55 android.app.ActivityThread.handleReceiver:2725 
01-01 01:11:25.000  1228  1228 D QC_RIL_OEM_HOOK: Starting QcrilMsgTunnel Service
01-01 01:11:25.000  1228  1413 D MmsSmsDatabaseHelper: Skipping upgrade/Upgrade already Done
01-01 01:11:25.003   757   769 I ActivityManager: Start proc 1420:com.android.music/u0a43 for broadcast com.android.music/.MediaButtonIntentReceiver
01-01 01:11:25.014   757   770 D GpsLocationProvider: SIM MCC/MNC is still not available
01-01 01:11:25.019   757  1224 W ActivityManager: Unable to start service Intent { cmp=com.qualcomm.qcrilmsgtunnel/.QcrilMsgTunnelService } U=0: not found
01-01 01:11:25.023   757  1247 W ActivityManager: Unable to start service Intent { cmp=com.qualcomm.qcrilmsgtunnel/.QcrilMsgTunnelService } U=0: not found
01-01 01:11:25.024  1228  1228 D QC_RIL_OEM_HOOK: The QcrilMsgTunnelService will be connected soon 
01-01 01:11:25.025  1228  1228 D QC_RIL_OEM_HOOK: Registering for intent ACTION_UNSOL_RESPONSE_OEM_HOOK_RAW
01-01 01:11:25.045  1397  1397 W System  : ClassLoader referenced unknown path: /system/app/WAPPushManager/lib/arm64
01-01 01:11:25.049  1228  1429 E DcSwitchStateMachine-0: DctController is not ready
01-01 01:11:25.052   757   814 E ConnectivityService: Failed to find Messenger in unregisterNetworkFactory
01-01 01:11:25.061   757   814 D ConnectivityService: Got NetworkFactory Messenger for Telephony
01-01 01:11:25.077  1249  1249 E AppsCustomizePagedView: Create Res Apk Failed
01-01 01:11:25.077   878   878 I Choreographer: Skipped 33 frames!  The application may be doing too much work on its main thread.
01-01 01:11:25.094  1249  1249 W System  : ClassLoader referenced unknown path: /system/framework/QPerformance.jar
01-01 01:11:25.094  1283  1283 D MediaScannerReceiver: action: android.intent.action.MEDIA_MOUNTED path: /storage/emulated/0
01-01 01:11:25.095  1249  1249 E BoostFramework: BoostFramework() : Exception_1 = java.lang.ClassNotFoundException: Didn't find class "com.qualcomm.qti.Performance" on path: DexPathList[[],nativeLibraryDirectories=[/vendor/lib64, /system/lib64]]
01-01 01:11:25.095  1249  1249 V BoostFramework: BoostFramework() : mPerf = null
01-01 01:11:25.100  1249  1249 W System  : ClassLoader referenced unknown path: /system/framework/QPerformance.jar
01-01 01:11:25.101  1249  1249 E BoostFramework: BoostFramework() : Exception_1 = java.lang.ClassNotFoundException: Didn't find class "com.qualcomm.qti.Performance" on path: DexPathList[[],nativeLibraryDirectories=[/vendor/lib64, /system/lib64]]
01-01 01:11:25.101  1249  1249 V BoostFramework: BoostFramework() : mPerf = null
01-01 01:11:25.112  1420  1420 W System  : ClassLoader referenced unknown path: /system/app/Music/lib/arm64
01-01 01:11:25.150   757   757 I ActivityManager: Start proc 1441:com.android.deskclock/u0a30 for broadcast com.android.deskclock/com.android.alarmclock.AnalogAppWidgetProvider
01-01 01:11:25.183  1228  1228 E QtiRilInterface: instance = com.qti.internal.telephony.QtiRilInterface@eee56d
01-01 01:11:25.183  1249  1249 D LocaleSetManager: Locale Changed from: null to en-US
01-01 01:11:25.190  1249  1249 I LauncherLocale: AddressBook Labels [en-US]: [, A, B, C, D, E, F, G, H, I, J, K, L, M, N, O, P, Q, R, S, T, U, V, W, X, Y, Z, , , , , , , , , , , , , , , , , , , , , , , , , , , , , , , , , , , , , , , , , , , , , , , , , , , , , , , , , , , , , , , , , , , , , , , , , , , , , , , , , , , , , , , , , , , , , , , , , , , , , , , , , , , , , , , , , , , , , , , , , , , , , , , , , , , , , , , , , , , , , , , , , , , , , , , , , , , , , , , , , , , , , , , , , , , , , , , , , , , , , , , , , , , #, ]
01-01 01:11:25.223  1249  1329 D Launcher.Model: 11683562 - loadWorkspace()
01-01 01:11:25.226  1249  1329 D Launcher.Model: 11683562 -   loadedOldDb: false
01-01 01:11:25.236  1249  1329 W Launcher: setApplicationContext called twice! old=com.android.launcher3.LauncherApplication@477aaf5 new=com.android.launcher3.LauncherApplication@477aaf5
01-01 01:11:25.244  1228  1228 D CarrierConfigLoader: CarrierConfigLoader has started
01-01 01:11:25.252   757   775 D BluetoothManagerService: Message: 20
01-01 01:11:25.252   757   775 D BluetoothManagerService: Added callback: android.bluetooth.IBluetoothManagerCallback$Stub$Proxy@bfb6247:true
01-01 01:11:25.253   757   775 D BluetoothManagerService: Message: 30
01-01 01:11:25.257  1441  1441 W System  : ClassLoader referenced unknown path: /system/app/DeskClock/lib/arm64
01-01 01:11:25.276  1191  1291 D ConnectivityManager: getMobileDataEnabled()+ subId=-1
01-01 01:11:25.277  1228  1246 D PhoneInterfaceManager: [PhoneIntfMgr] getDataEnabled: subId=-1 phoneId=-1
01-01 01:11:25.277  1228  1246 E PhoneInterfaceManager: [PhoneIntfMgr] getDataEnabled: no phone subId=-1 retVal=false
01-01 01:11:25.277  1191  1291 D ConnectivityManager: getMobileDataEnabled()- subId=-1 retVal=false
01-01 01:11:25.279  1191  1291 E QCNEJ   : |CORE| Feature WQE is not enabled
01-01 01:11:25.282   878   878 W PathParser: Points are too far apart 4.030360828967057
01-01 01:11:25.283   878   878 W PathParser: Points are too far apart 4.030360538880159
01-01 01:11:25.284  1228  1245 D PhoneInterfaceManager: [PhoneIntfMgr] getDataEnabled: subId=-1 phoneId=-1
01-01 01:11:25.284  1228  1245 E PhoneInterfaceManager: [PhoneIntfMgr] getDataEnabled: no phone subId=-1 retVal=false
01-01 01:11:25.299  1420  1420 E ExtMediaPlayer-JNI: env->IsInstanceOf fails
01-01 01:11:25.299  1420  1420 E MediaPlayer-JNI: JNIMediaPlayerFactory: bIsQCMediaPlayerPresent 0
01-01 01:11:25.299  1420  1420 E ExtMediaPlayer-JNI: env->IsInstanceOf fails
01-01 01:11:25.299  1420  1420 E MediaPlayer-JNI: JNIMediaPlayerFactory: bIsQCMediaPlayerPresent 0
01-01 01:11:25.310  1420  1420 D RemoteControlClient: setBrowsedPlayerUpdateListener
01-01 01:11:25.310  1420  1420 D RemoteControlClient: setPlayItemListener
01-01 01:11:25.311  1420  1420 D RemoteControlClient: setNowPlayingEntriesUpdateListener
01-01 01:11:25.314  1420  1420 E RemoteControlClient: updateNowPlayingContentChange
01-01 01:11:25.314  1420  1420 D RemoteControlClient: updateNowPlayingContentChangeInt
01-01 01:11:25.314  1420  1420 D MediaSession: MediaSession: updateNowPlayingContentChange
01-01 01:11:25.315   757  1224 D MediaSessionRecord: SessionStub: updateNowPlayingContentChange
01-01 01:11:25.315   757   757 D MediaSessionRecord: pushNowPlayingContentChange
01-01 01:11:25.315   878  1072 D MediaController: CallBackStub: onUpdateNowPlayingContentChange
01-01 01:11:25.327  1228  1228 I Telephony: TtyManager: updateUiTtyMode -1 -> 0
01-01 01:11:25.339  1249  1249 D Launcher: Broadcasting Home Idle Screen Intent ...
01-01 01:11:25.354  1249  1464 D OpenGLRenderer: Use EGL_SWAP_BEHAVIOR_PRESERVED: true
01-01 01:11:25.370   757   770 D GpsLocationProvider: received SIM related action: 
01-01 01:11:25.380   757   768 I ActivityManager: Start proc 1466:com.android.settings/1000 for broadcast com.android.settings/.sim.SimSelectNotification
01-01 01:11:25.388  1249  1329 D Launcher.Model: 11683562 - loadWorkspaceScreensDb()
01-01 01:11:25.388  1249  1329 D Launcher.Model: 11683562 -   screens: { 0: 2 }, { 1: 3 }
01-01 01:11:25.388  1249  1329 D Launcher.Model: 11683562 -   sBgWorkspaceScreens: 2, 3
01-01 01:11:25.388  1249  1329 D Launcher.Model: 11683562 - updateWorkspaceScreenOrder()
01-01 01:11:25.388  1249  1329 D Launcher.Model: 11683562 -   screens: 2, 3
01-01 01:11:25.392   757   770 D GpsLocationProvider: SIM MCC/MNC is still not available
01-01 01:11:25.397   757  1224 W BackupManagerService: dataChanged but no participant pkg='com.android.launcher3' uid=10019
01-01 01:11:25.401   757  1224 W BackupManagerService: dataChanged but no participant pkg='com.android.launcher3' uid=10019
01-01 01:11:25.404   757  1224 W BackupManagerService: dataChanged but no participant pkg='com.android.launcher3' uid=10019
01-01 01:11:25.432   323   830 I ExtendedUtils: printFileName fd(39) -> /data/media/0/Download/video.mp4
01-01 01:11:25.461  1466  1466 W System  : ClassLoader referenced unknown path: /system/priv-app/Settings/lib/arm64
01-01 01:11:25.468   323   830 E WVMExtractor: Failed to open libwvm.so: dlopen failed: library "libwvm.so" not found
01-01 01:11:25.489  1249  1464 I Adreno-EGL: <qeglDrvAPI_eglInitialize:379>: EGL 1.4 QUALCOMM build: AU_LINUX_ANDROID_LA.BR.1.2.7_RB1.06.00.01.208.010_msm8916_64_refs/tags/AU_LINUX_ANDROID_LA.BR.1.2.7_RB1.06.00.01.208.010__release_AU (I3f4bae6ca5)
01-01 01:11:25.489  1249  1464 I Adreno-EGL: OpenGL ES Shader Compiler Version: XE031.06.00.05
01-01 01:11:25.489  1249  1464 I Adreno-EGL: Build Date: 04/29/16 Fri
01-01 01:11:25.489  1249  1464 I Adreno-EGL: Local Branch: 
01-01 01:11:25.489  1249  1464 I Adreno-EGL: Remote Branch: refs/tags/AU_LINUX_ANDROID_LA.BR.1.2.7_RB1.06.00.01.208.010
01-01 01:11:25.489  1249  1464 I Adreno-EGL: Local Patches: NONE
01-01 01:11:25.489  1249  1464 I Adreno-EGL: Reconstruct Branch: NOTHING
01-01 01:11:25.495  1249  1464 I OpenGLRenderer: Initialized EGL, version 1.4
01-01 01:11:25.517   323   830 I QComExtractorFactory: Sniff: Set key to use qti parser
01-01 01:11:25.519   321   491 D PRDrmPlugIn: PRDrmPlugin::onInitialize, uniqueId = 5757
01-01 01:11:25.519   321   491 D PRDrmPlugIn: PRDrmPlugin::onSetOnInfoListener: starts! uniqueId = 5757
01-01 01:11:25.519   321   491 D PRDrmPlugIn: PRDrmPlugin::onSetOnInfoListener: ends!
01-01 01:11:25.538   321   926 D PRDrmPlugIn: PRDrmPlugin::onTerminate, uniqueId = 5757
01-01 01:11:25.543   323   830 I ExtendedExtractor: QTIParser is prefered
01-01 01:11:25.543   323   830 I ExtendedExtractor: ExtendedExtractor::create 0xaacc6710
01-01 01:11:25.543   323   830 I ExtendedExtractor: ExtendedExtractor::updateExtractor: Use default QTI parser 
01-01 01:11:25.548   323   832 E MM_OSAL : FileSource::FileSource
01-01 01:11:25.548   323   832 E MM_OSAL : FileSource::FileSource m_bEveryThingOK 1
01-01 01:11:25.548   323   832 E MM_OSAL : MM_File_Create failed .Efs Error No -1 , File Name /data/mmosal_logmask.cfg , Mode 0
01-01 01:11:25.548   323   832 E MM_OSAL : Open or read fail on /data/mmosal_logmask.cfg. Possible permission denied issue. Looking for /data/misc/media/mmosal_logmask.cfg
01-01 01:11:25.550   323   832 E MM_OSAL : MM_File_Create failed .Efs Error No -1 , File Name /data/misc/media/mmosal_logmask.cfg , Mode 0
01-01 01:11:25.563  1466  1466 D SimSelectNotification:  no of slots 1 provision = false
01-01 01:11:25.608   757   776 I ActivityManager: Displayed com.android.launcher3/.Launcher: +1s613ms
01-01 01:11:25.627  1249  1249 D Launcher: 11683562 - bindAddScreens()
01-01 01:11:25.627  1249  1249 D Launcher: 11683562 -   orderedScreenIds: 2, 3
01-01 01:11:25.627  1249  1249 D Launcher.Workspace: 11683562 - insertNewWorkspaceScreen(): 2 at index: 0
01-01 01:11:25.657  1249  1249 D Launcher.Workspace: 11683562 - insertNewWorkspaceScreen(): 3 at index: 1
01-01 01:11:25.690   323   323 I ExtendedUtils: printFileName fd(39) -> /data/media/0/Download/ChillingMusic.wav
01-01 01:11:25.711  1228  1228 D TelephonyDebugService: TelephonyDebugService()
