01-01 01:12:29.323   323  1957 I AudioSink: callbackwrapper: EVENT_UNDERRUN (discarded)
01-01 01:12:29.328   323  1960 D audio_hw_primary: copl(0xaad18388): writing buffer (24242 bytes) to compress device
01-01 01:12:29.334   323  1957 I AudioSink: callbackwrapper: EVENT_UNDERRUN (discarded)
01-01 01:12:29.339   323  1960 D audio_hw_primary: copl(0xaad18388): writing buffer (24242 bytes) to compress device
01-01 01:12:29.345   323  1957 I AudioSink: callbackwrapper: EVENT_UNDERRUN (discarded)
01-01 01:12:29.350   757   776 I ActivityManager: Displayed com.android.music/.AudioPreview: +677ms
01-01 01:12:29.351   323  1960 D audio_hw_primary: copl(0xaad18388): writing buffer (24241 bytes) to compress device
01-01 01:12:29.356   323  1957 I AudioSink: callbackwrapper: EVENT_UNDERRUN (discarded)
01-01 01:12:29.363   323  1960 D audio_hw_primary: copl(0xaad18388): writing buffer (48483 bytes) to compress device
01-01 01:12:29.363   323  1960 D audio_hw_primary: No space available in compress driver, post msg to cb thread
01-01 01:12:29.364   323  1958 D audio_hw_primary: copl(0xaad18388):calling compress_wait
01-01 01:12:29.368   323  1957 I AudioSink: callbackwrapper: EVENT_UNDERRUN (discarded)
01-01 01:12:30.773   323   323 D NuPlayerDriver: seekTo(0xaac89fa0) 69090 ms
01-01 01:12:30.773   323   323 D NuPlayerDriver: notifyListener_l(0xaac89fa0), (7, 0, 0)
01-01 01:12:30.778   323  1960 D audio_hw_primary: copl(0xaad18388):pause compress driver
01-01 01:12:30.778   323  1960 D audio_hw_primary: copl(0xaad18388):calling compress flush
01-01 01:12:30.783   323  1950 D NuPlayerDriver: notifyListener_l(0xaac89fa0), (4, 0, 0)
01-01 01:12:30.835   323  1958 D audio_hw_primary: copl(0xaad18388):out of compress_wait
01-01 01:12:30.835   323  1960 D audio_hw_primary: copl(0xaad18388):out of compress flush
01-01 01:12:30.857   323  1950 D NuPlayerDriver: notifyListener_l(0xaac89fa0), (6, 0, 0)
01-01 01:12:30.858   323  1957 I AudioSink: callbackwrapper: EVENT_UNDERRUN (discarded)
01-01 01:12:30.867   323  1960 D audio_hw_primary: copl(0xaad18388): writing buffer (65536 bytes) to compress device
01-01 01:12:30.867   323  1960 D audio_hw_primary: copl(0xaad18388):send new gapless metadata
01-01 01:12:30.870   323  1960 D audio_hw_primary: copl(0xaad18388): writing buffer (65536 bytes) to compress device
01-01 01:12:30.872   323  1960 D audio_hw_primary: copl(0xaad18388): writing buffer (62861 bytes) to compress device
01-01 01:12:30.882   323  1957 I AudioSink: callbackwrapper: EVENT_UNDERRUN (discarded)
01-01 01:12:30.884   323  1960 D audio_hw_primary: copl(0xaad18388): writing buffer (24241 bytes) to compress device
01-01 01:12:30.894   323  1957 I AudioSink: callbackwrapper: EVENT_UNDERRUN (discarded)
01-01 01:12:30.896   323  1960 D audio_hw_primary: copl(0xaad18388): writing buffer (48484 bytes) to compress device
01-01 01:12:30.896   323  1960 D audio_hw_primary: No space available in compress driver, post msg to cb thread
01-01 01:12:30.896   323  1958 D audio_hw_primary: copl(0xaad18388):calling compress_wait
01-01 01:12:30.905   323  1957 I AudioSink: callbackwrapper: EVENT_UNDERRUN (discarded)
01-01 01:12:31.769   323   826 D audio_hw_primary: out_standby: enter: stream (0xaac8ae08) usecase(1: low-latency-playback)
01-01 01:12:31.787   323   826 D audio_hw_primary: disable_audio_route: reset and update mixer path: low-latency-playback hdmi
01-01 01:12:31.788   323   826 D soundtrigger: audio_extn_sound_trigger_update_stream_status: uc_id 1 of type 0 for Event 2, with Raise=0
01-01 01:12:31.788   323   826 D hardware_info: hw_info_append_hw_type : device_name = hdmi
01-01 01:12:31.789   323   826 D audio_hw_primary: check_and_set_hdmi_channels: Requested channels are same as current channels(2)
01-01 01:12:32.155  1967  1967 F libc    : page record for 0xf73f802c was not found (block_size=16)
01-01 01:12:32.397   323   826 D audio_hw_primary: out_set_parameters: enter: usecase(1: low-latency-playback) kvpairs: routing=1024
01-01 01:12:32.400   323   323 D NuPlayerDriver: notifyListener_l(0xaac89fa0), (7, 0, 0)
01-01 01:12:32.402   323  1960 D audio_hw_primary: copl(0xaad18388):pause compress driver
01-01 01:12:32.408   323   826 D audio_hw_primary: start_output_stream: enter: stream(0xaac8ae08)usecase(1: low-latency-playback) devices(0x400)
01-01 01:12:32.408   323   826 D audio_hw_primary: check_and_set_hdmi_channels: Requested channels are same as current channels(2)
01-01 01:12:32.408   323   826 D audio_hw_primary: select_devices: out_snd_device(11: hdmi) in_snd_device(0: )
01-01 01:12:32.408   323   826 D hardware_info: hw_info_append_hw_type : device_name = hdmi
01-01 01:12:32.408   323   826 W audio_hw_utils: audio_extn_utils_update_stream_app_type_cfg: App type could not be selected. Falling back to default
01-01 01:12:32.408   323   826 I audio_hw_primary: select_devices Selected apptype: 69936
01-01 01:12:32.408   323   826 E audio_hw_dolby: audio_extn_dolby_ds2_set_endpoint: Dolby set endpint :0x400
01-01 01:12:32.408   323   826 D soundtrigger: audio_extn_sound_trigger_update_stream_status: uc_id 1 of type 0 for Event 3, with Raise=0
01-01 01:12:32.408   323   826 D ACDB-LOADER: ACDB -> send_audio_cal, acdb_id = 18, path =  0
01-01 01:12:32.408   323   826 D ACDB-LOADER: ACDB -> send_asm_topology
01-01 01:12:32.408   323   826 D ACDB-LOADER: ACDB -> ACDB_CMD_GET_AUDPROC_STREAM_TOPOLOGY_ID
01-01 01:12:32.408   323   826 D ACDB-LOADER: ACDB -> send_adm_topology
01-01 01:12:32.408   323   826 D ACDB-LOADER: ACDB -> ACDB_CMD_GET_AUDPROC_COMMON_TOPOLOGY_ID
01-01 01:12:32.409   323   826 D ACDB-LOADER: ACDB -> send_audtable
01-01 01:12:32.409   323   826 D ACDB-LOADER: ACDB -> ACDB_CMD_GET_AUDPROC_COMMON_TABLE_SIZE
01-01 01:12:32.409   323   826 D ACDB-LOADER: ACDB -> ACDB_CMD_GET_AUDPROC_COMMON_TABLE
01-01 01:12:32.409   323   826 D ACDB-LOADER: ACDB -> AUDIO_SET_AUDPROC_CAL
01-01 01:12:32.409   323   826 D ACDB-LOADER: ACDB -> send_audvoltable
01-01 01:12:32.409   323   826 D ACDB-LOADER: ACDB -> ACDB_CMD_GET_AUDPROC_GAIN_DEP_STEP_TABLE
01-01 01:12:32.409   323   826 D         : Failed to fetch the lookup information of the device 00000012 
01-01 01:12:32.409   323   826 E ACDB-LOADER: Error: ACDB AudProc vol returned = -19
01-01 01:12:32.409   323   826 D ACDB-LOADER: ACDB -> AUDIO_SET_AUDPROC_VOL_CAL
01-01 01:12:32.409   323   826 D ACDB-LOADER: ACDB -> send_afe_cal
01-01 01:12:32.409   323   826 D ACDB-LOADER: ACDB -> ACDB_CMD_GET_AFE_COMMON_TABLE
01-01 01:12:32.409   323   826 D         : Failed to fetch the lookup information of the device 00000012 
01-01 01:12:32.409   323   826 E ACDB-LOADER: Error: ACDB AFE returned = -19
01-01 01:12:32.409   323   826 D ACDB-LOADER: ACDB -> AUDIO_SET_AFE_CAL
01-01 01:12:32.409   323   826 D ACDB-LOADER: ACDB -> send_hw_delay : acdb_id = 18 path = 0
01-01 01:12:32.409   323   826 D ACDB-LOADER: ACDB -> ACDB_AVSYNC_INFO: ACDB_CMD_GET_DEVICE_PROPERTY
01-01 01:12:32.410   323   826 I audio_hw_utils: audio_extn_utils_send_app_type_cfg app_type 69936, acdb_dev_id 18, sample_rate 48000
01-01 01:12:32.410   323   826 D audio_hw_primary: enable_audio_route: apply mixer and update path: low-latency-playback hdmi
01-01 01:12:32.413   323   826 D audio_hw_primary: select_devices: done
01-01 01:12:32.429   323   826 D audio_hw_primary: start_output_stream: exit
01-01 01:12:32.456   323   826 D AudioFlinger: mixer(0xf3dcd008) throttle end: throttle time(10)
01-01 01:12:32.599   323   826 D audio_hw_primary: out_set_parameters: enter: usecase(1: low-latency-playback) kvpairs: routing=1024
01-01 01:12:35.585   323   826 D audio_hw_primary: out_standby: enter: stream (0xaac8ae08) usecase(1: low-latency-playback)
01-01 01:12:35.603   323   826 D audio_hw_primary: disable_audio_route: reset and update mixer path: low-latency-playback hdmi
01-01 01:12:35.605   323   826 D soundtrigger: audio_extn_sound_trigger_update_stream_status: uc_id 1 of type 0 for Event 2, with Raise=0
01-01 01:12:35.605   323   826 D hardware_info: hw_info_append_hw_type : device_name = hdmi
01-01 01:12:35.605   323   826 D audio_hw_primary: check_and_set_hdmi_channels: Requested channels are same as current channels(2)
01-01 01:12:37.187  1968  1968 F libc    : page record for 0xf708602c was not found (block_size=16)
01-01 01:12:38.880   323   323 D NuPlayerDriver: reset(0xaac89fa0)
01-01 01:12:38.880   323   323 D NuPlayerDriver: notifyListener_l(0xaac89fa0), (8, 0, 0)
01-01 01:12:38.883   323  1960 D audio_hw_primary: out_set_parameters: enter: usecase(3: compress-offload-playback) kvpairs: routing=0
01-01 01:12:38.883   323  1960 D audio_hw_primary: select_devices: out_snd_device(2: speaker) in_snd_device(0: )
01-01 01:12:38.883   323  1960 D audio_hw_primary: disable_audio_route: reset and update mixer path: compress-offload-playback hdmi
01-01 01:12:38.888   323  1950 D NuPlayerDriver: notifyResetComplete(0xaac89fa0)
01-01 01:12:38.893   323  1960 D soundtrigger: audio_extn_sound_trigger_update_stream_status: uc_id 3 of type 0 for Event 2, with Raise=1
01-01 01:12:38.893   323  1960 D hardware_info: hw_info_append_hw_type : device_name = hdmi
01-01 01:12:38.893   323  1960 D audio_hw_primary: disable_snd_device: snd_device(11: hdmi)
01-01 01:12:38.895   323  1960 I soundtrigger: audio_extn_sound_trigger_update_device_status: device 0xb of type 0 for Event 0, with Raise=0
01-01 01:12:38.896   323  1960 D hardware_info: hw_info_append_hw_type : device_name = speaker
01-01 01:12:38.896   323  1960 D audio_hw_primary: enable_snd_device: snd_device(2: speaker)
01-01 01:12:38.896   323  1960 I soundtrigger: audio_extn_sound_trigger_update_device_status: device 0x2 of type 0 for Event 1, with Raise=0
01-01 01:12:38.904   323  1960 W audio_hw_utils: audio_extn_utils_update_stream_app_type_cfg: App type could not be selected. Falling back to default
01-01 01:12:38.904   323  1960 I audio_hw_primary: select_devices Selected apptype: 69936
01-01 01:12:38.904   323  1960 E audio_hw_dolby: audio_extn_dolby_ds2_set_endpoint: Dolby set endpint :0x2
01-01 01:12:38.904   323  1960 D soundtrigger: audio_extn_sound_trigger_update_stream_status: uc_id 3 of type 0 for Event 3, with Raise=1
01-01 01:12:38.904   323  1960 D ACDB-LOADER: ACDB -> send_audio_cal, acdb_id = 14, path =  0
01-01 01:12:38.904   323  1960 D ACDB-LOADER: ACDB -> send_asm_topology
01-01 01:12:38.904   323  1960 D ACDB-LOADER: ACDB -> ACDB_CMD_GET_AUDPROC_STREAM_TOPOLOGY_ID
01-01 01:12:38.904   323  1960 D ACDB-LOADER: ACDB -> send_adm_topology
01-01 01:12:38.904   323  1960 D ACDB-LOADER: ACDB -> ACDB_CMD_GET_AUDPROC_COMMON_TOPOLOGY_ID
01-01 01:12:38.904   323  1960 D ACDB-LOADER: ACDB -> send_audtable
01-01 01:12:38.904   323  1960 D ACDB-LOADER: ACDB -> ACDB_CMD_GET_AUDPROC_COMMON_TABLE_SIZE
01-01 01:12:38.904   323  1960 D ACDB-LOADER: ACDB -> ACDB_CMD_GET_AUDPROC_COMMON_TABLE
01-01 01:12:38.904   323  1960 D ACDB-LOADER: ACDB -> AUDIO_SET_AUDPROC_CAL
01-01 01:12:38.904   323  1960 D ACDB-LOADER: ACDB -> send_audvoltable
01-01 01:12:38.904   323  1960 D ACDB-LOADER: ACDB -> ACDB_CMD_GET_AUDPROC_GAIN_DEP_STEP_TABLE
01-01 01:12:38.904   323  1960 D ACDB-LOADER: ACDB -> AUDIO_SET_AUDPROC_VOL_CAL
01-01 01:12:38.904   323  1960 D ACDB-LOADER: ACDB -> send_afe_cal
01-01 01:12:38.904   323  1960 D ACDB-LOADER: ACDB -> ACDB_CMD_GET_AFE_COMMON_TABLE
01-01 01:12:38.905   323  1960 D ACDB-LOADER: ACDB -> AUDIO_SET_AFE_CAL
01-01 01:12:38.905   323  1960 D ACDB-LOADER: ACDB -> send_hw_delay : acdb_id = 14 path = 0
01-01 01:12:38.905   323  1960 D ACDB-LOADER: ACDB -> ACDB_AVSYNC_INFO: ACDB_CMD_GET_DEVICE_PROPERTY
01-01 01:12:38.905   323  1960 I audio_hw_utils: audio_extn_utils_send_app_type_cfg app_type 69936, acdb_dev_id 14, sample_rate 48000
01-01 01:12:38.905   323  1960 D audio_hw_primary: enable_audio_route: apply mixer and update path: compress-offload-playback
01-01 01:12:38.991   323  1960 D audio_hw_primary: select_devices: done
01-01 01:12:38.992   323  1960 D audio_hw_primary: out_set_parameters: enter: usecase(3: compress-offload-playback) kvpairs: closing=true
01-01 01:12:38.993   757  1130 I MediaFocusControl:  AudioFocus  abandonAudioFocus() from android.media.AudioManager@c42f489com.android.music.AudioPreview$3@9fa0c8e
01-01 01:12:38.993   323   822 D audio_hw_primary: out_set_parameters: enter: usecase(3: compress-offload-playback) kvpairs: exiting=1
01-01 01:12:38.993   323  1960 D audio_hw_primary: copl(0xaad18388):calling compress flush
01-01 01:12:38.995   323  1958 D audio_hw_primary: copl(0xaad18388):out of compress_wait
01-01 01:12:38.995   323  1960 D audio_hw_primary: copl(0xaad18388):out of compress flush
01-01 01:12:38.995   323  1960 D audio_hw_primary: out_standby: enter: stream (0xaad18388) usecase(3: compress-offload-playback)
01-01 01:12:38.995   323  1960 D audio_hw_primary: copl(0xaad18388):standby
01-01 01:12:39.131   323  1965 D offload_visualizer: thread exit
01-01 01:12:39.131   323  1960 V offload_effect_bundle: offload_effects_bundle_hal_stop_output output 25 pcm_id 9
01-01 01:12:39.132   323  1960 D audio_hw_primary: disable_audio_route: reset and update mixer path: compress-offload-playback
01-01 01:12:39.134   323  1960 D soundtrigger: audio_extn_sound_trigger_update_stream_status: uc_id 3 of type 0 for Event 2, with Raise=1
01-01 01:12:39.134   323  1960 D hardware_info: hw_info_append_hw_type : device_name = speaker
01-01 01:12:39.134   323  1960 D audio_hw_primary: disable_snd_device: snd_device(2: speaker)
01-01 01:12:39.139   323  1960 I soundtrigger: audio_extn_sound_trigger_update_device_status: device 0x2 of type 0 for Event 0, with Raise=0
01-01 01:12:39.139   323  1960 V SRS_ProcWS: SRS_Processing - SourceOutDel - Source Not Located 0xaad184c0
01-01 01:12:39.139   323  1960 V SRS_ProcWS: SRS_Processing - SourceOutDel - Source Not Deleted 0xaad184c0
01-01 01:12:39.139   323   822 D audio_hw_primary: adev_close_output_stream: enter:stream_handle(0xaad18388)
01-01 01:12:39.139   323   822 D audio_hw_primary: out_standby: enter: stream (0xaad18388) usecase(3: compress-offload-playback)
01-01 01:12:42.217  1969  1969 F libc    : page record for 0xf754002c was not found (block_size=16)
01-01 01:12:43.941   323   826 D audio_hw_primary: out_set_parameters: enter: usecase(1: low-latency-playback) kvpairs: routing=1024
01-01 01:12:43.952   323   826 D audio_hw_primary: start_output_stream: enter: stream(0xaac8ae08)usecase(1: low-latency-playback) devices(0x400)
01-01 01:12:43.952   323   826 D audio_hw_primary: check_and_set_hdmi_channels: Requested channels are same as current channels(2)
01-01 01:12:43.952   323   826 D audio_hw_primary: select_devices: out_snd_device(11: hdmi) in_snd_device(0: )
01-01 01:12:43.952   323   826 D hardware_info: hw_info_append_hw_type : device_name = hdmi
01-01 01:12:43.952   323   826 D audio_hw_primary: enable_snd_device: snd_device(11: hdmi)
01-01 01:12:43.952   323   826 I soundtrigger: audio_extn_sound_trigger_update_device_status: device 0xb of type 0 for Event 1, with Raise=0
01-01 01:12:43.954   757   768 I ActivityManager: START u0 {act=android.intent.action.VIEW dat=file:/storage/emulated/0/Download/Ava Kanna Paarthaa.mp3 typ=audio/mpeg cmp=com.android.music/.AudioPreview (has extras)} from uid 10026 on display 0
01-01 01:12:43.955   323   826 W audio_hw_utils: audio_extn_utils_update_stream_app_type_cfg: App type could not be selected. Falling back to default
01-01 01:12:43.955   323   826 I audio_hw_primary: select_devices Selected apptype: 69936
01-01 01:12:43.955   323   826 D soundtrigger: audio_extn_sound_trigger_update_stream_status: uc_id 1 of type 0 for Event 3, with Raise=0
01-01 01:12:43.955   323   826 D ACDB-LOADER: ACDB -> send_audio_cal, acdb_id = 18, path =  0
01-01 01:12:43.955   323   826 D ACDB-LOADER: ACDB -> send_asm_topology
01-01 01:12:43.955   323   826 D ACDB-LOADER: ACDB -> ACDB_CMD_GET_AUDPROC_STREAM_TOPOLOGY_ID
01-01 01:12:43.955   323   826 D ACDB-LOADER: ACDB -> send_adm_topology
01-01 01:12:43.955   323   826 D ACDB-LOADER: ACDB -> ACDB_CMD_GET_AUDPROC_COMMON_TOPOLOGY_ID
01-01 01:12:43.955   323   826 D ACDB-LOADER: ACDB -> send_audtable
01-01 01:12:43.955   323   826 D ACDB-LOADER: ACDB -> ACDB_CMD_GET_AUDPROC_COMMON_TABLE_SIZE
01-01 01:12:43.955   323   826 D ACDB-LOADER: ACDB -> ACDB_CMD_GET_AUDPROC_COMMON_TABLE
01-01 01:12:43.955   323   826 D ACDB-LOADER: ACDB -> AUDIO_SET_AUDPROC_CAL
01-01 01:12:43.955   323   826 D ACDB-LOADER: ACDB -> send_audvoltable
01-01 01:12:43.955   323   826 D ACDB-LOADER: ACDB -> ACDB_CMD_GET_AUDPROC_GAIN_DEP_STEP_TABLE
01-01 01:12:43.956   323   826 D         : Failed to fetch the lookup information of the device 00000012 
01-01 01:12:43.956   323   826 E ACDB-LOADER: Error: ACDB AudProc vol returned = -19
01-01 01:12:43.956   323   826 D ACDB-LOADER: ACDB -> AUDIO_SET_AUDPROC_VOL_CAL
01-01 01:12:43.956   323   826 D ACDB-LOADER: ACDB -> send_afe_cal
01-01 01:12:43.956   323   826 D ACDB-LOADER: ACDB -> ACDB_CMD_GET_AFE_COMMON_TABLE
01-01 01:12:43.956   323   826 D         : Failed to fetch the lookup information of the device 00000012 
01-01 01:12:43.956   323   826 E ACDB-LOADER: Error: ACDB AFE returned = -19
01-01 01:12:43.956   323   826 D ACDB-LOADER: ACDB -> AUDIO_SET_AFE_CAL
01-01 01:12:43.956   323   826 D ACDB-LOADER: ACDB -> send_hw_delay : acdb_id = 18 path = 0
01-01 01:12:43.956   323   826 D ACDB-LOADER: ACDB -> ACDB_AVSYNC_INFO: ACDB_CMD_GET_DEVICE_PROPERTY
01-01 01:12:43.957   323   826 I audio_hw_utils: audio_extn_utils_send_app_type_cfg app_type 69936, acdb_dev_id 18, sample_rate 48000
01-01 01:12:43.957   323   826 D audio_hw_primary: enable_audio_route: apply mixer and update path: low-latency-playback hdmi
01-01 01:12:43.959   323   826 D audio_hw_primary: select_devices: done
01-01 01:12:43.990   323   826 D audio_hw_primary: start_output_stream: exit
01-01 01:12:44.038  1929  1929 E ExtMediaPlayer-JNI: env->IsInstanceOf fails
01-01 01:12:44.038  1929  1929 E MediaPlayer-JNI: JNIMediaPlayerFactory: bIsQCMediaPlayerPresent 0
01-01 01:12:44.038  1929  1929 E ExtMediaPlayer-JNI: env->IsInstanceOf fails
01-01 01:12:44.038  1929  1929 E MediaPlayer-JNI: JNIMediaPlayerFactory: bIsQCMediaPlayerPresent 0
01-01 01:12:44.050   323   831 I ExtendedNuUtils: printFileName fd(44) -> /storage/emulated/0/Download/Ava Kanna Paarthaa.mp3
01-01 01:12:44.064   323  1972 I QComExtractorFactory: Sniff: Set key to use qti parser
01-01 01:12:44.065   321   926 D PRDrmPlugIn: PRDrmPlugin::onInitialize, uniqueId = 7317
01-01 01:12:44.066   321   926 D PRDrmPlugIn: PRDrmPlugin::onSetOnInfoListener: starts! uniqueId = 7317
01-01 01:12:44.066   321   926 D PRDrmPlugIn: PRDrmPlugin::onSetOnInfoListener: ends!
01-01 01:12:44.072   321   491 D PRDrmPlugIn: PRDrmPlugin::onTerminate, uniqueId = 7317
01-01 01:12:44.073   323  1972 I ExtendedExtractor: QTIParser is prefered
01-01 01:12:44.073   323  1972 I ExtendedExtractor: ExtendedExtractor::create 0xaacc5d68
01-01 01:12:44.073   323  1972 I ExtendedExtractor: ExtendedExtractor::updateExtractor: Use default QTI parser 
01-01 01:12:44.073   323  1972 E MM_OSAL : FileSource::FileSource
01-01 01:12:44.073   323  1972 E MM_OSAL : FileSource::FileSource m_bEveryThingOK 1
01-01 01:12:44.074   323  1972 E MM_OSAL : MM_File_Create failed .Efs Error No -1 , File Name /data/mmosal_logmask.cfg , Mode 0
01-01 01:12:44.074   323  1972 E MM_OSAL : Open or read fail on /data/mmosal_logmask.cfg. Possible permission denied issue. Looking for /data/misc/media/mmosal_logmask.cfg
01-01 01:12:44.074   323  1972 E MM_OSAL : MM_File_Create failed .Efs Error No -1 , File Name /data/misc/media/mmosal_logmask.cfg , Mode 0
01-01 01:12:44.109  1929  1953 I Adreno-EGL: <qeglDrvAPI_eglInitialize:379>: EGL 1.4 QUALCOMM build: AU_LINUX_ANDROID_LA.BR.1.2.7_RB1.06.00.01.208.010_msm8916_64_refs/tags/AU_LINUX_ANDROID_LA.BR.1.2.7_RB1.06.00.01.208.010__release_AU (I3f4bae6ca5)
01-01 01:12:44.109  1929  1953 I Adreno-EGL: OpenGL ES Shader Compiler Version: XE031.06.00.05
01-01 01:12:44.109  1929  1953 I Adreno-EGL: Build Date: 04/29/16 Fri
01-01 01:12:44.109  1929  1953 I Adreno-EGL: Local Branch: 
01-01 01:12:44.109  1929  1953 I Adreno-EGL: Remote Branch: refs/tags/AU_LINUX_ANDROID_LA.BR.1.2.7_RB1.06.00.01.208.010
01-01 01:12:44.109  1929  1953 I Adreno-EGL: Local Patches: NONE
01-01 01:12:44.109  1929  1953 I Adreno-EGL: Reconstruct Branch: NOTHING
01-01 01:12:44.109  1929  1953 I OpenGLRenderer: Initialized EGL, version 1.4
01-01 01:12:44.144  1929  1929 I AudioPreview: _data column not found
01-01 01:12:44.178   323  1972 E MMParserExtractor:  get metadata failed for meta type 19, size 0
01-01 01:12:44.179   323  1971 D NuPlayerDriver: notifyListener_l(0xaacc46f0), (1, 0, 0)
01-01 01:12:44.206   757   776 I ActivityManager: Displayed com.android.music/.AudioPreview: +210ms
01-01 01:12:44.207  1929  1929 D MediaPlayer: setSubtitleAnchor in MediaPlayer
01-01 01:12:44.237   323   832 D NuPlayerDriver: start(0xaacc46f0), state is 4, eos is 0
01-01 01:12:44.237   323  1971 I GenericSource: start
01-01 01:12:44.240   757   769 I MediaFocusControl:  AudioFocus  requestAudioFocus() from android.media.AudioManager@c9b2f20com.android.music.AudioPreview$3@92f00d9 req=2flags=0x0
01-01 01:12:44.241   323  1971 I str_params: key: 'SND_CARD_STATUS' value: ''
01-01 01:12:44.246   323  1971 I str_params: key: 'SND_CARD_STATUS' value: ''
01-01 01:12:44.248   323  1975 I AudioFlinger: openOutput(), module 1 Device 400, SamplingRate 44100, Format 0x1000000, Channels 3, flags 31
01-01 01:12:44.248   323  1975 D audio_hw_primary: adev_open_output_stream: enter: sample_rate(44100) channel_mask(0x3) devices(0x400) flags(0x31)        stream_handle(0xaad17ec8)
01-01 01:12:44.249   323  1975 W audio_hw_utils: audio_extn_utils_update_stream_app_type_cfg: App type could not be selected. Falling back to default
01-01 01:12:44.249   323  1975 D audio_hw_primary: adev_open_output_stream: Stream (0xaad17ec8) picks up usecase (compress-offload-playback)
01-01 01:12:44.249   323  1975 I AudioFlinger: AudioStreamOut::open(), mHalFormatIsLinearPcm = 0
01-01 01:12:44.249   323  1975 I AudioFlinger: HAL output buffer size 65536 frames, normal sink buffer size 65536 frames
01-01 01:12:44.251   323  1975 W AudioFlinger: moveEffectChain_l() effect chain for session 0 not on source thread 0xf3fe8008
01-01 01:12:44.253   323  1979 I AudioFlinger: AudioFlinger's thread 0xaad190c8 ready to run
01-01 01:12:44.255   323  1979 V SRS_Proc: ParamSet string: bluetooth_enabled=0
01-01 01:12:44.255   323  1979 V SRS_ProcWS: SRS_Processing - SourceOutAdd - No Available Slot for 0xaad190c8
01-01 01:12:44.255   323  1979 D audio_hw_primary: out_set_parameters: enter: usecase(3: compress-offload-playback) kvpairs: routing=1024
01-01 01:12:44.270   323  1979 D audio_hw_primary: out_set_parameters: enter: usecase(3: compress-offload-playback) kvpairs: music_offload_avg_bit_rate=128000;music_offload_sample_rate=44100
01-01 01:12:44.318   323  1979 D audio_hw_primary: start_output_stream: enter: stream(0xaad17ec8)usecase(3: compress-offload-playback) devices(0x400)
01-01 01:12:44.318   323  1979 D audio_hw_primary: check_and_set_hdmi_channels: Requested channels are same as current channels(2)
01-01 01:12:44.318   323  1979 D audio_hw_primary: select_devices: out_snd_device(11: hdmi) in_snd_device(0: )
01-01 01:12:44.318   323  1979 D hardware_info: hw_info_append_hw_type : device_name = hdmi
01-01 01:12:44.318   323  1979 W audio_hw_utils: audio_extn_utils_update_stream_app_type_cfg: App type could not be selected. Falling back to default
01-01 01:12:44.318   323  1979 I audio_hw_primary: select_devices Selected apptype: 69936
01-01 01:12:44.318   323  1979 E audio_hw_dolby: audio_extn_dolby_ds2_set_endpoint: Dolby set endpint :0x400
01-01 01:12:44.318   323  1979 D soundtrigger: audio_extn_sound_trigger_update_stream_status: uc_id 3 of type 0 for Event 3, with Raise=1
01-01 01:12:44.318   323  1979 D ACDB-LOADER: ACDB -> send_audio_cal, acdb_id = 18, path =  0
01-01 01:12:44.318   323  1979 D ACDB-LOADER: ACDB -> send_asm_topology
01-01 01:12:44.318   323  1979 D ACDB-LOADER: ACDB -> ACDB_CMD_GET_AUDPROC_STREAM_TOPOLOGY_ID
01-01 01:12:44.318   323  1979 D ACDB-LOADER: ACDB -> send_adm_topology
01-01 01:12:44.319   323  1979 D ACDB-LOADER: ACDB -> ACDB_CMD_GET_AUDPROC_COMMON_TOPOLOGY_ID
01-01 01:12:44.319   323  1979 D ACDB-LOADER: ACDB -> send_audtable
01-01 01:12:44.319   323  1979 D ACDB-LOADER: ACDB -> ACDB_CMD_GET_AUDPROC_COMMON_TABLE_SIZE
01-01 01:12:44.319   323  1979 D ACDB-LOADER: ACDB -> ACDB_CMD_GET_AUDPROC_COMMON_TABLE
01-01 01:12:44.319   323  1979 D ACDB-LOADER: ACDB -> AUDIO_SET_AUDPROC_CAL
01-01 01:12:44.319   323  1979 D ACDB-LOADER: ACDB -> send_audvoltable
01-01 01:12:44.319   323  1979 D ACDB-LOADER: ACDB -> ACDB_CMD_GET_AUDPROC_GAIN_DEP_STEP_TABLE
01-01 01:12:44.319   323  1979 D         : Failed to fetch the lookup information of the device 00000012 
01-01 01:12:44.319   323  1979 E ACDB-LOADER: Error: ACDB AudProc vol returned = -19
01-01 01:12:44.319   323  1979 D ACDB-LOADER: ACDB -> AUDIO_SET_AUDPROC_VOL_CAL
01-01 01:12:44.319   323  1979 D ACDB-LOADER: ACDB -> send_afe_cal
01-01 01:12:44.319   323  1979 D ACDB-LOADER: ACDB -> ACDB_CMD_GET_AFE_COMMON_TABLE
01-01 01:12:44.319   323  1979 D         : Failed to fetch the lookup information of the device 00000012 
01-01 01:12:44.319   323  1979 E ACDB-LOADER: Error: ACDB AFE returned = -19
01-01 01:12:44.319   323  1979 D ACDB-LOADER: ACDB -> AUDIO_SET_AFE_CAL
01-01 01:12:44.319   323  1979 D ACDB-LOADER: ACDB -> send_hw_delay : acdb_id = 18 path = 0
01-01 01:12:44.319   323  1979 D ACDB-LOADER: ACDB -> ACDB_AVSYNC_INFO: ACDB_CMD_GET_DEVICE_PROPERTY
01-01 01:12:44.320   323  1979 I audio_hw_utils: audio_extn_utils_send_app_type_cfg app_type 69936, acdb_dev_id 18, sample_rate 48000
01-01 01:12:44.320   323  1979 D audio_hw_primary: enable_audio_route: apply mixer and update path: compress-offload-playback hdmi
01-01 01:12:44.323   323  1979 D audio_hw_primary: select_devices: done
01-01 01:12:44.342   323  1979 V offload_effect_bundle: offload_effects_bundle_hal_start_output output 31 pcm_id 9
01-01 01:12:44.343   323  1982 D offload_visualizer: thread enter
01-01 01:12:44.562   323  1979 D audio_hw_primary: start_output_stream: exit
01-01 01:12:44.562   323  1979 D audio_hw_primary: copl(0xaad17ec8): writing buffer (65536 bytes) to compress device
01-01 01:12:44.562   323  1979 D audio_hw_primary: copl(0xaad17ec8):send new gapless metadata
01-01 01:12:44.564   323  1979 D audio_hw_primary: copl(0xaad17ec8): writing buffer (55672 bytes) to compress device
01-01 01:12:44.574   323  1976 I AudioSink: callbackwrapper: EVENT_UNDERRUN (discarded)
01-01 01:12:44.575   323  1979 D audio_hw_primary: copl(0xaad17ec8): writing buffer (24241 bytes) to compress device
01-01 01:12:44.585   323  1976 I AudioSink: callbackwrapper: EVENT_UNDERRUN (discarded)
01-01 01:12:44.587   323  1979 D audio_hw_primary: copl(0xaad17ec8): writing buffer (24242 bytes) to compress device
01-01 01:12:44.596   323  1976 I AudioSink: callbackwrapper: EVENT_UNDERRUN (discarded)
01-01 01:12:44.598   323  1979 D audio_hw_primary: copl(0xaad17ec8): writing buffer (24242 bytes) to compress device
01-01 01:12:44.608   323  1976 I AudioSink: callbackwrapper: EVENT_UNDERRUN (discarded)
01-01 01:12:44.609   323  1979 D audio_hw_primary: copl(0xaad17ec8): writing buffer (24241 bytes) to compress device
01-01 01:12:44.619   323  1976 I AudioSink: callbackwrapper: EVENT_UNDERRUN (discarded)
01-01 01:12:44.621   323  1979 D audio_hw_primary: copl(0xaad17ec8): writing buffer (48483 bytes) to compress device
01-01 01:12:44.621   323  1979 D audio_hw_primary: No space available in compress driver, post msg to cb thread
01-01 01:12:44.621   323  1977 D audio_hw_primary: copl(0xaad17ec8):calling compress_wait
01-01 01:12:44.631   323  1976 I AudioSink: callbackwrapper: EVENT_UNDERRUN (discarded)
01-01 01:12:47.130   323   826 D audio_hw_primary: out_standby: enter: stream (0xaac8ae08) usecase(1: low-latency-playback)
01-01 01:12:47.147   323   826 D audio_hw_primary: disable_audio_route: reset and update mixer path: low-latency-playback hdmi
01-01 01:12:47.148   323   826 D soundtrigger: audio_extn_sound_trigger_update_stream_status: uc_id 1 of type 0 for Event 2, with Raise=0
01-01 01:12:47.148   323   826 D hardware_info: hw_info_append_hw_type : device_name = hdmi
01-01 01:12:47.148   323   826 D audio_hw_primary: check_and_set_hdmi_channels: Requested channels are same as current channels(2)
01-01 01:12:47.247  1983  1983 F libc    : page record for 0xf74fa02c was not found (block_size=16)
01-01 01:12:47.706   323   323 D NuPlayerDriver: notifyListener_l(0xaacc46f0), (7, 0, 0)
01-01 01:12:47.707   323   826 D audio_hw_primary: out_set_parameters: enter: usecase(1: low-latency-playback) kvpairs: routing=1024
01-01 01:12:47.708   323  1979 D audio_hw_primary: copl(0xaad17ec8):pause compress driver
01-01 01:12:47.717   323   826 D audio_hw_primary: start_output_stream: enter: stream(0xaac8ae08)usecase(1: low-latency-playback) devices(0x400)
01-01 01:12:47.717   323   826 D audio_hw_primary: check_and_set_hdmi_channels: Requested channels are same as current channels(2)
01-01 01:12:47.717   323   826 D audio_hw_primary: select_devices: out_snd_device(11: hdmi) in_snd_device(0: )
01-01 01:12:47.717   323   826 D hardware_info: hw_info_append_hw_type : device_name = hdmi
01-01 01:12:47.717   323   826 W audio_hw_utils: audio_extn_utils_update_stream_app_type_cfg: App type could not be selected. Falling back to default
01-01 01:12:47.717   323   826 I audio_hw_primary: select_devices Selected apptype: 69936
01-01 01:12:47.717   323   826 E audio_hw_dolby: audio_extn_dolby_ds2_set_endpoint: Dolby set endpint :0x400
01-01 01:12:47.718   323   826 D soundtrigger: audio_extn_sound_trigger_update_stream_status: uc_id 1 of type 0 for Event 3, with Raise=0
01-01 01:12:47.718   323   826 D ACDB-LOADER: ACDB -> send_audio_cal, acdb_id = 18, path =  0
01-01 01:12:47.718   323   826 D ACDB-LOADER: ACDB -> send_asm_topology
01-01 01:12:47.718   323   826 D ACDB-LOADER: ACDB -> ACDB_CMD_GET_AUDPROC_STREAM_TOPOLOGY_ID
01-01 01:12:47.718   323   826 D ACDB-LOADER: ACDB -> send_adm_topology
01-01 01:12:47.718   323   826 D ACDB-LOADER: ACDB -> ACDB_CMD_GET_AUDPROC_COMMON_TOPOLOGY_ID
01-01 01:12:47.718   323   826 D ACDB-LOADER: ACDB -> send_audtable
01-01 01:12:47.718   323   826 D ACDB-LOADER: ACDB -> ACDB_CMD_GET_AUDPROC_COMMON_TABLE_SIZE
01-01 01:12:47.718   323   826 D ACDB-LOADER: ACDB -> ACDB_CMD_GET_AUDPROC_COMMON_TABLE
01-01 01:12:47.718   323   826 D ACDB-LOADER: ACDB -> AUDIO_SET_AUDPROC_CAL
01-01 01:12:47.718   323   826 D ACDB-LOADER: ACDB -> send_audvoltable
01-01 01:12:47.718   323   826 D ACDB-LOADER: ACDB -> ACDB_CMD_GET_AUDPROC_GAIN_DEP_STEP_TABLE
01-01 01:12:47.718   323   826 D         : Failed to fetch the lookup information of the device 00000012 
01-01 01:12:47.718   323   826 E ACDB-LOADER: Error: ACDB AudProc vol returned = -19
01-01 01:12:47.718   323   826 D ACDB-LOADER: ACDB -> AUDIO_SET_AUDPROC_VOL_CAL
01-01 01:12:47.718   323   826 D ACDB-LOADER: ACDB -> send_afe_cal
01-01 01:12:47.718   323   826 D ACDB-LOADER: ACDB -> ACDB_CMD_GET_AFE_COMMON_TABLE
01-01 01:12:47.718   323   826 D         : Failed to fetch the lookup information of the device 00000012 
01-01 01:12:47.718   323   826 E ACDB-LOADER: Error: ACDB AFE returned = -19
01-01 01:12:47.718   323   826 D ACDB-LOADER: ACDB -> AUDIO_SET_AFE_CAL
01-01 01:12:47.718   323   826 D ACDB-LOADER: ACDB -> send_hw_delay : acdb_id = 18 path = 0
01-01 01:12:47.718   323   826 D ACDB-LOADER: ACDB -> ACDB_AVSYNC_INFO: ACDB_CMD_GET_DEVICE_PROPERTY
01-01 01:12:47.719   323   826 I audio_hw_utils: audio_extn_utils_send_app_type_cfg app_type 69936, acdb_dev_id 18, sample_rate 48000
01-01 01:12:47.719   323   826 D audio_hw_primary: enable_audio_route: apply mixer and update path: low-latency-playback hdmi
01-01 01:12:47.721   323   826 D audio_hw_primary: select_devices: done
01-01 01:12:47.738   323   826 D audio_hw_primary: start_output_stream: exit
01-01 01:12:47.765   323   826 D AudioFlinger: mixer(0xf3dcd008) throttle end: throttle time(10)
01-01 01:12:47.923   323   826 D audio_hw_primary: out_set_parameters: enter: usecase(1: low-latency-playback) kvpairs: routing=1024
01-01 01:12:50.888   323   826 D audio_hw_primary: out_standby: enter: stream (0xaac8ae08) usecase(1: low-latency-playback)
01-01 01:12:50.906   323   826 D audio_hw_primary: disable_audio_route: reset and update mixer path: low-latency-playback hdmi
01-01 01:12:50.908   323   826 D soundtrigger: audio_extn_sound_trigger_update_stream_status: uc_id 1 of type 0 for Event 2, with Raise=0
01-01 01:12:50.908   323   826 D hardware_info: hw_info_append_hw_type : device_name = hdmi
01-01 01:12:50.908   323   826 D audio_hw_primary: check_and_set_hdmi_channels: Requested channels are same as current channels(2)
01-01 01:12:52.277  1984  1984 F libc    : page record for 0xf76c602c was not found (block_size=16)
01-01 01:12:57.309  1985  1985 F libc    : page record for 0xf741c02c was not found (block_size=16)
01-01 01:12:57.773   323  1979 D audio_hw_primary: out_set_parameters: enter: usecase(3: compress-offload-playback) kvpairs: routing=0
01-01 01:12:57.773   323  1979 D audio_hw_primary: select_devices: out_snd_device(2: speaker) in_snd_device(0: )
01-01 01:12:57.773   323  1979 D audio_hw_primary: disable_audio_route: reset and update mixer path: compress-offload-playback hdmi
01-01 01:12:57.773   323  1975 W AMessage: failed to post message as target looper for handler 42 is gone.
01-01 01:12:57.774   323  1975 W AMessage: failed to post message as target looper for handler 42 is gone.
01-01 01:12:57.774   323  1975 W AMessage: failed to post message as target looper for handler 42 is gone.
01-01 01:12:57.774   323  1975 W AMessage: failed to post message as target looper for handler 42 is gone.
01-01 01:12:57.774   323  1975 W AMessage: failed to post message as target looper for handler 42 is gone.
01-01 01:12:57.774   323  1975 W AMessage: failed to post message as target looper for handler 42 is gone.
01-01 01:12:57.774   323  1975 W AMessage: failed to post message as target looper for handler 42 is gone.
01-01 01:12:57.774   323  1975 W AMessage: failed to post message as target looper for handler 42 is gone.
01-01 01:12:57.774   323  1975 W AMessage: failed to post message as target looper for handler 42 is gone.
01-01 01:12:57.783   323  1979 D soundtrigger: audio_extn_sound_trigger_update_stream_status: uc_id 3 of type 0 for Event 2, with Raise=1
01-01 01:12:57.783   323  1979 D hardware_info: hw_info_append_hw_type : device_name = hdmi
01-01 01:12:57.783   323  1979 D audio_hw_primary: disable_snd_device: snd_device(11: hdmi)
01-01 01:12:57.784   323  1979 I soundtrigger: audio_extn_sound_trigger_update_device_status: device 0xb of type 0 for Event 0, with Raise=0
01-01 01:12:57.784   323  1979 D hardware_info: hw_info_append_hw_type : device_name = speaker
01-01 01:12:57.784   323  1979 D audio_hw_primary: enable_snd_device: snd_device(2: speaker)
01-01 01:12:57.784   323  1979 I soundtrigger: audio_extn_sound_trigger_update_device_status: device 0x2 of type 0 for Event 1, with Raise=0
01-01 01:12:57.790   323  1979 W audio_hw_utils: audio_extn_utils_update_stream_app_type_cfg: App type could not be selected. Falling back to default
01-01 01:12:57.790   323  1979 I audio_hw_primary: select_devices Selected apptype: 69936
01-01 01:12:57.790   323  1979 E audio_hw_dolby: audio_extn_dolby_ds2_set_endpoint: Dolby set endpint :0x2
01-01 01:12:57.790   323  1979 D soundtrigger: audio_extn_sound_trigger_update_stream_status: uc_id 3 of type 0 for Event 3, with Raise=1
01-01 01:12:57.790   323  1979 D ACDB-LOADER: ACDB -> send_audio_cal, acdb_id = 14, path =  0
01-01 01:12:57.790   323  1979 D ACDB-LOADER: ACDB -> send_asm_topology
01-01 01:12:57.790   323  1979 D ACDB-LOADER: ACDB -> ACDB_CMD_GET_AUDPROC_STREAM_TOPOLOGY_ID
01-01 01:12:57.790   323  1979 D ACDB-LOADER: ACDB -> send_adm_topology
01-01 01:12:57.790   323  1979 D ACDB-LOADER: ACDB -> ACDB_CMD_GET_AUDPROC_COMMON_TOPOLOGY_ID
01-01 01:12:57.790   323  1979 D ACDB-LOADER: ACDB -> send_audtable
01-01 01:12:57.790   323  1979 D ACDB-LOADER: ACDB -> ACDB_CMD_GET_AUDPROC_COMMON_TABLE_SIZE
01-01 01:12:57.790   323  1979 D ACDB-LOADER: ACDB -> ACDB_CMD_GET_AUDPROC_COMMON_TABLE
01-01 01:12:57.790   323  1979 D ACDB-LOADER: ACDB -> AUDIO_SET_AUDPROC_CAL
01-01 01:12:57.790   323  1979 D ACDB-LOADER: ACDB -> send_audvoltable
01-01 01:12:57.791   323  1979 D ACDB-LOADER: ACDB -> ACDB_CMD_GET_AUDPROC_GAIN_DEP_STEP_TABLE
01-01 01:12:57.791   323  1979 D ACDB-LOADER: ACDB -> AUDIO_SET_AUDPROC_VOL_CAL
01-01 01:12:57.791   323  1979 D ACDB-LOADER: ACDB -> send_afe_cal
01-01 01:12:57.791   323  1979 D ACDB-LOADER: ACDB -> ACDB_CMD_GET_AFE_COMMON_TABLE
01-01 01:12:57.791   323  1979 D ACDB-LOADER: ACDB -> AUDIO_SET_AFE_CAL
01-01 01:12:57.791   323  1979 D ACDB-LOADER: ACDB -> send_hw_delay : acdb_id = 14 path = 0
01-01 01:12:57.791   323  1979 D ACDB-LOADER: ACDB -> ACDB_AVSYNC_INFO: ACDB_CMD_GET_DEVICE_PROPERTY
01-01 01:12:57.791   323  1979 I audio_hw_utils: audio_extn_utils_send_app_type_cfg app_type 69936, acdb_dev_id 14, sample_rate 48000
01-01 01:12:57.791   323  1979 D audio_hw_primary: enable_audio_route: apply mixer and update path: compress-offload-playback
01-01 01:12:57.874   323  1979 D audio_hw_primary: select_devices: done
01-01 01:12:57.875   323  1979 D audio_hw_primary: out_set_parameters: enter: usecase(3: compress-offload-playback) kvpairs: closing=true
01-01 01:12:57.876   323   822 D audio_hw_primary: out_set_parameters: enter: usecase(3: compress-offload-playback) kvpairs: exiting=1
01-01 01:12:57.876   323  1979 D audio_hw_primary: copl(0xaad17ec8):calling compress flush
01-01 01:12:57.878   323  1977 D audio_hw_primary: copl(0xaad17ec8):out of compress_wait
01-01 01:12:57.878   323  1979 D audio_hw_primary: copl(0xaad17ec8):out of compress flush
01-01 01:12:57.878   323  1979 D audio_hw_primary: out_standby: enter: stream (0xaad17ec8) usecase(3: compress-offload-playback)
01-01 01:12:57.878   323  1979 D audio_hw_primary: copl(0xaad17ec8):standby
01-01 01:12:58.010   323  1982 D offload_visualizer: thread exit
01-01 01:12:58.011   323  1979 V offload_effect_bundle: offload_effects_bundle_hal_stop_output output 31 pcm_id 9
01-01 01:12:58.011   323  1979 D audio_hw_primary: disable_audio_route: reset and update mixer path: compress-offload-playback
01-01 01:12:58.012   323  1979 D soundtrigger: audio_extn_sound_trigger_update_stream_status: uc_id 3 of type 0 for Event 2, with Raise=1
01-01 01:12:58.012   323  1979 D hardware_info: hw_info_append_hw_type : device_name = speaker
01-01 01:12:58.012   323  1979 D audio_hw_primary: disable_snd_device: snd_device(2: speaker)
01-01 01:12:58.017   323  1979 I soundtrigger: audio_extn_sound_trigger_update_device_status: device 0x2 of type 0 for Event 0, with Raise=0
01-01 01:12:58.017   323  1979 V SRS_ProcWS: SRS_Processing - SourceOutDel - Source Not Located 0xaad190c8
01-01 01:12:58.017   323  1979 V SRS_ProcWS: SRS_Processing - SourceOutDel - Source Not Deleted 0xaad190c8
01-01 01:12:58.018   323   822 D audio_hw_primary: adev_close_output_stream: enter:stream_handle(0xaad17ec8)
01-01 01:12:58.018   323   822 D audio_hw_primary: out_standby: enter: stream (0xaad17ec8) usecase(3: compress-offload-playback)
01-01 01:13:02.343  1986  1986 F libc    : page record for 0xf705202c was not found (block_size=16)
01-01 01:13:07.374  1987  1987 F libc    : page record for 0xf752602c was not found (block_size=16)
01-01 01:13:12.406  1988  1988 F libc    : page record for 0xf733802c was not found (block_size=16)
01-01 01:13:16.164   323   826 D audio_hw_primary: out_set_parameters: enter: usecase(1: low-latency-playback) kvpairs: routing=1024
01-01 01:13:16.167   757  1224 I MediaFocusControl:  AudioFocus  requestAudioFocus() from android.media.AudioManager@c9b2f20com.android.music.AudioPreview$3@92f00d9 req=2flags=0x0
01-01 01:13:16.169   323   829 D NuPlayerDriver: start(0xaacc46f0), state is 6, eos is 0
01-01 01:13:16.175   323   826 D audio_hw_primary: start_output_stream: enter: stream(0xaac8ae08)usecase(1: low-latency-playback) devices(0x400)
01-01 01:13:16.175   323   826 D audio_hw_primary: check_and_set_hdmi_channels: Requested channels are same as current channels(2)
01-01 01:13:16.175   323   826 D audio_hw_primary: select_devices: out_snd_device(11: hdmi) in_snd_device(0: )
01-01 01:13:16.175   323   826 D hardware_info: hw_info_append_hw_type : device_name = hdmi
01-01 01:13:16.175   323   826 D audio_hw_primary: enable_snd_device: snd_device(11: hdmi)
01-01 01:13:16.175   323   826 I soundtrigger: audio_extn_sound_trigger_update_device_status: device 0xb of type 0 for Event 1, with Raise=0
01-01 01:13:16.177   323   826 W audio_hw_utils: audio_extn_utils_update_stream_app_type_cfg: App type could not be selected. Falling back to default
01-01 01:13:16.177   323   826 I audio_hw_primary: select_devices Selected apptype: 69936
01-01 01:13:16.177   323   826 D soundtrigger: audio_extn_sound_trigger_update_stream_status: uc_id 1 of type 0 for Event 3, with Raise=0
01-01 01:13:16.177   323   826 D ACDB-LOADER: ACDB -> send_audio_cal, acdb_id = 18, path =  0
01-01 01:13:16.177   323   826 D ACDB-LOADER: ACDB -> send_asm_topology
01-01 01:13:16.177   323   826 D ACDB-LOADER: ACDB -> ACDB_CMD_GET_AUDPROC_STREAM_TOPOLOGY_ID
01-01 01:13:16.177   323   826 D ACDB-LOADER: ACDB -> send_adm_topology
01-01 01:13:16.177   323   826 D ACDB-LOADER: ACDB -> ACDB_CMD_GET_AUDPROC_COMMON_TOPOLOGY_ID
01-01 01:13:16.178   323   826 D ACDB-LOADER: ACDB -> send_audtable
01-01 01:13:16.178   323   826 D ACDB-LOADER: ACDB -> ACDB_CMD_GET_AUDPROC_COMMON_TABLE_SIZE
01-01 01:13:16.178   323   826 D ACDB-LOADER: ACDB -> ACDB_CMD_GET_AUDPROC_COMMON_TABLE
01-01 01:13:16.178   323   826 D ACDB-LOADER: ACDB -> AUDIO_SET_AUDPROC_CAL
01-01 01:13:16.178   323   826 D ACDB-LOADER: ACDB -> send_audvoltable
01-01 01:13:16.178   323   826 D ACDB-LOADER: ACDB -> ACDB_CMD_GET_AUDPROC_GAIN_DEP_STEP_TABLE
01-01 01:13:16.178   323   826 D         : Failed to fetch the lookup information of the device 00000012 
01-01 01:13:16.178   323   826 E ACDB-LOADER: Error: ACDB AudProc vol returned = -19
01-01 01:13:16.178   323   826 D ACDB-LOADER: ACDB -> AUDIO_SET_AUDPROC_VOL_CAL
01-01 01:13:16.178   323   826 D ACDB-LOADER: ACDB -> send_afe_cal
01-01 01:13:16.178   323   826 D ACDB-LOADER: ACDB -> ACDB_CMD_GET_AFE_COMMON_TABLE
01-01 01:13:16.178   323   826 D         : Failed to fetch the lookup information of the device 00000012 
01-01 01:13:16.178   323   826 E ACDB-LOADER: Error: ACDB AFE returned = -19
01-01 01:13:16.178   323   826 D ACDB-LOADER: ACDB -> AUDIO_SET_AFE_CAL
01-01 01:13:16.178   323   826 D ACDB-LOADER: ACDB -> send_hw_delay : acdb_id = 18 path = 0
01-01 01:13:16.178   323   826 D ACDB-LOADER: ACDB -> ACDB_AVSYNC_INFO: ACDB_CMD_GET_DEVICE_PROPERTY
01-01 01:13:16.179   323   826 I audio_hw_utils: audio_extn_utils_send_app_type_cfg app_type 69936, acdb_dev_id 18, sample_rate 48000
01-01 01:13:16.179   323   826 D audio_hw_primary: enable_audio_route: apply mixer and update path: low-latency-playback hdmi
01-01 01:13:16.182   323   826 D audio_hw_primary: select_devices: done
01-01 01:13:16.211   323   826 D audio_hw_primary: start_output_stream: exit
01-01 01:13:16.301   323  1971 D audio_hw_extn: audio_extn_get_parameters: returns 
01-01 01:13:16.301   323  1971 I str_params: key: 'is_hw_dec_session_available' value: 'audio/mpeg'
01-01 01:13:16.302   323  1971 I str_params: key: 'SND_CARD_STATUS' value: ''
01-01 01:13:16.303   323  1975 I AudioFlinger: openOutput(), module 1 Device 400, SamplingRate 44100, Format 0x1000000, Channels 3, flags 31
01-01 01:13:16.303   323  1975 D audio_hw_primary: adev_open_output_stream: enter: sample_rate(44100) channel_mask(0x3) devices(0x400) flags(0x31)        stream_handle(0xaacc5b88)
01-01 01:13:16.303   323  1975 W audio_hw_utils: audio_extn_utils_update_stream_app_type_cfg: App type could not be selected. Falling back to default
01-01 01:13:16.303   323  1975 D audio_hw_primary: adev_open_output_stream: Stream (0xaacc5b88) picks up usecase (compress-offload-playback)
01-01 01:13:16.304   323  1975 I AudioFlinger: AudioStreamOut::open(), mHalFormatIsLinearPcm = 0
01-01 01:13:16.304   323  1975 I AudioFlinger: HAL output buffer size 65536 frames, normal sink buffer size 65536 frames
01-01 01:13:16.305   323  1975 W AudioFlinger: moveEffectChain_l() effect chain for session 0 not on source thread 0xf3fe8008
01-01 01:13:16.307   323  1992 I AudioFlinger: AudioFlinger's thread 0xaad00618 ready to run
01-01 01:13:16.309   323  1992 V SRS_Proc: ParamSet string: bluetooth_enabled=0
01-01 01:13:16.309   323  1992 V SRS_ProcWS: SRS_Processing - SourceOutAdd - No Available Slot for 0xaad00618
01-01 01:13:16.309   323  1992 D audio_hw_primary: out_set_parameters: enter: usecase(3: compress-offload-playback) kvpairs: music_offload_avg_bit_rate=128000;music_offload_sample_rate=44100
01-01 01:13:16.323   323  1992 D audio_hw_primary: out_set_parameters: enter: usecase(3: compress-offload-playback) kvpairs: routing=1024
01-01 01:13:16.326   323  1975 W MediaClock: reject anchor time since it is negative.
01-01 01:13:16.346   323  1992 D audio_hw_primary: start_output_stream: enter: stream(0xaacc5b88)usecase(3: compress-offload-playback) devices(0x400)
01-01 01:13:16.346   323  1992 D audio_hw_primary: check_and_set_hdmi_channels: Requested channels are same as current channels(2)
01-01 01:13:16.346   323  1992 D audio_hw_primary: select_devices: out_snd_device(11: hdmi) in_snd_device(0: )
01-01 01:13:16.346   323  1992 D hardware_info: hw_info_append_hw_type : device_name = hdmi
01-01 01:13:16.346   323  1992 W audio_hw_utils: audio_extn_utils_update_stream_app_type_cfg: App type could not be selected. Falling back to default
01-01 01:13:16.346   323  1992 I audio_hw_primary: select_devices Selected apptype: 69936
01-01 01:13:16.346   323  1992 E audio_hw_dolby: audio_extn_dolby_ds2_set_endpoint: Dolby set endpint :0x400
01-01 01:13:16.346   323  1992 D soundtrigger: audio_extn_sound_trigger_update_stream_status: uc_id 3 of type 0 for Event 3, with Raise=1
01-01 01:13:16.346   323  1992 D ACDB-LOADER: ACDB -> send_audio_cal, acdb_id = 18, path =  0
01-01 01:13:16.346   323  1992 D ACDB-LOADER: ACDB -> send_asm_topology
01-01 01:13:16.346   323  1992 D ACDB-LOADER: ACDB -> ACDB_CMD_GET_AUDPROC_STREAM_TOPOLOGY_ID
01-01 01:13:16.346   323  1992 D ACDB-LOADER: ACDB -> send_adm_topology
01-01 01:13:16.346   323  1992 D ACDB-LOADER: ACDB -> ACDB_CMD_GET_AUDPROC_COMMON_TOPOLOGY_ID
01-01 01:13:16.346   323  1992 D ACDB-LOADER: ACDB -> send_audtable
01-01 01:13:16.346   323  1992 D ACDB-LOADER: ACDB -> ACDB_CMD_GET_AUDPROC_COMMON_TABLE_SIZE
01-01 01:13:16.347   323  1992 D ACDB-LOADER: ACDB -> ACDB_CMD_GET_AUDPROC_COMMON_TABLE
01-01 01:13:16.347   323  1992 D ACDB-LOADER: ACDB -> AUDIO_SET_AUDPROC_CAL
01-01 01:13:16.347   323  1992 D ACDB-LOADER: ACDB -> send_audvoltable
01-01 01:13:16.347   323  1992 D ACDB-LOADER: ACDB -> ACDB_CMD_GET_AUDPROC_GAIN_DEP_STEP_TABLE
01-01 01:13:16.347   323  1992 D         : Failed to fetch the lookup information of the device 00000012 
01-01 01:13:16.347   323  1992 E ACDB-LOADER: Error: ACDB AudProc vol returned = -19
01-01 01:13:16.347   323  1992 D ACDB-LOADER: ACDB -> AUDIO_SET_AUDPROC_VOL_CAL
01-01 01:13:16.347   323  1992 D ACDB-LOADER: ACDB -> send_afe_cal
01-01 01:13:16.347   323  1992 D ACDB-LOADER: ACDB -> ACDB_CMD_GET_AFE_COMMON_TABLE
01-01 01:13:16.347   323  1992 D         : Failed to fetch the lookup information of the device 00000012 
01-01 01:13:16.347   323  1992 E ACDB-LOADER: Error: ACDB AFE returned = -19
01-01 01:13:16.347   323  1992 D ACDB-LOADER: ACDB -> AUDIO_SET_AFE_CAL
01-01 01:13:16.347   323  1992 D ACDB-LOADER: ACDB -> send_hw_delay : acdb_id = 18 path = 0
01-01 01:13:16.347   323  1992 D ACDB-LOADER: ACDB -> ACDB_AVSYNC_INFO: ACDB_CMD_GET_DEVICE_PROPERTY
01-01 01:13:16.348   323  1992 I audio_hw_utils: audio_extn_utils_send_app_type_cfg app_type 69936, acdb_dev_id 18, sample_rate 48000
01-01 01:13:16.348   323  1992 D audio_hw_primary: enable_audio_route: apply mixer and update path: compress-offload-playback hdmi
01-01 01:13:16.351   323  1992 D audio_hw_primary: select_devices: done
01-01 01:13:16.366   323  1992 V offload_effect_bundle: offload_effects_bundle_hal_start_output output 36 pcm_id 9
01-01 01:13:16.368   323  1994 D offload_visualizer: thread enter
01-01 01:13:16.566   323  1992 D audio_hw_primary: start_output_stream: exit
01-01 01:13:16.566   323  1992 D audio_hw_primary: copl(0xaacc5b88): writing buffer (65536 bytes) to compress device
01-01 01:13:16.566   323  1992 D audio_hw_primary: copl(0xaacc5b88):send new gapless metadata
01-01 01:13:16.568   323  1992 D audio_hw_primary: out_set_parameters: enter: usecase(3: compress-offload-playback) kvpairs: routing=1024
01-01 01:13:16.569   323  1992 D audio_hw_primary: copl(0xaacc5b88): writing buffer (31430 bytes) to compress device
01-01 01:13:16.578   323  1989 I AudioSink: callbackwrapper: EVENT_UNDERRUN (discarded)
01-01 01:13:16.581   323  1992 D audio_hw_primary: copl(0xaacc5b88): writing buffer (24242 bytes) to compress device
01-01 01:13:16.591   323  1989 I AudioSink: callbackwrapper: EVENT_UNDERRUN (discarded)
01-01 01:13:16.593   323  1992 D audio_hw_primary: copl(0xaacc5b88): writing buffer (24241 bytes) to compress device
01-01 01:13:16.603   323  1989 I AudioSink: callbackwrapper: EVENT_UNDERRUN (discarded)
01-01 01:13:16.604   323  1992 D audio_hw_primary: copl(0xaacc5b88): writing buffer (24242 bytes) to compress device
01-01 01:13:16.614   323  1989 I AudioSink: callbackwrapper: EVENT_UNDERRUN (discarded)
