01-01 01:11:25.713   323   323 I QComExtractorFactory: Sniff: Set key to use qti parser
01-01 01:11:25.715   321   321 D PRDrmPlugIn: PRDrmPlugin::onInitialize, uniqueId = 7967
01-01 01:11:25.715   321   321 D PRDrmPlugIn: PRDrmPlugin::onSetOnInfoListener: starts! uniqueId = 7967
01-01 01:11:25.715   321   321 D PRDrmPlugIn: PRDrmPlugin::onSetOnInfoListener: ends!
01-01 01:11:25.718   321   925 D PRDrmPlugIn: PRDrmPlugin::onTerminate, uniqueId = 7967
01-01 01:11:25.718   323   323 I ExtendedExtractor: QTIParser is prefered
01-01 01:11:25.718   323   323 I ExtendedExtractor: ExtendedExtractor::create 0xaaccd8a8
01-01 01:11:25.719   323   323 I ExtendedExtractor: ExtendedExtractor::updateExtractor: Use default QTI parser 
01-01 01:11:25.720   323   830 E MM_OSAL : FileSource::FileSource
01-01 01:11:25.720   323   830 E MM_OSAL : FileSource::FileSource m_bEveryThingOK 1
01-01 01:11:25.720   323   830 E MM_OSAL : MM_File_Create failed .Efs Error No -1 , File Name /data/mmosal_logmask.cfg , Mode 0
01-01 01:11:25.720   323   830 E MM_OSAL : Open or read fail on /data/mmosal_logmask.cfg. Possible permission denied issue. Looking for /data/misc/media/mmosal_logmask.cfg
01-01 01:11:25.720   323   830 E MM_OSAL : MM_File_Create failed .Efs Error No -1 , File Name /data/misc/media/mmosal_logmask.cfg , Mode 0
01-01 01:11:25.723   757   813 D WifiService: New client listening to asynchronous messages
01-01 01:11:25.729  1228  1228 D CarrierConfigLoader: mHandler: 12 phoneId: 0
01-01 01:11:25.742   323   323 I ExtendedUtils: printFileName fd(39) -> /data/media/0/Download/Ava Kanna Paarthaa.mp3
01-01 01:11:25.744  1228  1228 E PhoneInterfaceManager: [PhoneIntfMgr] getIccId: No UICC
01-01 01:11:25.751   323   323 I QComExtractorFactory: Sniff: Set key to use qti parser
01-01 01:11:25.753   321   491 D PRDrmPlugIn: PRDrmPlugin::onInitialize, uniqueId = 6529
01-01 01:11:25.753   321   491 D PRDrmPlugIn: PRDrmPlugin::onSetOnInfoListener: starts! uniqueId = 6529
01-01 01:11:25.753   321   491 D PRDrmPlugIn: PRDrmPlugin::onSetOnInfoListener: ends!
01-01 01:11:25.758   757   771 V KeyguardServiceDelegate: *** Keyguard started
01-01 01:11:25.758   757   771 W KeyguardServiceDelegate: onScreenTurningOn(): no keyguard service!
01-01 01:11:25.764   321   926 D PRDrmPlugIn: PRDrmPlugin::onTerminate, uniqueId = 6529
01-01 01:11:25.765   323   323 I ExtendedExtractor: QTIParser is prefered
01-01 01:11:25.766   323   323 I ExtendedExtractor: ExtendedExtractor::create 0xaacb9c40
01-01 01:11:25.766   323   323 I ExtendedExtractor: ExtendedExtractor::updateExtractor: Use default QTI parser 
01-01 01:11:25.769   323   829 E MM_OSAL : FileSource::FileSource
01-01 01:11:25.769   323   829 E MM_OSAL : FileSource::FileSource m_bEveryThingOK 1
01-01 01:11:25.769   323   829 E MM_OSAL : MM_File_Create failed .Efs Error No -1 , File Name /data/mmosal_logmask.cfg , Mode 0
01-01 01:11:25.769   323   829 E MM_OSAL : Open or read fail on /data/mmosal_logmask.cfg. Possible permission denied issue. Looking for /data/misc/media/mmosal_logmask.cfg
01-01 01:11:25.769   323   829 E MM_OSAL : MM_File_Create failed .Efs Error No -1 , File Name /data/misc/media/mmosal_logmask.cfg , Mode 0
01-01 01:11:25.771   757   757 V KeyguardServiceDelegate: *** Keyguard connected (yay!)
01-01 01:11:25.776   757  1247 I Telecom : PhoneAccountRegistrar: [ComponentInfo{com.android.phone/com.android.services.telephony.TelephonyConnectionService}, [4208433e9abcef6d04057081ae5a7fc2b23515a1], UserHandle{0}(icon: Icon(typ=BITMAP size=29x36) -> Icon(typ=BITMAP size=29x36))(lbl:  -> null)(desc:  -> null)]
01-01 01:11:25.782   757   906 D CryptdConnector: SND -> {2 cryptfs getpw}
01-01 01:11:25.783   231   239 D VoldCryptCmdListener: cryptfs getpw
01-01 01:11:25.783   231   239 I Ext4Crypt: ext4 crypto complete called on /data
01-01 01:11:25.784   231   239 I Ext4Crypt: No master key, so not ext4enc
01-01 01:11:25.784   231   239 I Ext4Crypt: ext4 crypto complete called on /data
01-01 01:11:25.784   231   239 I Ext4Crypt: No master key, so not ext4enc
01-01 01:11:25.784   757   804 D CryptdConnector: RCV <- {200 2 -1}
01-01 01:11:25.784   757   906 D CryptdConnector: SND -> {3 cryptfs clearpw}
01-01 01:11:25.785   231   239 D VoldCryptCmdListener: cryptfs clearpw
01-01 01:11:25.786   231   239 I Ext4Crypt: ext4 crypto complete called on /data
01-01 01:11:25.787   231   239 I Ext4Crypt: No master key, so not ext4enc
01-01 01:11:25.787   757   804 D CryptdConnector: RCV <- {200 3 0}
01-01 01:11:25.813   757  1247 I Telecom : : Sending phone-account intent as user
01-01 01:11:25.821  1228  1228 I Telephony: AccountEntry: Registered phoneAccount: [[ ] PhoneAccount: ComponentInfo{com.android.phone/com.android.services.telephony.TelephonyConnectionService}, [4208433e9abcef6d04057081ae5a7fc2b23515a1], UserHandle{0} Capabilities: 54 Schemes: tel voicemail ] with handle: ComponentInfo{com.android.phone/com.android.services.telephony.TelephonyConnectionService}, [4208433e9abcef6d04057081ae5a7fc2b23515a1], UserHandle{0}
01-01 01:11:25.829  1228  1228 I Telephony: PstnIncomingCallNotifier: Registering: Handler (com.qti.internal.telephony.cdma.QtiCDMALTEPhone) {a16b69}
01-01 01:11:25.839  1228  1228 D QtiEmergencyCallHelper: Logical Modem id:  phoneId: 0
01-01 01:11:25.840  1228  1228 D QtiEmergencyCallHelper: Returning default phone id
01-01 01:11:25.849   757  1224 W Telecom : : No account found for the calling user
01-01 01:11:25.856   878   878 D PhoneStatusBar: disable: < EXPAND ICONS* alerts SYSTEM_INFO* BACK HOME RECENT clock SEARCH quick_settings >
01-01 01:11:25.867   323   829 E MMParserExtractor:  get metadata failed for meta type 19, size 0
01-01 01:11:25.916   878   878 D PhoneStatusBar: disable: < EXPAND ICONS alerts SYSTEM_INFO BACK HOME RECENT clock SEARCH quick_settings >
01-01 01:11:25.934   757   906 I Telecom : PhoneAccountRegistrar: [ComponentInfo{com.android.phone/com.android.services.telephony.TelephonyConnectionService}, [4208433e9abcef6d04057081ae5a7fc2b23515a1], UserHandle{0}(icon: Icon(typ=BITMAP size=29x36) -> Icon(typ=BITMAP size=29x36))]
01-01 01:11:25.960   757   906 I Telecom : : Sending phone-account intent as user
01-01 01:11:25.982  1228  1228 W System  : ClassLoader referenced unknown path: /system/app/Stk/lib/arm64
01-01 01:11:26.015   878   878 W PathParser: Points are too far apart 4.030360828967057
01-01 01:11:26.015   878   878 W PathParser: Points are too far apart 4.030360538880159
01-01 01:11:26.021   757  1247 I ActivityManager: Start proc 1526:com.android.cellbroadcastreceiver/u0a4 for broadcast com.android.cellbroadcastreceiver/.CellBroadcastReceiver
01-01 01:11:26.039   323   323 I ExtendedUtils: printFileName fd(39) -> /storage/emulated/0/Download/ChillingMusic.wav
01-01 01:11:26.060  1249  1249 I Launcher: Deferring update until onResume
01-01 01:11:26.067   323   323 I QComExtractorFactory: Sniff: Set key to use qti parser
01-01 01:11:26.067   321   321 D PRDrmPlugIn: PRDrmPlugin::onInitialize, uniqueId = 4850
01-01 01:11:26.068   321   321 D PRDrmPlugIn: PRDrmPlugin::onSetOnInfoListener: starts! uniqueId = 4850
01-01 01:11:26.068   321   321 D PRDrmPlugIn: PRDrmPlugin::onSetOnInfoListener: ends!
01-01 01:11:26.071   321   925 D PRDrmPlugIn: PRDrmPlugin::onTerminate, uniqueId = 4850
01-01 01:11:26.075   323   323 I ExtendedExtractor: QTIParser is prefered
01-01 01:11:26.075   323   323 I ExtendedExtractor: ExtendedExtractor::create 0xaac90ba8
01-01 01:11:26.075   323   323 I ExtendedExtractor: ExtendedExtractor::updateExtractor: Use default QTI parser 
01-01 01:11:26.077   323   829 E MM_OSAL : FileSource::FileSource
01-01 01:11:26.077   323   829 E MM_OSAL : FileSource::FileSource m_bEveryThingOK 1
01-01 01:11:26.077   323   829 E MM_OSAL : MM_File_Create failed .Efs Error No -1 , File Name /data/mmosal_logmask.cfg , Mode 0
01-01 01:11:26.077   323   829 E MM_OSAL : Open or read fail on /data/mmosal_logmask.cfg. Possible permission denied issue. Looking for /data/misc/media/mmosal_logmask.cfg
01-01 01:11:26.077   323   829 E MM_OSAL : MM_File_Create failed .Efs Error No -1 , File Name /data/misc/media/mmosal_logmask.cfg , Mode 0
01-01 01:11:26.088   323   829 E MetadataRetrieverClient: failed to extract an album art
01-01 01:11:26.113   323   323 I ExtendedUtils: printFileName fd(39) -> /storage/emulated/0/Download/Ava Kanna Paarthaa.mp3
01-01 01:11:26.118   323   323 I QComExtractorFactory: Sniff: Set key to use qti parser
01-01 01:11:26.121   321   926 D PRDrmPlugIn: PRDrmPlugin::onInitialize, uniqueId = 7184
01-01 01:11:26.122   321   926 D PRDrmPlugIn: PRDrmPlugin::onSetOnInfoListener: starts! uniqueId = 7184
01-01 01:11:26.122   321   926 D PRDrmPlugIn: PRDrmPlugin::onSetOnInfoListener: ends!
01-01 01:11:26.125   321   491 D PRDrmPlugIn: PRDrmPlugin::onTerminate, uniqueId = 7184
01-01 01:11:26.125  1526  1526 W System  : ClassLoader referenced unknown path: /system/priv-app/CellBroadcastReceiver/lib/arm64
01-01 01:11:26.125   323   323 I ExtendedExtractor: QTIParser is prefered
01-01 01:11:26.125   323   323 I ExtendedExtractor: ExtendedExtractor::create 0xaacb9c40
01-01 01:11:26.125   323   323 I ExtendedExtractor: ExtendedExtractor::updateExtractor: Use default QTI parser 
01-01 01:11:26.126   323   829 E MM_OSAL : FileSource::FileSource
01-01 01:11:26.127   323   829 E MM_OSAL : FileSource::FileSource m_bEveryThingOK 1
01-01 01:11:26.127   323   829 E MM_OSAL : MM_File_Create failed .Efs Error No -1 , File Name /data/mmosal_logmask.cfg , Mode 0
01-01 01:11:26.127   323   829 E MM_OSAL : Open or read fail on /data/mmosal_logmask.cfg. Possible permission denied issue. Looking for /data/misc/media/mmosal_logmask.cfg
01-01 01:11:26.127   323   829 E MM_OSAL : MM_File_Create failed .Efs Error No -1 , File Name /data/misc/media/mmosal_logmask.cfg , Mode 0
01-01 01:11:26.133  1283  1437 V MediaScanner: pruneDeadThumbnailFiles... android.database.sqlite.SQLiteCursor@ab4b6e2
01-01 01:11:26.134  1283  1437 V MediaScanner: /pruneDeadThumbnailFiles... android.database.sqlite.SQLiteCursor@ab4b6e2
01-01 01:11:26.170  1526  1526 D CellBroadcastReceiver: onReceive Intent { act=android.intent.action.SERVICE_STATE flg=0x10 cmp=com.android.cellbroadcastreceiver/.CellBroadcastReceiver (has extras) }
01-01 01:11:26.170  1526  1526 D CellBroadcastReceiver: Intent ACTION_SERVICE_STATE_CHANGED
01-01 01:11:26.171  1526  1526 D CellBroadcastReceiver: subscriptionId = 2147483643
01-01 01:11:26.178  1526  1526 E CellBroadcastReceiver: subId is not active:2147483643
01-01 01:11:26.220  1228  1545 D SIP     : [SipSharedPreferences] isReceivingCallsEnabled, option not set; use default value, exception: android.provider.Settings$SettingNotFoundException: sip_receive_calls
01-01 01:11:26.222   323   829 E MMParserExtractor:  get metadata failed for meta type 19, size 0
01-01 01:11:26.253   757  1224 V KeyguardServiceDelegate: **** SHOWN CALLED ****
01-01 01:11:26.254   878   878 D PhoneStatusBar: disable: < expand* ICONS alerts SYSTEM_INFO back* HOME RECENT clock SEARCH quick_settings >
01-01 01:11:26.294   269   298 I SurfaceFlinger: Boot is finished (19781 ms)
01-01 01:11:26.664  1555  1555 F libc    : page record for 0xf747c02c was not found (block_size=16)
01-01 01:11:26.669   323   832 V SRS_Proc: ParamSet string: A2dpSuspended=false
01-01 01:11:26.669   323   832 D audio_hw_primary: adev_set_parameters: enter: A2dpSuspended=false
01-01 01:11:26.669   323   832 D audio_hw_extn: audio_extn_set_anc_parameters: anc_enabled:0
01-01 01:11:26.669   323   832 E bt_a2dp_hw: adev_set_parameters: ERROR: set param called even when stream out is null
01-01 01:11:26.679   323   824 D audio_hw_primary: out_set_parameters: enter: usecase(0: deep-buffer-playback) kvpairs: fm_volume=0.4253543019
01-01 01:11:26.679   323   824 D audio_hw_extn: audio_extn_set_anc_parameters: anc_enabled:0
01-01 01:11:26.679   323   824 D audio_hw_fm: audio_extn_fm_set_parameters: set_fm_volume usecase
01-01 01:11:26.679   323   824 D audio_hw_fm: fm_set_volume: (0.425354)
01-01 01:11:26.690   323   824 D audio_hw_primary: out_set_parameters: enter: usecase(0: deep-buffer-playback) kvpairs: fm_volume=0.4253543019
01-01 01:11:26.690   323   824 D audio_hw_extn: audio_extn_set_anc_parameters: anc_enabled:0
01-01 01:11:26.690   323   824 D audio_hw_fm: audio_extn_fm_set_parameters: set_fm_volume usecase
01-01 01:11:26.690   323   824 D audio_hw_fm: fm_set_volume: (0.425354)
01-01 01:11:26.709   757   776 I SystemServiceManager: Starting phase 1000
01-01 01:11:26.744   757  1562 I RecoverySystem: No recovery log file
01-01 01:11:26.749   757  1559 I ActivityManager: Start proc 1565:com.android.keychain/1000 for service com.android.keychain/.KeyChainService
01-01 01:11:26.774   757   986 I ActivityManager: Start proc 1576:com.android.dialer/u0a6 for broadcast com.android.dialer/.calllog.CallLogReceiver
01-01 01:11:26.778   757  1562 I BootReceiver: Copying audit failures to DropBox
01-01 01:11:26.779   757  1562 I BootReceiver: Checking for fsck errors
01-01 01:11:26.845  1563  1563 I Atfwd_Daemon: *** Starting ATFWD-daemon *** 
01-01 01:11:26.846  1563  1563 I Atfwd_Daemon: QCCI not supported for target msm8916, use legacy QCCI
01-01 01:11:26.846  1563  1563 I Atfwd_Daemon: APQ baseband : Explicitly stopping ATFWD service....
01-01 01:11:26.846  1563  1563 I Atfwd_Daemon: Stop the daemon....
01-01 01:11:26.895  1565  1565 W System  : ClassLoader referenced unknown path: /system/app/KeyChain/lib/arm64
01-01 01:11:26.905  1576  1576 W System  : ClassLoader referenced unknown path: /system/priv-app/Dialer/lib/arm64
01-01 01:11:26.953  1576  1576 D ExtensionsFactory: No custom extensions.
01-01 01:11:26.981   757   769 W ActivityManager: Unable to start service Intent { cmp=com.suntek.mway.rcs.app.service/.impl.ServiceApiBinder } U=0: not found
01-01 01:11:26.988  1576  1576 D RCS_Service_API: com.suntek.mway.rcs.client.api.ServiceApi.init()  Line:128->bind com.suntek.mway.rcs.app.service.impl.ServiceApiBinder--> result:false
01-01 01:11:26.990   757  1247 W ActivityManager: Unable to start service Intent { cmp=com.suntek.mway.rcs.app.service/.impl.plugin.PluginApiBinder } U=0: not found
01-01 01:11:26.990  1576  1576 D RCS_Service_API: com.suntek.mway.rcs.client.api.PluginApi.init()  Line:124->bind com.suntek.mway.rcs.app.service.impl.plugin.PluginApiBinder--> result:false
01-01 01:11:27.040  1228  1228 V OtaStartupReceiver: onOtaspChanged: mOtaspMode=0
01-01 01:11:27.055   757   986 I ActivityManager: Start proc 1616:com.qti.diagservices/1000 for broadcast com.qti.diagservices/.Diag_OnBoot
01-01 01:11:27.102  1616  1616 W System  : ClassLoader referenced unknown path: /system/app/QTIDiagServices/lib/arm64
01-01 01:11:27.108  1616  1616 W ContextImpl: Calling a method in the system process without a qualified user: android.app.ContextImpl.startService:1221 android.content.ContextWrapper.startService:581 android.content.ContextWrapper.startService:581 com.qti.diagservices.Diag_OnBoot.onReceive:44 android.app.ActivityThread.handleReceiver:2725 
01-01 01:11:27.114  1616  1616 D Diag_OnBoot: Started Successfully
01-01 01:11:27.115  1616  1616 E DiagJNIInterface: Trying to load libDiagService
01-01 01:11:27.117   757   812 D WIFI    : Registering NetworkFactory
01-01 01:11:27.117   757   812 D WIFI_UT : Registering NetworkFactory
01-01 01:11:27.118   757   814 D ConnectivityService: Got NetworkFactory Messenger for WIFI
01-01 01:11:27.118   757   814 D ConnectivityService: Got NetworkFactory Messenger for WIFI_UT
01-01 01:11:27.121   757   812 D WIFI    : got request NetworkRequest [ id=1, legacyType=-1, [ Capabilities: INTERNET&NOT_RESTRICTED&TRUSTED&NOT_VPN] ] with score 0
01-01 01:11:27.121   757   812 D WIFI_UT : got request NetworkRequest [ id=1, legacyType=-1, [ Capabilities: INTERNET&NOT_RESTRICTED&TRUSTED&NOT_VPN] ] with score 0
01-01 01:11:27.122  1228  1419 D PhoneInterfaceManager: [PhoneIntfMgr] getDataEnabled: subId=-1 phoneId=-1
01-01 01:11:27.122  1228  1419 E PhoneInterfaceManager: [PhoneIntfMgr] getDataEnabled: no phone subId=-1 retVal=false
01-01 01:11:27.137   757   769 I ActivityManager: Start proc 1632:com.android.providers.calendar/u0a1 for broadcast com.android.providers.calendar/.CalendarReceiver
01-01 01:11:27.139  1616  1616 I Diag_Lib: Diag_LSM_Init call succeeded
01-01 01:11:27.145   269   269 D modemanager: Panel Name: dsi_adv7533_1080p
01-01 01:11:27.148   269   269 E modemanager: readXMLOp:Couldn't open OEM XML file!
01-01 01:11:27.148   269   269 E modemanager: retrieveMode: Failed to enumerate modes
01-01 01:11:27.148   269   269 E modemanager: instantiateModeMgr: Failed to update default cache!
01-01 01:11:27.148   269   269 E modemanager: readXMLOp:Couldn't open OEM XML file!
01-01 01:11:27.149   269   269 E modemanager: retrieveMode: Failed to enumerate modes
01-01 01:11:27.149   269   269 E modemanager: in applyDefaultMode fail to retrieve default mode!
01-01 01:11:27.149   269   269 I modemanager: in applyDefaultMode ret = 0 mCurMode = -1
01-01 01:11:27.149   269   269 E qdhwcomposer: qdcmApplyDefaultAfterBootAnimationDone: Not able to apply default mode
01-01 01:11:27.206  1632  1632 W System  : ClassLoader referenced unknown path: /system/priv-app/CalendarProvider/lib/arm64
01-01 01:11:27.271  1632  1632 I CalendarProvider2: Created com.android.providers.calendar.CalendarAlarmManager@aaa002c(com.android.providers.calendar.CalendarProvider2@477aaf5)
01-01 01:11:27.320   757  1248 I ActivityManager: Start proc 1653:com.android.managedprovisioning/u0a9 for broadcast com.android.managedprovisioning/.BootReminder
01-01 01:11:27.371  1653  1653 W System  : ClassLoader referenced unknown path: /system/priv-app/ManagedProvisioning/lib/arm64
01-01 01:11:27.432   757   768 I ActivityManager: Start proc 1671:com.android.mms/u0a10 for broadcast com.android.mms/.transaction.MmsSystemEventReceiver
01-01 01:11:27.481  1671  1671 W System  : ClassLoader referenced unknown path: /system/priv-app/Mms/lib/arm64
01-01 01:11:27.534   757  1130 D CountryDetector: The first listener is added
01-01 01:11:27.562   321   321 D PRDrmPlugIn: PRDrmPlugin::onInitialize, uniqueId = 2503
01-01 01:11:27.562   321   321 D PRDrmPlugIn: PRDrmPlugin::onSetOnInfoListener: starts! uniqueId = 2503
01-01 01:11:27.562   321   321 D PRDrmPlugIn: PRDrmPlugin::onSetOnInfoListener: ends!
01-01 01:11:27.571  1671  1671 V Mms     : mnc/mcc: 
01-01 01:11:27.572  1671  1671 V Mms     : tag: bool value: enabledMMS - true
01-01 01:11:27.572  1671  1671 V Mms     : tag: bool value: enableOMACP - false
01-01 01:11:27.572  1671  1671 V Mms     : tag: int value: maxMessageSize - 307200
01-01 01:11:27.572  1671  1671 V Mms     : tag: int value: maxImageHeight - 480
01-01 01:11:27.573  1671  1671 V Mms     : tag: int value: maxImageWidth - 640
01-01 01:11:27.573  1671  1671 V Mms     : tag: int value: defaultSMSMessagesPerThread - 1000
01-01 01:11:27.573  1671  1671 V Mms     : tag: int value: defaultMMSMessagesPerThread - 1000
01-01 01:11:27.573  1671  1671 V Mms     : tag: int value: minMessageCountPerThread - 10
01-01 01:11:27.573  1671  1671 V Mms     : tag: int value: maxMessageCountPerThread - 5000
01-01 01:11:27.573  1671  1671 V Mms     : tag: string value: uaProfUrl - http://www.google.com/oha/rdf/ua-profile-kila.xml
01-01 01:11:27.573  1671  1671 V Mms     : tag: int value: recipientLimit - 100
01-01 01:11:27.573  1671  1671 V Mms     : tag: bool value: enableMultipartSMS - true
01-01 01:11:27.573  1671  1671 V Mms     : tag: int value: smsToMmsTextThreshold - -1
01-01 01:11:27.573  1671  1671 V Mms     : tag: bool value: enableSlideDuration - true
01-01 01:11:27.573  1671  1671 V Mms     : tag: int value: maxMessageTextSize - -1
01-01 01:11:27.573  1671  1671 V Mms     : tag: bool value: enableCreationMode - false
01-01 01:11:27.635   757  1247 W ActivityManager: Unable to start service Intent { cmp=com.suntek.mway.rcs.app.service/.impl.ServiceApiBinder } U=0: not found
01-01 01:11:27.637  1671  1671 D RCS_Service_API: com.suntek.mway.rcs.client.api.ServiceApi.init()  Line:128->bind com.suntek.mway.rcs.app.service.impl.ServiceApiBinder--> result:false
01-01 01:11:27.638   757   768 W ActivityManager: Unable to start service Intent { cmp=com.suntek.mway.rcs.app.service/.impl.plugin.PluginApiBinder } U=0: not found
01-01 01:11:27.639  1671  1671 D RCS_Service_API: com.suntek.mway.rcs.client.api.PluginApi.init()  Line:124->bind com.suntek.mway.rcs.app.service.impl.plugin.PluginApiBinder--> result:false
01-01 01:11:27.672  1671  1681 W art     : Suspending all threads took: 7.901ms
01-01 01:11:27.675   757   769 I ActivityManager: Start proc 1694:com.android.onetimeinitializer/u0a12 for broadcast com.android.onetimeinitializer/.OneTimeInitializerReceiver
01-01 01:11:27.678  1671  1671 D Mms-debug: Creating TransactionService
01-01 01:11:27.689  1671  1700 D Mms-debug: Handling incoming message: { when=-1ms what=5 arg1=1 obj=Intent { cmp=com.android.mms/.transaction.TransactionService } target=com.android.mms.transaction.TransactionService$ServiceHandler } = EVENT_NEW_INTENT
01-01 01:11:27.705  1671  1705 D Mms-debug: handleMessage serviceId: 1 intent: Intent { act=android.intent.action.BOOT_COMPLETED flg=0x8000010 cmp=com.android.mms/.transaction.SmsReceiverService (has extras) }
01-01 01:11:27.705  1671  1700 D Mms-debug: onNewIntent: serviceId: 1: null intent=Intent { cmp=com.android.mms/.transaction.TransactionService }
01-01 01:11:27.719  1228  1245 D MmsSmsDatabaseHelper: [MmsSmsDb] tableName: threads hasAutoIncrement: CREATE TABLE threads (_id INTEGER PRIMARY KEY AUTOINCREMENT,date INTEGER DEFAULT 0,message_count INTEGER DEFAULT 0,recipient_ids TEXT,snippet TEXT,snippet_cs INTEGER DEFAULT 0,read INTEGER DEFAULT 1,archived INTEGER DEFAULT 0,type INTEGER DEFAULT 0,error INTEGER DEFAULT 0,has_attachment INTEGER DEFAULT 0) result: true
01-01 01:11:27.721  1671  1705 D Mms-debug: handleMessage action: android.intent.action.BOOT_COMPLETED error: 0
01-01 01:11:27.721  1228  1245 D MmsSmsDatabaseHelper: [MmsSmsDb] tableName: canonical_addresses hasAutoIncrement: CREATE TABLE canonical_addresses (_id INTEGER PRIMARY KEY AUTOINCREMENT,address TEXT) result: true
01-01 01:11:27.724  1228  1245 D MmsSmsDatabaseHelper: [MmsSmsDb] tableName: part hasAutoIncrement: CREATE TABLE part (_id INTEGER PRIMARY KEY AUTOINCREMENT,mid INTEGER,seq INTEGER DEFAULT 0,ct TEXT,name TEXT,chset INTEGER,cd TEXT,fn TEXT,cid TEXT,cl TEXT,ctt_s INTEGER,ctt_t TEXT,_data TEXT,text TEXT) result: true
01-01 01:11:27.725  1228  1245 D MmsSmsDatabaseHelper: [MmsSmsDb] tableName: pdu hasAutoIncrement: CREATE TABLE pdu (_id INTEGER PRIMARY KEY AUTOINCREMENT,thread_id INTEGER,date INTEGER,date_sent INTEGER DEFAULT 0,msg_box INTEGER,read INTEGER DEFAULT 0,m_id TEXT,sub TEXT,sub_cs INTEGER,ct_t TEXT,ct_l TEXT,exp INTEGER,m_cls TEXT,m_type INTEGER,v INTEGER,m_size INTEGER,pri INTEGER,rr INTEGER,rpt_a INTEGER,resp_st INTEGER,st INTEGER,tr_id TEXT,retr_st INTEGER,retr_txt TEXT,retr_txt_cs INTEGER,read_status INTEGER,ct_cls INTEGER,resp_txt TEXT,d_tm INTEGER,d_rpt INTEGER,locked INTEGER DEFAULT 0,sub_id INTEGER DEFAULT -1, phone_id INTEGER DEFAULT -1, seen INTEGER DEFAULT 0,creator TEXT,text_only INTEGER DEFAULT 0) result: true
01-01 01:11:27.726  1228  1245 D MmsSmsDatabaseHelper: [getWritableDatabase] hasAutoIncrementThreads: true hasAutoIncrementAddresses: true hasAutoIncrementPart: true hasAutoIncrementPdu: true
01-01 01:11:27.737  1694  1694 W System  : ClassLoader referenced unknown path: /system/priv-app/OneTimeInitializer/lib/arm64
01-01 01:11:27.740  1694  1694 V OneTimeInitializerRece: OneTimeInitializerReceiver.onReceive
01-01 01:11:27.741   321   491 D PRDrmPlugIn: PRDrmPlugin::onInitialize, uniqueId = 1528
01-01 01:11:27.741  1671  1693 D Mms     : cancelNotification
01-01 01:11:27.741   321   491 D PRDrmPlugIn: PRDrmPlugin::onSetOnInfoListener: starts! uniqueId = 1528
01-01 01:11:27.741   321   491 D PRDrmPlugIn: PRDrmPlugin::onSetOnInfoListener: ends!
01-01 01:11:27.760  1671  1700 D Mms-debug: Cursor= >>>>> Dumping cursor android.content.ContentResolver$CursorWrapperInner@84bbacf
01-01 01:11:27.760  1671  1700 D Mms-debug: <<<<<
01-01 01:11:27.760  1671  1700 D Mms-debug: onNewIntent: cursor.count=0 action=null
01-01 01:11:27.760  1671  1700 D Mms-debug: onNewIntent: no pending messages. Stopping service.
01-01 01:11:27.775  1466  1466 D WifiCallingStatusControl: getIntent : android.intent.action.BOOT_COMPLETED flag : false
01-01 01:11:27.776  1671  1700 D Mms-debug: stopSelfIfIdle: STOP!
01-01 01:11:27.786   757   757 W System  : ClassLoader referenced unknown path: /system/app/AntHalService/lib/arm64
01-01 01:11:27.789   757   757 W ContextImpl: Calling a method in the system process without a qualified user: android.app.ContextImpl.startService:1221 android.content.ContextWrapper.startService:581 android.content.ContextWrapper.startService:581 com.dsi.ant.server.AntService.startService:129 com.dsi.ant.server.startup.BootCompletedReceiver.onReceive:41 
01-01 01:11:27.790   757   757 W ContextImpl: Implicit intents with startService are not safe: Intent { act=com.dsi.ant.server.IAntHal } android.content.ContextWrapper.startService:581 android.content.ContextWrapper.startService:581 com.dsi.ant.server.AntService.startService:129 
01-01 01:11:27.812   757   757 I ActivityManager: Start proc 1713:com.qualcomm.display/1000 for broadcast com.qualcomm.cabl/.CABLReceiver
01-01 01:11:27.813  1671  1700 D Mms-debug: Handling incoming message: { when=-129ms what=5 arg1=2 obj=Intent { cmp=com.android.mms/.transaction.TransactionService } target=com.android.mms.transaction.TransactionService$ServiceHandler } = EVENT_NEW_INTENT
01-01 01:11:27.824  1283  1670 W MediaScanner: Error opening directory '/oem/media/', skipping: No such file or directory.
01-01 01:11:27.826  1671  1700 D Mms-debug: onNewIntent: serviceId: 2: null intent=Intent { cmp=com.android.mms/.transaction.TransactionService }
01-01 01:11:27.843  1671  1700 D Mms-debug: Cursor= >>>>> Dumping cursor android.content.ContentResolver$CursorWrapperInner@643cc5c
01-01 01:11:27.843  1671  1700 D Mms-debug: <<<<<
01-01 01:11:27.843  1671  1700 D Mms-debug: onNewIntent: cursor.count=0 action=null
01-01 01:11:27.843  1671  1700 D Mms-debug: onNewIntent: no pending messages. Stopping service.
01-01 01:11:27.861  1671  1700 D Mms-debug: stopSelfIfIdle: STOP!
01-01 01:11:27.862  1671  1671 D Mms-debug: Destroying TransactionService
01-01 01:11:27.863  1671  1705 D Mms     : cancelNotification
01-01 01:11:27.865  1671  1700 D Mms-debug: Handling incoming message: { when=-3ms what=100 target=com.android.mms.transaction.TransactionService$ServiceHandler } = EVENT_QUIT
01-01 01:11:27.872  1713  1713 W System  : ClassLoader referenced unknown path: /system/app/CABLService/lib/arm64
01-01 01:11:27.875  1713  1713 W ContextImpl: Calling a method in the system process without a qualified user: android.app.ContextImpl.startService:1221 android.content.ContextWrapper.startService:581 android.content.ContextWrapper.startService:581 com.qualcomm.cabl.CABLReceiver.onReceive:30 android.app.ActivityThread.handleReceiver:2725 
01-01 01:11:27.883  1713  1713 D CABL    : PostProc daemon status: running
01-01 01:11:27.898  1713  1731 D CABL    : Connected to the daemon socket
01-01 01:11:27.900   757  1224 I ActivityManager: Start proc 1728:com.android.calendar/u0a27 for broadcast com.android.calendar/.alerts.AlertReceiver
01-01 01:11:27.949  1713  1713 D CABL    : Bootup: CABL state is:true
01-01 01:11:27.949  1713  1713 D CABL    : Starting CABL at bootup
01-01 01:11:27.951  1728  1728 W System  : ClassLoader referenced unknown path: /system/app/Calendar/lib/arm64
01-01 01:11:27.957  1713  1731 D CABL    : PostProc Daemon sent: Success
01-01 01:11:27.958  1713  1713 D CABL    : Matching expected outcome Success with response from daemon Success
01-01 01:11:27.967   390  1743 D PPDaemon: static ScreenRefresher* ScreenRefresher::getInstance(): Successfully loaded libqdutils.so
01-01 01:11:28.032  1728  1728 D ExtensionsFactory: No custom extensions.
01-01 01:11:28.039  1283  1670 V MediaScanner: pruneDeadThumbnailFiles... android.database.sqlite.SQLiteCursor@c4e34c7
01-01 01:11:28.040  1728  1728 D AlertReceiver: onReceive: a=android.intent.action.BOOT_COMPLETED Intent { act=android.intent.action.BOOT_COMPLETED flg=0x8000010 cmp=com.android.calendar/.alerts.AlertReceiver (has extras) }
01-01 01:11:28.042  1283  1670 V MediaScanner: /pruneDeadThumbnailFiles... android.database.sqlite.SQLiteCursor@c4e34c7
01-01 01:11:28.072  1441  1441 V AlarmClock: AlarmInitReceiver android.intent.action.BOOT_COMPLETED
01-01 01:11:28.075  1728  1750 D AlertService: 0 Action = android.intent.action.BOOT_COMPLETED
01-01 01:11:28.084  1728  1750 D AlertService: Scheduling next alarm with AlarmScheduler. sEventReminderReceived: null
01-01 01:11:28.110  1728  1750 D AlarmScheduler: No events found starting within 1 week.
01-01 01:11:28.120  1441  1754 V AlarmClock: AlarmInitReceiver - Reset timers and clear stopwatch data
01-01 01:11:28.159  1441  1754 V AlarmClock: AlarmInitReceiver finished
01-01 01:11:28.170   757   768 I ActivityManager: Start proc 1756:com.android.email/u0a32 for broadcast com.android.email/.service.EmailBroadcastReceiver
01-01 01:11:28.237  1756  1756 W System  : ClassLoader referenced unknown path: /system/app/Email/lib/arm64
01-01 01:11:28.296  1632  1632 I CalendarProvider2: Sending notification intent: Intent { act=android.intent.action.PROVIDER_CHANGED dat=content://com.android.calendar flg=0x20000000 }
01-01 01:11:28.297  1632  1632 W ContentResolver: Failed to get type for: content://com.android.calendar (Unknown URL content://com.android.calendar)
01-01 01:11:28.414   757  1247 I ActivityManager: Start proc 1770:com.android.exchange/u0a34 for service com.android.exchange/.service.EasService
01-01 01:11:28.454  1756  1782 D ActivityThread: Loading provider com.android.email.provider;com.android.email.notifier: com.android.email.provider.EmailProvider
01-01 01:11:28.478  1756  1786 D ActivityThread: Loading provider com.android.email.provider;com.android.email.notifier: com.android.email.provider.EmailProvider
01-01 01:11:28.483  1770  1770 W System  : ClassLoader referenced unknown path: /system/app/Exchange2/lib/arm64
01-01 01:11:28.487  1756  1788 D ActivityThread: Loading provider com.android.email.provider;com.android.email.notifier: com.android.email.provider.EmailProvider
01-01 01:11:28.490  1756  1783 D ActivityThread: Loading provider com.android.email.provider;com.android.email.notifier: com.android.email.provider.EmailProvider
01-01 01:11:28.508  1756  1766 W art     : Suspending all threads took: 5.819ms
01-01 01:11:28.547  1756  1756 D EmailBroadcastReceiver: Received android.intent.action.BOOT_COMPLETED
01-01 01:11:28.557  1152  1152 I SystemBroadcastReceiver: Boot has been completed
01-01 01:11:28.557  1152  1152 I SystemBroadcastReceiver: toggleAppIcon() : FLAG_SYSTEM = true
01-01 01:11:28.576  1713  1713 W System  : ClassLoader referenced unknown path: /system/app/PPPreference/lib/arm64
01-01 01:11:28.583  1713  1713 W ContextImpl: Calling a method in the system process without a qualified user: android.app.ContextImpl.startService:1221 android.content.ContextWrapper.startService:581 android.content.ContextWrapper.startService:581 com.qualcomm.display.PPReceiver.onReceive:33 android.app.ActivityThread.handleReceiver:2725 
01-01 01:11:28.601   757  1130 I ActivityManager: Start proc 1794:com.qualcomm.qualcommsettings/1000 for broadcast com.qualcomm.qualcommsettings/.Dun_Autoboot
01-01 01:11:28.602   757   986 W ActivityManager: Unable to start service Intent { cmp=com.android.email/.service.AttachmentService } U=0: not found
01-01 01:11:28.602   757  1224 W ActivityManager: Unable to start service Intent { cmp=com.android.email/.service.AttachmentService } U=0: not found
01-01 01:11:28.603   757  1247 W ActivityManager: Unable to start service Intent { cmp=com.android.email/.service.AttachmentService } U=0: not found
01-01 01:11:28.614  1713  1802 D PPDaemonConnector: Connected to the daemon socket
01-01 01:11:28.615  1770  1770 I Exchange: EasService.onCreate
01-01 01:11:28.638   757  1130 I ActivityManager: Process com.android.externalstorage (pid 891) has died
01-01 01:11:28.653  1756  1799 I Email   : Observing account changes for notifications
01-01 01:11:28.663   757  1224 W ActivityManager: Unable to start service Intent { cmp=com.android.email/.service.AttachmentService } U=0: not found
01-01 01:11:28.664   757   906 W ActivityManager: Unable to start service Intent { cmp=com.android.email/.service.AttachmentService } U=0: not found
01-01 01:11:28.670  1770  1812 I Exchange: RestartPingTask
01-01 01:11:28.687  1756  1756 E ActivityThread: Service com.android.email.service.EmailBroadcastProcessorService has leaked ServiceConnection com.android.emailcommon.service.ServiceProxy$ProxyConnection@e241319 that was originally bound here
01-01 01:11:28.687  1756  1756 E ActivityThread: android.app.ServiceConnectionLeaked: Service com.android.email.service.EmailBroadcastProcessorService has leaked ServiceConnection com.android.emailcommon.service.ServiceProxy$ProxyConnection@e241319 that was originally bound here
01-01 01:11:28.687  1756  1756 E ActivityThread: 	at android.app.LoadedApk$ServiceDispatcher.<init>(LoadedApk.java:1092)
01-01 01:11:28.687  1756  1756 E ActivityThread: 	at android.app.LoadedApk.getServiceDispatcher(LoadedApk.java:986)
01-01 01:11:28.687  1756  1756 E ActivityThread: 	at android.app.ContextImpl.bindServiceCommon(ContextImpl.java:1303)
01-01 01:11:28.687  1756  1756 E ActivityThread: 	at android.app.ContextImpl.bindService(ContextImpl.java:1286)
01-01 01:11:28.687  1756  1756 E ActivityThread: 	at android.content.ContextWrapper.bindService(ContextWrapper.java:604)
01-01 01:11:28.687  1756  1756 E ActivityThread: 	at com.android.emailcommon.service.ServiceProxy.setTask(ServiceProxy.java:181)
01-01 01:11:28.687  1756  1756 E ActivityThread: 	at com.android.emailcommon.service.ServiceProxy.test(ServiceProxy.java:224)
01-01 01:11:28.687  1756  1756 E ActivityThread: 	at com.android.email.service.EmailServiceUtils.isServiceAvailable(EmailServiceUtils.java:160)
01-01 01:11:28.687  1756  1756 E ActivityThread: 	at com.android.email.provider.AccountReconciler.reconcileAccountsInternal(AccountReconciler.java:171)
01-01 01:11:28.687  1756  1756 E ActivityThread: 	at com.android.email.provider.AccountReconciler.reconcileAccounts(AccountReconciler.java:115)
01-01 01:11:28.687  1756  1756 E ActivityThread: 	at com.android.email.service.EmailBroadcastProcessorService.reconcileAndStartServices(EmailBroadcastProcessorService.java:305)
01-01 01:11:28.687  1756  1756 E ActivityThread: 	at com.android.email.service.EmailBroadcastProcessorService.onBootCompleted(EmailBroadcastProcessorService.java:295)
01-01 01:11:28.687  1756  1756 E ActivityThread: 	at com.android.email.service.EmailBroadcastProcessorService.onHandleIntent(EmailBroadcastProcessorService.java:130)
01-01 01:11:28.687  1756  1756 E ActivityThread: 	at android.app.IntentService$ServiceHandler.handleMessage(IntentService.java:66)
01-01 01:11:28.687  1756  1756 E ActivityThread: 	at android.os.Handler.dispatchMessage(Handler.java:102)
01-01 01:11:28.687  1756  1756 E ActivityThread: 	at android.os.Looper.loop(Looper.java:148)
01-01 01:11:28.687  1756  1756 E ActivityThread: 	at android.os.HandlerThread.run(HandlerThread.java:61)
01-01 01:11:28.705  1770  1770 I Exchange: RestartPingsTask did not start any pings.
01-01 01:11:28.706  1770  1770 I Exchange: PSS stopIfIdle
01-01 01:11:28.706  1770  1770 I Exchange: PSS has no active accounts; stopping service.
01-01 01:11:28.708  1794  1794 W System  : ClassLoader referenced unknown path: /system/app/QualcommSettings/lib/arm64
01-01 01:11:28.712  1794  1794 W ContextImpl: Calling a method in the system process without a qualified user: android.app.ContextImpl.startService:1221 android.content.ContextWrapper.startService:581 android.content.ContextWrapper.startService:581 com.qualcomm.qualcommsettings.Dun_Autoboot.onReceive:57 android.app.ActivityThread.handleReceiver:2725 
01-01 01:11:28.715   267   267 E lowmemorykiller: Error writing /proc/1385/oom_score_adj; errno=22
01-01 01:11:28.717  1794  1794 E Dun Auto Boot: Dun Auto Boot Started Successfully
01-01 01:11:28.720  1794  1794 I Dun Service: Dun Background Service Created Successfully
01-01 01:11:28.723  1770  1770 I Exchange: onDestroy
01-01 01:11:28.727   267   267 E lowmemorykiller: Error writing /proc/1385/oom_score_adj; errno=22
01-01 01:11:28.730  1794  1794 V AudioSphereFeatures: Set AudioSphere params on Boot
01-01 01:11:28.740   757   769 I ActivityManager: Process com.caf.fmradio (pid 1385) has died
01-01 01:11:28.745  1770  1770 I Exchange: EasService.onCreate
01-01 01:11:28.748   323   830 V SRS_Proc: ParamSet string: asphere_enable=0;asphere_strength=1000
01-01 01:11:28.748   323   830 D audio_hw_primary: adev_set_parameters: enter: asphere_enable=0;asphere_strength=1000
01-01 01:11:28.748   323   830 D audio_hw_extn: audio_extn_set_anc_parameters: anc_enabled:0
01-01 01:11:28.749   323   830 E bt_a2dp_hw: adev_set_parameters: ERROR: set param called even when stream out is null
01-01 01:11:28.750  1770  1817 I Exchange: RestartPingTask
01-01 01:11:28.766  1713  1713 W System  : ClassLoader referenced unknown path: /system/app/SVIService/lib/arm64
01-01 01:11:28.769  1770  1770 I Exchange: RestartPingsTask did not start any pings.
01-01 01:11:28.769  1770  1770 I Exchange: PSS stopIfIdle
01-01 01:11:28.769  1770  1770 I Exchange: PSS has no active accounts; stopping service.
01-01 01:11:28.771  1713  1713 W ContextImpl: Calling a method in the system process without a qualified user: android.app.ContextImpl.startService:1221 android.content.ContextWrapper.startService:581 android.content.ContextWrapper.startService:581 com.qualcomm.svi.SVIReceiver.onReceive:30 android.app.ActivityThread.handleReceiver:2725 
01-01 01:11:28.772  1770  1770 I Exchange: onDestroy
01-01 01:11:28.793  1671  1671 D Mms-debug: onReceiveWithPrivilege:intent=Intent { act=com.android.mms.transaction.SEND_INACTIVE_MESSAGE flg=0x10 cmp=com.android.mms/.transaction.SmsReceiver }|privileged=false
01-01 01:11:28.803  1728  1728 D AlertReceiver: onReceive: a=android.intent.action.PROVIDER_CHANGED Intent { act=android.intent.action.PROVIDER_CHANGED dat=content://com.android.calendar flg=0x20000010 cmp=com.android.calendar/.alerts.AlertReceiver }
01-01 01:11:28.812  1671  1671 D Mms-debug: onStart: #1 resultCode: -1 = Activity.RESULT_OK
01-01 01:11:28.812  1671  1819 D Mms-debug: handleMessage serviceId: 1 intent: Intent { act=com.android.mms.transaction.SEND_INACTIVE_MESSAGE flg=0x10 cmp=com.android.mms/.transaction.SmsReceiverService (has extras) }
01-01 01:11:28.813  1728  1820 D AlertService: 0 Action = android.intent.action.PROVIDER_CHANGED
01-01 01:11:28.817  1671  1819 D Mms-debug: handleMessage action: com.android.mms.transaction.SEND_INACTIVE_MESSAGE error: 0
01-01 01:11:31.790  1827  1827 F libc    : page record for 0xf747802c was not found (block_size=16)
01-01 01:11:33.815  1728  1820 I GlobalDismissManager: no sender configured
01-01 01:11:33.815  1728  1820 D AlertService: Beginning updateAlertNotification
01-01 01:11:33.836  1728  1820 D AlertService: No fired or scheduled alerts
01-01 01:11:33.849  1728  1820 D AlertService: Scheduling next alarm with AlarmScheduler. sEventReminderReceived: null
01-01 01:11:33.865  1728  1820 D AlarmScheduler: No events found starting within 1 week.
01-01 01:11:36.712   757   778 I PowerManagerService: Going to sleep due to screen timeout (uid 1000)...
01-01 01:11:36.733   757   778 I Adreno-EGL: <qeglDrvAPI_eglInitialize:379>: EGL 1.4 QUALCOMM build: AU_LINUX_ANDROID_LA.BR.1.2.7_RB1.06.00.01.208.010_msm8916_64_refs/tags/AU_LINUX_ANDROID_LA.BR.1.2.7_RB1.06.00.01.208.010__release_AU (I3f4bae6ca5)
01-01 01:11:36.733   757   778 I Adreno-EGL: OpenGL ES Shader Compiler Version: XE031.06.00.05
01-01 01:11:36.733   757   778 I Adreno-EGL: Build Date: 04/29/16 Fri
01-01 01:11:36.733   757   778 I Adreno-EGL: Local Branch: 
01-01 01:11:36.733   757   778 I Adreno-EGL: Remote Branch: refs/tags/AU_LINUX_ANDROID_LA.BR.1.2.7_RB1.06.00.01.208.010
01-01 01:11:36.733   757   778 I Adreno-EGL: Local Patches: NONE
01-01 01:11:36.733   757   778 I Adreno-EGL: Reconstruct Branch: NOTHING
01-01 01:11:36.774   269   300 D PermissionCache: checking android.permission.READ_FRAME_BUFFER for uid=1000 => granted (272 us)
01-01 01:11:36.821  1830  1830 F libc    : page record for 0xf777002c was not found (block_size=16)
01-01 01:11:36.868   757  1265 I ActivityManager: Process android.process.acore (pid 1115) has died
01-01 01:11:36.951   757   768 I ActivityManager: Process com.android.cellbroadcastreceiver (pid 1526) has died
01-01 01:11:37.450   757   778 V KeyguardServiceDelegate: onScreenTurnedOff()
01-01 01:11:37.478   757   778 E libEGL  : call to OpenGL ES API with no current context (logged once per thread)
01-01 01:11:37.480   390  1743 E libnav  : AbaSetOriginalBacklightLevel: bad input paramters
01-01 01:11:37.482   757   776 I DisplayManagerService: Display device changed state: "Built-in Screen", OFF
01-01 01:11:37.502   269   269 D SurfaceFlinger: Set power mode=0, type=0 flinger=0x55968a44f0
01-01 01:11:37.502   269   269 D qdhwcomposer: hwc_setPowerMode: Setting mode 0 on display: 0
01-01 01:11:37.503   269   269 E qdutils : int qdutils::getHDMINode(): Failed to open fb node 2
01-01 01:11:37.503   269   269 E qdutils : int qdutils::getHDMINode(): Failed to open fb node 3
01-01 01:11:37.503   269   269 E qdutils : int qdutils::getHDMINode(): Failed to find HDMI node
01-01 01:11:37.596   269   502 I qdhwcomposer: handle_blank_event: dpy:0 panel power state: 0
01-01 01:11:37.596   269   502 E qdutils : int qdutils::getHDMINode(): Failed to open fb node 2
01-01 01:11:37.596   269   502 E qdutils : int qdutils::getHDMINode(): Failed to open fb node 3
01-01 01:11:37.596   269   502 E qdutils : int qdutils::getHDMINode(): Failed to find HDMI node
01-01 01:11:37.596   269   269 D qdhwcomposer: hwc_setPowerMode: Done setting mode 0 on display 0
01-01 01:11:37.600   757   842 D SurfaceControl: Excessive delay in setPowerMode(): 113ms
01-01 01:11:37.601   757   778 I QTI PowerHAL: Got set_interactive hint
01-01 01:11:37.613   757   778 E QCOM PowerHAL: Failed to acquire lock.
01-01 01:11:37.618   757   778 I DreamManagerService: Entering dreamland.
01-01 01:11:37.619   757   773 I DreamController: Starting dream: name=ComponentInfo{com.android.systemui/com.android.systemui.doze.DozeService}, isTest=false, canDoze=true, userId=0
01-01 01:11:37.621   757   778 I PowerManagerService: Dozing...
01-01 01:11:37.666   757   757 W InputMethodManagerService: Unexpected intent Intent { act=android.intent.action.SCREEN_ON flg=0x50000010 }
01-01 01:11:37.669   757   812 E WifiStateMachine:  Fail to set up pno, want false now false
01-01 01:11:37.669   323   832 V SRS_Proc: ParamSet string: screen_state=on
01-01 01:11:37.669   323   832 D audio_hw_primary: adev_set_parameters: enter: screen_state=on
01-01 01:11:37.669   323   832 D audio_hw_extn: audio_extn_set_anc_parameters: anc_enabled:0
01-01 01:11:37.669   323   832 E bt_a2dp_hw: adev_set_parameters: ERROR: set param called even when stream out is null
01-01 01:11:37.677   878   878 D PhoneStatusBar: disable: < expand ICONS alerts SYSTEM_INFO back HOME RECENT clock SEARCH quick_settings >
01-01 01:11:37.744   323   831 V SRS_Proc: ParamSet string: screen_state=off
01-01 01:11:37.744   323   831 D audio_hw_primary: adev_set_parameters: enter: screen_state=off
01-01 01:11:37.744   323   831 D audio_hw_extn: audio_extn_set_anc_parameters: anc_enabled:0
01-01 01:11:37.744   323   831 E bt_a2dp_hw: adev_set_parameters: ERROR: set param called even when stream out is null
01-01 01:11:37.746   757   812 E WifiStateMachine:  Fail to set up pno, want false now false
01-01 01:11:39.135   757   771 I ActivityManager: Waited long enough for: ServiceRecord{4e2e7a5 u0 com.qualcomm.location.XT/.XTSrv}
01-01 01:11:41.853  1841  1841 F libc    : page record for 0xf725a02c was not found (block_size=16)
01-01 01:11:42.117   757   771 I ActivityManager: Waited long enough for: ServiceRecord{75a0a0b u0 com.qti.diagservices/.QTIDiagServices}
01-01 01:11:43.084   757   771 I ActivityManager: Waited long enough for: ServiceRecord{810293a u0 com.android.calendar/.alerts.InitAlarmsService}
01-01 01:11:43.717   757   771 I ActivityManager: Waited long enough for: ServiceRecord{fa1e98d u0 com.qualcomm.qualcommsettings/.DunService}
01-01 01:11:43.777   757   771 I ActivityManager: Waited long enough for: ServiceRecord{92631af u0 com.qualcomm.svi/.SVIService}
01-01 01:11:46.885  1842  1842 F libc    : page record for 0xf74ec02c was not found (block_size=16)
01-01 01:11:51.916  1843  1843 F libc    : page record for 0xf71b202c was not found (block_size=16)
01-01 01:11:56.948  1844  1844 F libc    : page record for 0xf775a02c was not found (block_size=16)
01-01 01:11:58.089  1728  1752 D InitAlarmsService: Clearing and rescheduling alarms.
01-01 01:11:59.966   757   778 I PowerManagerService: Waking up from dozing (uid 1000)...
01-01 01:11:59.966   757   778 I QTI PowerHAL: Got set_interactive hint
01-01 01:11:59.967   757   778 E QCOM PowerHAL: Invalid hint ID.
01-01 01:11:59.972   757   778 I DisplayPowerController: Blocking screen on until initial contents have been drawn.
01-01 01:11:59.973   757   778 V KeyguardServiceDelegate: onScreenTurnedOn(showListener = com.android.server.policy.PhoneWindowManager$2@157326d)
01-01 01:11:59.973   757   757 V KeyguardServiceDelegate: onStartedWakingUp()
01-01 01:11:59.975   269   269 D SurfaceFlinger: Set power mode=2, type=0 flinger=0x55968a44f0
01-01 01:11:59.975   269   269 D qdhwcomposer: hwc_setPowerMode: Setting mode 2 on display: 0
01-01 01:11:59.975   269   269 E qdutils : int qdutils::getHDMINode(): Failed to open fb node 2
01-01 01:11:59.975   757   776 I DisplayManagerService: Display device changed state: "Built-in Screen", ON
01-01 01:11:59.976   269   269 E qdutils : int qdutils::getHDMINode(): Failed to open fb node 3
01-01 01:11:59.976   269   269 E qdutils : int qdutils::getHDMINode(): Failed to find HDMI node
01-01 01:11:59.991   757   769 V KeyguardServiceDelegate: **** SHOWN CALLED ****
01-01 01:12:00.015   757   812 E WifiStateMachine:  Fail to set up pno, want false now false
01-01 01:12:00.016   323   829 V SRS_Proc: ParamSet string: screen_state=on
01-01 01:12:00.016   323   829 D audio_hw_primary: adev_set_parameters: enter: screen_state=on
01-01 01:12:00.016   323   829 D audio_hw_extn: audio_extn_set_anc_parameters: anc_enabled:0
01-01 01:12:00.016   323   829 E bt_a2dp_hw: adev_set_parameters: ERROR: set param called even when stream out is null
01-01 01:12:00.022   878   878 W PathParser: Points are too far apart 4.030360828967057
01-01 01:12:00.022   878   878 W PathParser: Points are too far apart 4.030360538880159
01-01 01:12:00.079   757   778 I DisplayPowerController: Unblocked screen on after 111 ms
01-01 01:12:00.080   757   778 V KeyguardServiceDelegate: onScreenTurnedOn()
01-01 01:12:00.080   757   778 I DreamManagerService: Gently waking up from dream.
01-01 01:12:00.164   757  1224 I DreamManagerService: Leaving dreamland.
01-01 01:12:00.166   757   773 I DreamController: Stopping dream: name=ComponentInfo{com.android.systemui/com.android.systemui.doze.DozeService}, isTest=false, canDoze=true, userId=0
01-01 01:12:00.236   878   878 W PathParser: Points are too far apart 4.030360828967057
01-01 01:12:00.237   878   878 W PathParser: Points are too far apart 4.030360538880159
01-01 01:12:00.608   269   502 I qdhwcomposer: handle_blank_event: dpy:0 panel power state: 1
01-01 01:12:00.609   269   502 E qdutils : int qdutils::getHDMINode(): Failed to open fb node 2
01-01 01:12:00.609   269   502 E qdutils : int qdutils::getHDMINode(): Failed to open fb node 3
01-01 01:12:00.610   269   502 E qdutils : int qdutils::getHDMINode(): Failed to find HDMI node
01-01 01:12:00.663   269   269 D qdhwcomposer: hwc_setPowerMode: Done setting mode 2 on display 0
01-01 01:12:00.664   757   842 D SurfaceControl: Excessive delay in setPowerMode(): 689ms
01-01 01:12:00.670   757   773 W art     : Long monitor contention event with owner method=void com.android.server.wm.WindowAnimator$1.doFrame(long) from WindowAnimator.java:121 waiters=0 for 502ms
01-01 01:12:00.726   390  1744 I PPDaemon: int ScreenRefresher::Refresh(uint32_t, uint32_t)(): Skipping refresh request! refCount 1, state 5
01-01 01:12:00.728   390  1744 I PPDaemon: int ScreenRefresher::Refresh(uint32_t, uint32_t)(): Skipping refresh request! refCount 2, state 5
01-01 01:12:01.045   757   800 E EventHub: could not get driver version for /dev/input/mouse1, Not a typewriter
01-01 01:12:01.051   757   847 D UsbHostManager: Added device UsbDevice[mName=/dev/bus/usb/001/003,mVendorId=16700,mProductId=12314,mClass=0,mSubclass=0,mProtocol=0,mManufacturerName=PixArt,mProductName=Dell MS116 USB Optical Mouse,mVersion=2.0,mSerialNumber=null,mConfigurations=[
01-01 01:12:01.051   757   847 D UsbHostManager: UsbConfiguration[mId=1,mName=null,mAttributes=160,mMaxPower=50,mInterfaces=[
01-01 01:12:01.051   757   847 D UsbHostManager: UsbInterface[mId=0,mAlternateSetting=0,mName=null,mClass=3,mSubclass=1,mProtocol=2,mEndpoints=[
01-01 01:12:01.051   757   847 D UsbHostManager: UsbEndpoint[mAddress=129,mAttributes=3,mMaxPacketSize=4,mInterval=10]]]]
01-01 01:12:01.054   757   847 W ContextImpl: Calling a method in the system process without a qualified user: android.app.ContextImpl.sendBroadcast:763 com.android.server.usb.UsbSettingsManager.deviceAttached:742 com.android.server.usb.UsbHostManager.endUsbDeviceAdded:225 com.android.server.usb.UsbHostManager.monitorUsbHostBus:-2 com.android.server.usb.UsbHostManager.access$000:40 
