01-01 01:13:16.617   323  1992 D audio_hw_primary: copl(0xaacc5b88): writing buffer (24242 bytes) to compress device
01-01 01:13:16.625   323  1989 I AudioSink: callbackwrapper: EVENT_UNDERRUN (discarded)
01-01 01:13:16.628   323  1992 D audio_hw_primary: copl(0xaacc5b88): writing buffer (24241 bytes) to compress device
01-01 01:13:16.637   323  1989 I AudioSink: callbackwrapper: EVENT_UNDERRUN (discarded)
01-01 01:13:16.639   323  1992 D audio_hw_primary: copl(0xaacc5b88): writing buffer (48484 bytes) to compress device
01-01 01:13:16.639   323  1992 D audio_hw_primary: No space available in compress driver, post msg to cb thread
01-01 01:13:16.639   323  1990 D audio_hw_primary: copl(0xaacc5b88):calling compress_wait
01-01 01:13:16.649   323  1989 I AudioSink: callbackwrapper: EVENT_UNDERRUN (discarded)
01-01 01:13:17.436  1995  1995 F libc    : page record for 0xf716202c was not found (block_size=16)
01-01 01:13:18.761   878   965 I vol.Events: writeEvent level_changed STREAM_MUSIC 0
01-01 01:13:18.769   878   965 I vol.Events: writeEvent active_stream_changed STREAM_MUSIC
01-01 01:13:18.775   878   965 I vol.Events: writeEvent key STREAM_MUSIC 0
01-01 01:13:18.788   878   878 I vol.Events: writeEvent show_dialog volume_changed keyguard=false
01-01 01:13:18.865   757   776 W ResourceType: Invalid package identifier when getting bag for resource number 0xffffffff
01-01 01:13:18.903  1152  1152 D EmojiAltPhysicalKeyDetector: onKeyUp() : KeyEvent { action=ACTION_UP, keyCode=KEYCODE_VOLUME_DOWN, scanCode=114, metaState=0, flags=0x8, repeatCount=0, eventTime=155534, downTime=155214, deviceId=3, source=0x101 }
01-01 01:13:18.903  1152  1152 D EmojiAltPhysicalKeyDetector: onKeyUp() : Not Mapped: 25
01-01 01:13:19.348   323   826 D audio_hw_primary: out_standby: enter: stream (0xaac8ae08) usecase(1: low-latency-playback)
01-01 01:13:19.367   323   826 D audio_hw_primary: disable_audio_route: reset and update mixer path: low-latency-playback hdmi
01-01 01:13:19.368   323   826 D soundtrigger: audio_extn_sound_trigger_update_stream_status: uc_id 1 of type 0 for Event 2, with Raise=0
01-01 01:13:19.368   323   826 D hardware_info: hw_info_append_hw_type : device_name = hdmi
01-01 01:13:19.368   323   826 D audio_hw_primary: check_and_set_hdmi_channels: Requested channels are same as current channels(2)
01-01 01:13:20.282   878   878 I vol.Events: writeEvent dismiss_dialog timeout
01-01 01:13:20.283   878   965 I vol.Events: writeEvent active_stream_changed UNKNOWN_STREAM_-1
01-01 01:13:20.403   323  1990 D audio_hw_primary: copl(0xaacc5b88):out of compress_wait
01-01 01:13:20.404   323  1992 D audio_hw_primary: copl(0xaacc5b88): writing buffer (48484 bytes) to compress device
01-01 01:13:20.405   323  1992 D audio_hw_primary: copl(0xaacc5b88): writing buffer (65536 bytes) to compress device
01-01 01:13:20.405   323  1992 D audio_hw_primary: No space available in compress driver, post msg to cb thread
01-01 01:13:20.406   323  1990 D audio_hw_primary: copl(0xaacc5b88):calling compress_wait
01-01 01:13:23.257   757   800 I EventHub: Removing device '/dev/input/mouse1' due to inotify event
01-01 01:13:23.282  1998  1998 F libc    : page record for 0xf768802c was not found (block_size=16)
01-01 01:13:23.342   757   800 I EventHub: Removing device PixArt Dell MS116 USB Optical Mouse due to epoll hang-up event.
01-01 01:13:23.342   757   800 I EventHub: Removed device: path=/dev/input/event6 name=PixArt Dell MS116 USB Optical Mouse id=7 fd=169 classes=0x80000008
01-01 01:13:23.468   757   800 I InputReader: Device removed: id=7, name='PixArt Dell MS116 USB Optical Mouse', sources=0x00002002
01-01 01:13:23.469   757   800 I EventHub: Removing device '/dev/input/event6' due to inotify event
01-01 01:13:23.474  1249  1249 W ViewRootImpl: Cancelling event due to no window focus: MotionEvent { action=ACTION_CANCEL, actionButton=0, id[0]=0, x[0]=840.53, y[0]=303.41415, toolType[0]=TOOL_TYPE_MOUSE, buttonState=0, metaState=0, flags=0x0, edgeFlags=0x0, pointerCount=1, historySize=0, eventTime=160111, downTime=88477, deviceId=7, source=0x2002 }
01-01 01:13:23.474  1249  1249 W ViewRootImpl: Cancelling event due to no window focus: MotionEvent { action=ACTION_CANCEL, actionButton=0, id[0]=0, x[0]=840.53, y[0]=303.41415, toolType[0]=TOOL_TYPE_MOUSE, buttonState=0, metaState=0, flags=0x0, edgeFlags=0x0, pointerCount=1, historySize=0, eventTime=160111, downTime=88477, deviceId=7, source=0x2002 }
01-01 01:13:23.474  1249  1249 W ViewRootImpl: Cancelling event due to no window focus: MotionEvent { action=ACTION_CANCEL, actionButton=0, id[0]=0, x[0]=840.53, y[0]=303.41415, toolType[0]=TOOL_TYPE_MOUSE, buttonState=0, metaState=0, flags=0x0, edgeFlags=0x0, pointerCount=1, historySize=0, eventTime=160111, downTime=88477, deviceId=7, source=0x2002 }
01-01 01:13:23.475  1249  1249 W ViewRootImpl: Cancelling event due to no window focus: MotionEvent { action=ACTION_CANCEL, actionButton=0, id[0]=0, x[0]=840.53, y[0]=303.41415, toolType[0]=TOOL_TYPE_MOUSE, buttonState=0, metaState=0, flags=0x0, edgeFlags=0x0, pointerCount=1, historySize=0, eventTime=160111, downTime=88477, deviceId=7, source=0x2002 }
01-01 01:13:24.279   757   757 I EntropyMixer: Writing entropy...
01-01 01:13:24.503   323  1990 D audio_hw_primary: copl(0xaacc5b88):out of compress_wait
01-01 01:13:24.503   323  1992 D audio_hw_primary: copl(0xaacc5b88): writing buffer (65536 bytes) to compress device
01-01 01:13:24.504   323  1992 D audio_hw_primary: copl(0xaacc5b88): writing buffer (65536 bytes) to compress device
01-01 01:13:24.504   323  1992 D audio_hw_primary: No space available in compress driver, post msg to cb thread
01-01 01:13:24.505   323  1990 D audio_hw_primary: copl(0xaacc5b88):calling compress_wait
01-01 01:13:24.510   878   878 W PathParser: Points are too far apart 4.030360828967057
01-01 01:13:24.511   878   878 W PathParser: Points are too far apart 4.030360538880159
01-01 01:13:28.299  2009  2009 F libc    : page record for 0xf730802c was not found (block_size=16)
01-01 01:13:28.603   323  1990 D audio_hw_primary: copl(0xaacc5b88):out of compress_wait
01-01 01:13:28.604   323  1992 D audio_hw_primary: copl(0xaacc5b88): writing buffer (65536 bytes) to compress device
01-01 01:13:28.605   323  1992 D audio_hw_primary: copl(0xaacc5b88): writing buffer (65536 bytes) to compress device
01-01 01:13:28.606   323  1992 D audio_hw_primary: No space available in compress driver, post msg to cb thread
01-01 01:13:28.606   323  1990 D audio_hw_primary: copl(0xaacc5b88):calling compress_wait
01-01 01:13:32.704   323  1990 D audio_hw_primary: copl(0xaacc5b88):out of compress_wait
01-01 01:13:32.704   323  1992 D audio_hw_primary: copl(0xaacc5b88): writing buffer (65536 bytes) to compress device
01-01 01:13:32.705   323  1992 D audio_hw_primary: copl(0xaacc5b88): writing buffer (65536 bytes) to compress device
01-01 01:13:32.710   323  1992 D audio_hw_primary: No space available in compress driver, post msg to cb thread
01-01 01:13:32.711   323  1990 D audio_hw_primary: copl(0xaacc5b88):calling compress_wait
01-01 01:13:33.331  2010  2010 F libc    : page record for 0xf770a02c was not found (block_size=16)
01-01 01:13:36.804   323  1990 D audio_hw_primary: copl(0xaacc5b88):out of compress_wait
01-01 01:13:36.804   323  1992 D audio_hw_primary: copl(0xaacc5b88): writing buffer (65536 bytes) to compress device
01-01 01:13:36.806   323  1992 D audio_hw_primary: copl(0xaacc5b88): writing buffer (65536 bytes) to compress device
01-01 01:13:36.807   323  1992 D audio_hw_primary: No space available in compress driver, post msg to cb thread
01-01 01:13:36.808   323  1990 D audio_hw_primary: copl(0xaacc5b88):calling compress_wait
01-01 01:13:38.357  2011  2011 F libc    : page record for 0xf774202c was not found (block_size=16)
01-01 01:13:40.885   323  1990 D audio_hw_primary: copl(0xaacc5b88):out of compress_wait
01-01 01:13:40.886   323  1992 D audio_hw_primary: copl(0xaacc5b88): writing buffer (65536 bytes) to compress device
01-01 01:13:40.887   323  1992 D audio_hw_primary: copl(0xaacc5b88): writing buffer (65536 bytes) to compress device
01-01 01:13:40.888   323  1992 D audio_hw_primary: No space available in compress driver, post msg to cb thread
01-01 01:13:40.888   323  1990 D audio_hw_primary: copl(0xaacc5b88):calling compress_wait
01-01 01:13:42.386  2012  2012 F libc    : page record for 0xf744202c was not found (block_size=16)
01-01 01:13:44.983   323  1990 D audio_hw_primary: copl(0xaacc5b88):out of compress_wait
01-01 01:13:44.983   323  1992 D audio_hw_primary: copl(0xaacc5b88): writing buffer (65536 bytes) to compress device
01-01 01:13:44.984   323  1992 D audio_hw_primary: copl(0xaacc5b88): writing buffer (65536 bytes) to compress device
01-01 01:13:44.985   323  1992 D audio_hw_primary: No space available in compress driver, post msg to cb thread
01-01 01:13:44.990   323  1990 D audio_hw_primary: copl(0xaacc5b88):calling compress_wait
01-01 01:13:47.419  2013  2013 F libc    : page record for 0xf74da02c was not found (block_size=16)
01-01 01:13:49.083   323  1990 D audio_hw_primary: copl(0xaacc5b88):out of compress_wait
01-01 01:13:49.083   323  1992 D audio_hw_primary: copl(0xaacc5b88): writing buffer (65536 bytes) to compress device
01-01 01:13:49.084   323  1992 D audio_hw_primary: copl(0xaacc5b88): writing buffer (65536 bytes) to compress device
01-01 01:13:49.086   323  1992 D audio_hw_primary: No space available in compress driver, post msg to cb thread
01-01 01:13:49.090   323  1990 D audio_hw_primary: copl(0xaacc5b88):calling compress_wait
01-01 01:13:52.453  2014  2014 F libc    : page record for 0xf6fc202c was not found (block_size=16)
01-01 01:13:53.184   323  1990 D audio_hw_primary: copl(0xaacc5b88):out of compress_wait
01-01 01:13:53.184   323  1992 D audio_hw_primary: copl(0xaacc5b88): writing buffer (65536 bytes) to compress device
01-01 01:13:53.185   323  1992 D audio_hw_primary: copl(0xaacc5b88): writing buffer (65536 bytes) to compress device
01-01 01:13:53.185   323  1992 D audio_hw_primary: No space available in compress driver, post msg to cb thread
01-01 01:13:53.186   323  1990 D audio_hw_primary: copl(0xaacc5b88):calling compress_wait
01-01 01:13:57.284   323  1990 D audio_hw_primary: copl(0xaacc5b88):out of compress_wait
01-01 01:13:57.284   323  1992 D audio_hw_primary: copl(0xaacc5b88): writing buffer (65536 bytes) to compress device
01-01 01:13:57.285   323  1992 D audio_hw_primary: copl(0xaacc5b88): writing buffer (65536 bytes) to compress device
01-01 01:13:57.286   323  1992 D audio_hw_primary: No space available in compress driver, post msg to cb thread
01-01 01:13:57.286   323  1990 D audio_hw_primary: copl(0xaacc5b88):calling compress_wait
01-01 01:13:57.484  2015  2015 F libc    : page record for 0xf719c02c was not found (block_size=16)
01-01 01:14:01.365   323  1990 D audio_hw_primary: copl(0xaacc5b88):out of compress_wait
01-01 01:14:01.366   323  1992 D audio_hw_primary: copl(0xaacc5b88): writing buffer (65536 bytes) to compress device
01-01 01:14:01.367   323  1992 D audio_hw_primary: copl(0xaacc5b88): writing buffer (65536 bytes) to compress device
01-01 01:14:01.368   323  1992 D audio_hw_primary: No space available in compress driver, post msg to cb thread
01-01 01:14:01.368   323  1990 D audio_hw_primary: copl(0xaacc5b88):calling compress_wait
01-01 01:14:02.509  2016  2016 F libc    : page record for 0xf74d402c was not found (block_size=16)
01-01 01:14:05.464   323  1990 D audio_hw_primary: copl(0xaacc5b88):out of compress_wait
01-01 01:14:05.464   323  1992 D audio_hw_primary: copl(0xaacc5b88): writing buffer (65536 bytes) to compress device
01-01 01:14:05.465   323  1992 D audio_hw_primary: copl(0xaacc5b88): writing buffer (65536 bytes) to compress device
01-01 01:14:05.467   323  1992 D audio_hw_primary: No space available in compress driver, post msg to cb thread
01-01 01:14:05.467   323  1990 D audio_hw_primary: copl(0xaacc5b88):calling compress_wait
01-01 01:14:07.542  2017  2017 F libc    : page record for 0xf743c02c was not found (block_size=16)
01-01 01:14:09.563   323  1990 D audio_hw_primary: copl(0xaacc5b88):out of compress_wait
01-01 01:14:09.564   323  1992 D audio_hw_primary: copl(0xaacc5b88): writing buffer (65536 bytes) to compress device
01-01 01:14:09.565   323  1992 D audio_hw_primary: copl(0xaacc5b88): writing buffer (65536 bytes) to compress device
01-01 01:14:09.566   323  1992 D audio_hw_primary: No space available in compress driver, post msg to cb thread
01-01 01:14:09.566   323  1990 D audio_hw_primary: copl(0xaacc5b88):calling compress_wait
01-01 01:14:12.576  2018  2018 F libc    : page record for 0xf739e02c was not found (block_size=16)
01-01 01:14:13.664   323  1990 D audio_hw_primary: copl(0xaacc5b88):out of compress_wait
01-01 01:14:13.665   323  1992 D audio_hw_primary: copl(0xaacc5b88): writing buffer (65536 bytes) to compress device
01-01 01:14:13.665   323  1992 D audio_hw_primary: copl(0xaacc5b88): writing buffer (65536 bytes) to compress device
01-01 01:14:13.666   323  1992 D audio_hw_primary: No space available in compress driver, post msg to cb thread
01-01 01:14:13.671   323  1990 D audio_hw_primary: copl(0xaacc5b88):calling compress_wait
01-01 01:14:17.608  2019  2019 F libc    : page record for 0xf71ec02c was not found (block_size=16)
01-01 01:14:17.765   323  1990 D audio_hw_primary: copl(0xaacc5b88):out of compress_wait
01-01 01:14:17.766   323  1992 D audio_hw_primary: copl(0xaacc5b88): writing buffer (65536 bytes) to compress device
01-01 01:14:17.766   323  1992 D audio_hw_primary: copl(0xaacc5b88): writing buffer (65536 bytes) to compress device
01-01 01:14:17.768   323  1992 D audio_hw_primary: No space available in compress driver, post msg to cb thread
01-01 01:14:17.768   323  1990 D audio_hw_primary: copl(0xaacc5b88):calling compress_wait
01-01 01:14:21.843   323  1990 D audio_hw_primary: copl(0xaacc5b88):out of compress_wait
01-01 01:14:21.844   323  1992 D audio_hw_primary: copl(0xaacc5b88): writing buffer (65536 bytes) to compress device
01-01 01:14:21.845   323  1992 D audio_hw_primary: copl(0xaacc5b88): writing buffer (65536 bytes) to compress device
01-01 01:14:21.846   323  1992 D audio_hw_primary: No space available in compress driver, post msg to cb thread
01-01 01:14:21.846   323  1990 D audio_hw_primary: copl(0xaacc5b88):calling compress_wait
01-01 01:14:22.638  2020  2020 F libc    : page record for 0xf766402c was not found (block_size=16)
01-01 01:14:24.284   757   778 I PowerManagerService: Going to sleep due to screen timeout (uid 1000)...
01-01 01:14:24.461   757  1247 I ActivityManager: Process com.android.onetimeinitializer (pid 1694) has died
01-01 01:14:24.463   757  1265 I ActivityManager: Process com.android.settings (pid 1466) has died
01-01 01:14:24.901   390  1743 E libnav  : AbaSetOriginalBacklightLevel: bad input paramters
01-01 01:14:24.953   757   778 V KeyguardServiceDelegate: onScreenTurnedOff()
01-01 01:14:24.967   269   269 D SurfaceFlinger: Set power mode=0, type=0 flinger=0x55968a44f0
01-01 01:14:24.967   269   269 D qdhwcomposer: hwc_setPowerMode: Setting mode 0 on display: 0
01-01 01:14:24.967   757   776 I DisplayManagerService: Display device changed state: "Built-in Screen", OFF
01-01 01:14:24.968   269   269 E qdutils : int qdutils::getHDMINode(): Failed to open fb node 2
01-01 01:14:24.968   269   269 E qdutils : int qdutils::getHDMINode(): Failed to open fb node 3
01-01 01:14:24.968   269   269 E qdutils : int qdutils::getHDMINode(): Failed to find HDMI node
01-01 01:14:25.067   269   269 D qdhwcomposer: hwc_setPowerMode: Done setting mode 0 on display 0
01-01 01:14:25.068   269   502 I qdhwcomposer: handle_blank_event: dpy:0 panel power state: 0
01-01 01:14:25.068   269   502 E qdutils : int qdutils::getHDMINode(): Failed to open fb node 2
01-01 01:14:25.068   269   502 E qdutils : int qdutils::getHDMINode(): Failed to open fb node 3
01-01 01:14:25.068   269   502 E qdutils : int qdutils::getHDMINode(): Failed to find HDMI node
01-01 01:14:25.069   757   842 D SurfaceControl: Excessive delay in setPowerMode(): 102ms
01-01 01:14:25.069   757   778 I QTI PowerHAL: Got set_interactive hint
01-01 01:14:25.071   757   778 E QCOM PowerHAL: Failed to acquire lock.
01-01 01:14:25.071   757   778 I DreamManagerService: Entering dreamland.
01-01 01:14:25.071   757   778 I PowerManagerService: Dozing...
01-01 01:14:25.072   757   773 I DreamController: Starting dream: name=ComponentInfo{com.android.systemui/com.android.systemui.doze.DozeService}, isTest=false, canDoze=true, userId=0
01-01 01:14:25.136   757   812 E WifiStateMachine:  Fail to set up pno, want false now false
01-01 01:14:25.139   323   829 V SRS_Proc: ParamSet string: screen_state=off
01-01 01:14:25.141   323   829 D audio_hw_primary: adev_set_parameters: enter: screen_state=off
01-01 01:14:25.141   323   829 D audio_hw_extn: audio_extn_set_anc_parameters: anc_enabled:0
01-01 01:14:25.141   323   829 E bt_a2dp_hw: adev_set_parameters: ERROR: set param called even when stream out is null
01-01 01:14:25.946   323  1990 D audio_hw_primary: copl(0xaacc5b88):out of compress_wait
01-01 01:14:25.946   323  1992 D audio_hw_primary: copl(0xaacc5b88): writing buffer (65536 bytes) to compress device
01-01 01:14:25.947   323  1992 D audio_hw_primary: copl(0xaacc5b88): writing buffer (65536 bytes) to compress device
01-01 01:14:25.950   323  1992 D audio_hw_primary: No space available in compress driver, post msg to cb thread
01-01 01:14:25.951   323  1990 D audio_hw_primary: copl(0xaacc5b88):calling compress_wait
01-01 01:14:27.670  2022  2022 F libc    : page record for 0xf73f402c was not found (block_size=16)
01-01 01:14:29.324   878   878 D PhoneStatusBar: disable: < expand ICONS* alerts SYSTEM_INFO* back home recent clock search quick_settings >
01-01 01:14:29.408   878   878 D PhoneStatusBar: disable: < expand ICONS alerts SYSTEM_INFO back HOME* RECENT* clock SEARCH* quick_settings >
01-01 01:14:29.421   878   878 W PathParser: Points are too far apart 4.030360828967057
01-01 01:14:29.421   878   878 W PathParser: Points are too far apart 4.030360538880159
01-01 01:14:30.045   323  1990 D audio_hw_primary: copl(0xaacc5b88):out of compress_wait
01-01 01:14:30.046   323  1992 D audio_hw_primary: copl(0xaacc5b88): writing buffer (65536 bytes) to compress device
01-01 01:14:30.047   323  1992 D audio_hw_primary: copl(0xaacc5b88): writing buffer (65536 bytes) to compress device
01-01 01:14:30.048   323  1992 D audio_hw_primary: No space available in compress driver, post msg to cb thread
01-01 01:14:30.048   323  1990 D audio_hw_primary: copl(0xaacc5b88):calling compress_wait
01-01 01:14:32.702  2024  2024 F libc    : page record for 0xf76b602c was not found (block_size=16)
01-01 01:14:34.144   323  1990 D audio_hw_primary: copl(0xaacc5b88):out of compress_wait
01-01 01:14:34.144   323  1992 D audio_hw_primary: copl(0xaacc5b88): writing buffer (65536 bytes) to compress device
01-01 01:14:34.145   323  1992 D audio_hw_primary: copl(0xaacc5b88): writing buffer (65536 bytes) to compress device
01-01 01:14:34.146   323  1992 D audio_hw_primary: No space available in compress driver, post msg to cb thread
01-01 01:14:34.146   323  1990 D audio_hw_primary: copl(0xaacc5b88):calling compress_wait
01-01 01:14:37.734  2025  2025 F libc    : page record for 0xf742802c was not found (block_size=16)
01-01 01:14:38.246   323  1990 D audio_hw_primary: copl(0xaacc5b88):out of compress_wait
01-01 01:14:38.246   323  1992 D audio_hw_primary: copl(0xaacc5b88): writing buffer (65536 bytes) to compress device
01-01 01:14:38.247   323  1992 D audio_hw_primary: copl(0xaacc5b88): writing buffer (65536 bytes) to compress device
01-01 01:14:38.248   323  1992 D audio_hw_primary: No space available in compress driver, post msg to cb thread
01-01 01:14:38.249   323  1990 D audio_hw_primary: copl(0xaacc5b88):calling compress_wait
01-01 01:14:42.324   323  1990 D audio_hw_primary: copl(0xaacc5b88):out of compress_wait
01-01 01:14:42.324   323  1992 D audio_hw_primary: copl(0xaacc5b88): writing buffer (65536 bytes) to compress device
01-01 01:14:42.325   323  1992 D audio_hw_primary: copl(0xaacc5b88): writing buffer (65536 bytes) to compress device
01-01 01:14:42.326   323  1992 D audio_hw_primary: No space available in compress driver, post msg to cb thread
01-01 01:14:42.326   323  1990 D audio_hw_primary: copl(0xaacc5b88):calling compress_wait
01-01 01:14:42.762  2026  2026 F libc    : page record for 0xf71ea02c was not found (block_size=16)
01-01 01:14:46.426   323  1990 D audio_hw_primary: copl(0xaacc5b88):out of compress_wait
01-01 01:14:46.426   323  1992 D audio_hw_primary: copl(0xaacc5b88): writing buffer (65536 bytes) to compress device
01-01 01:14:46.427   323  1992 D audio_hw_primary: copl(0xaacc5b88): writing buffer (65536 bytes) to compress device
01-01 01:14:46.428   323  1992 D audio_hw_primary: No space available in compress driver, post msg to cb thread
01-01 01:14:46.428   323  1990 D audio_hw_primary: copl(0xaacc5b88):calling compress_wait
01-01 01:14:47.795  2027  2027 F libc    : page record for 0xf6fc202c was not found (block_size=16)
01-01 01:14:50.526   323  1990 D audio_hw_primary: copl(0xaacc5b88):out of compress_wait
01-01 01:14:50.526   323  1992 D audio_hw_primary: copl(0xaacc5b88): writing buffer (65536 bytes) to compress device
01-01 01:14:50.527   323  1992 D audio_hw_primary: copl(0xaacc5b88): writing buffer (65536 bytes) to compress device
01-01 01:14:50.528   323  1992 D audio_hw_primary: No space available in compress driver, post msg to cb thread
01-01 01:14:50.528   323  1990 D audio_hw_primary: copl(0xaacc5b88):calling compress_wait
01-01 02:22:57.356  1867  1867 W mod.filemanager: type=1400 audit(0.0:8): avc: denied { getattr } for path="/system/xbin/su" dev="mmcblk0p22" ino=3135 scontext=u:r:platform_app:s0:c512,c768 tcontext=u:object_r:su_exec:s0 tclass=file permissive=0
01-01 02:22:57.356  1867  1867 W mod.filemanager: type=1400 audit(0.0:9): avc: denied { getattr } for path="/system/xbin/su" dev="mmcblk0p22" ino=3135 scontext=u:r:platform_app:s0:c512,c768 tcontext=u:object_r:su_exec:s0 tclass=file permissive=0
01-01 02:22:58.216  1887  1887 W IntentService[M: type=1400 audit(0.0:10): avc: denied { getattr } for path="/system/rfs" dev="mmcblk0p22" ino=2086 scontext=u:r:platform_app:s0:c512,c768 tcontext=u:object_r:rfs_system_file:s0 tclass=dir permissive=0
01-01 02:22:58.216  1887  1887 W IntentService[M: type=1400 audit(0.0:11): avc: denied { getattr } for path="/system/rfs" dev="mmcblk0p22" ino=2086 scontext=u:r:platform_app:s0:c512,c768 tcontext=u:object_r:rfs_system_file:s0 tclass=dir permissive=0
01-01 02:22:58.216  1887  1887 W IntentService[M: type=1400 audit(0.0:12): avc: denied { getattr } for path="/system/rfs" dev="mmcblk0p22" ino=2086 scontext=u:r:platform_app:s0:c512,c768 tcontext=u:object_r:rfs_system_file:s0 tclass=dir permissive=0
01-01 02:22:58.336  1887  1887 W IntentService[M: type=1400 audit(0.0:13): avc: denied { getattr } for path="/system/bin/ATFWD-daemon" dev="mmcblk0p22" ino=166 scontext=u:r:platform_app:s0:c512,c768 tcontext=u:object_r:atfwd_exec:s0 tclass=file permissive=0
01-01 02:22:58.336  1887  1887 W IntentService[M: type=1400 audit(0.0:14): avc: denied { getattr } for path="/system/bin/PktRspTest" dev="mmcblk0p22" ino=167 scontext=u:r:platform_app:s0:c512,c768 tcontext=u:object_r:diag_exec:s0 tclass=file permissive=0
01-01 02:22:58.336  1887  1887 W IntentService[M: type=1400 audit(0.0:15): avc: denied { getattr } for path="/system/bin/StoreKeybox" dev="mmcblk0p22" ino=168 scontext=u:r:platform_app:s0:c512,c768 tcontext=u:object_r:sectest_exec:s0 tclass=file permissive=0
01-01 02:22:58.336  1887  1887 W IntentService[M: type=1400 audit(0.0:16): avc: denied { getattr } for path="/system/bin/adsprpcd" dev="mmcblk0p22" ino=170 scontext=u:r:platform_app:s0:c512,c768 tcontext=u:object_r:adsprpcd_exec:s0 tclass=file permissive=0
01-01 02:22:58.346  1887  1887 W IntentService[M: type=1400 audit(0.0:17): avc: denied { getattr } for path="/system/bin/audiod" dev="mmcblk0p22" ino=179 scontext=u:r:platform_app:s0:c512,c768 tcontext=u:object_r:audiod_exec:s0 tclass=file permissive=0
01-01 02:22:58.346  1887  1887 W IntentService[M: type=1400 audit(0.0:18): avc: denied { getattr } for path="/system/bin/blkid" dev="mmcblk0p22" ino=183 scontext=u:r:platform_app:s0:c512,c768 tcontext=u:object_r:blkid_exec:s0 tclass=file permissive=0
01-01 02:22:58.346  1887  1887 W IntentService[M: type=1400 audit(0.0:19): avc: denied { getattr } for path="/system/bin/bootanimation" dev="mmcblk0p22" ino=186 scontext=u:r:platform_app:s0:c512,c768 tcontext=u:object_r:bootanim_exec:s0 tclass=file permissive=0
01-01 02:22:58.346  1887  1887 W IntentService[M: type=1400 audit(0.0:20): avc: denied { getattr } for path="/system/bin/btsnoop" dev="mmcblk0p22" ino=189 scontext=u:r:platform_app:s0:c512,c768 tcontext=u:object_r:btsnoop_exec:s0 tclass=file permissive=0
01-01 02:22:58.346  1887  1887 W IntentService[M: type=1400 audit(0.0:21): avc: denied { getattr } for path="/system/bin/clatd" dev="mmcblk0p22" ino=201 scontext=u:r:platform_app:s0:c512,c768 tcontext=u:object_r:clatd_exec:s0 tclass=file permissive=0
01-01 02:22:58.346  1887  1887 W IntentService[M: type=1400 audit(0.0:22): avc: denied { getattr } for path="/system/bin/cnd" dev="mmcblk0p22" ino=204 scontext=u:r:platform_app:s0:c512,c768 tcontext=u:object_r:cnd_exec:s0 tclass=file permissive=0
01-01 02:22:58.346  1887  1887 W IntentService[M: type=1400 audit(0.0:23): avc: denied { getattr } for path="/system/bin/cnss-daemon" dev="mmcblk0p22" ino=205 scontext=u:r:platform_app:s0:c512,c768 tcontext=u:object_r:wcnss_service_exec:s0 tclass=file permissive=0
01-01 02:22:58.346  1887  1887 W IntentService[M: type=1400 audit(0.0:24): avc: denied { getattr } for path="/system/bin/debuggerd" dev="mmcblk0p22" ino=218 scontext=u:r:platform_app:s0:c512,c768 tcontext=u:object_r:debuggerd_exec:s0 tclass=file permissive=0
01-01 02:22:58.346  1887  1887 W IntentService[M: type=1400 audit(0.0:25): avc: denied { getattr } for path="/system/bin/debuggerd64" dev="mmcblk0p22" ino=219 scontext=u:r:platform_app:s0:c512,c768 tcontext=u:object_r:debuggerd_exec:s0 tclass=file permissive=0
01-01 02:22:58.346  1887  1887 W IntentService[M: type=1400 audit(0.0:26): avc: denied { getattr } for path="/system/bin/dhcpcd" dev="mmcblk0p22" ino=222 scontext=u:r:platform_app:s0:c512,c768 tcontext=u:object_r:dhcp_exec:s0 tclass=file permissive=0
01-01 02:22:58.366  1887  1887 W IntentService[M: type=1400 audit(0.0:27): avc: denied { getattr } for path="/system/bin/diag_callback_client" dev="mmcblk0p22" ino=224 scontext=u:r:platform_app:s0:c512,c768 tcontext=u:object_r:diag_exec:s0 tclass=file permissive=0
01-01 02:22:58.366  1887  1887 W IntentService[M: type=1400 audit(0.0:28): avc: denied { getattr } for path="/system/bin/diag_klog" dev="mmcblk0p22" ino=225 scontext=u:r:platform_app:s0:c512,c768 tcontext=u:object_r:diag_exec:s0 tclass=file permissive=0
01-01 02:22:58.366  1887  1887 W IntentService[M: type=1400 audit(0.0:29): avc: denied { getattr } for path="/system/bin/diag_mdlog" dev="mmcblk0p22" ino=226 scontext=u:r:platform_app:s0:c512,c768 tcontext=u:object_r:qlogd_exec:s0 tclass=file permissive=0
01-01 02:22:58.366  1887  1887 W IntentService[M: type=1400 audit(0.0:30): avc: denied { getattr } for path="/system/bin/diag_qshrink4_daemon" dev="mmcblk0p22" ino=227 scontext=u:r:platform_app:s0:c512,c768 tcontext=u:object_r:diag_exec:s0 tclass=file permissive=0
01-01 02:22:58.366  1887  1887 W IntentService[M: type=1400 audit(0.0:31): avc: denied { getattr } for path="/system/bin/diag_socket_log" dev="mmcblk0p22" ino=228 scontext=u:r:platform_app:s0:c512,c768 tcontext=u:object_r:diag_exec:s0 tclass=file permissive=0
01-01 02:22:58.366  1887  1887 W IntentService[M: type=1400 audit(0.0:32): avc: denied { getattr } for path="/system/bin/diag_uart_log" dev="mmcblk0p22" ino=229 scontext=u:r:platform_app:s0:c512,c768 tcontext=u:object_r:diag_exec:s0 tclass=file permissive=0
01-01 02:22:58.366  1887  1887 W IntentService[M: type=1400 audit(0.0:33): avc: denied { getattr } for path="/system/bin/dnsmasq" dev="mmcblk0p22" ino=232 scontext=u:r:platform_app:s0:c512,c768 tcontext=u:object_r:dnsmasq_exec:s0 tclass=file permissive=0
01-01 02:22:58.366  1887  1887 W IntentService[M: type=1400 audit(0.0:34): avc: denied { getattr } for path="/system/bin/dpmd" dev="mmcblk0p22" ino=235 scontext=u:r:platform_app:s0:c512,c768 tcontext=u:object_r:dpmd_exec:s0 tclass=file permissive=0
01-01 02:22:58.366  1887  1887 W IntentService[M: type=1400 audit(0.0:35): avc: denied { getattr } for path="/system/bin/drmserver" dev="mmcblk0p22" ino=236 scontext=u:r:platform_app:s0:c512,c768 tcontext=u:object_r:drmserver_exec:s0 tclass=file permissive=0
01-01 02:22:58.366  1887  1887 W IntentService[M: type=1400 audit(0.0:36): avc: denied { getattr } for path="/system/bin/dumpstate" dev="mmcblk0p22" ino=238 scontext=u:r:platform_app:s0:c512,c768 tcontext=u:object_r:dumpstate_exec:s0 tclass=file permissive=0
01-01 02:22:58.366  1887  1887 W IntentService[M: type=1400 audit(0.0:37): avc: denied { getattr } for path="/system/bin/dun-server" dev="mmcblk0p22" ino=240 scontext=u:r:platform_app:s0:c512,c768 tcontext=u:object_r:dun-server_exec:s0 tclass=file permissive=0
01-01 02:22:58.366  1887  1887 W IntentService[M: type=1400 audit(0.0:38): avc: denied { getattr } for path="/system/bin/e2fsck" dev="mmcblk0p22" ino=241 scontext=u:r:platform_app:s0:c512,c768 tcontext=u:object_r:fsck_exec:s0 tclass=file permissive=0
01-01 02:22:58.366  1887  1887 W IntentService[M: type=1400 audit(0.0:39): avc: denied { getattr } for path="/system/bin/fingerprintd" dev="mmcblk0p22" ino=252 scontext=u:r:platform_app:s0:c512,c768 tcontext=u:object_r:fingerprintd_exec:s0 tclass=file permissive=0
01-01 02:22:58.366  1887  1887 W IntentService[M: type=1400 audit(0.0:40): avc: denied { getattr } for path="/system/bin/fsck.f2fs" dev="mmcblk0p22" ino=256 scontext=u:r:platform_app:s0:c512,c768 tcontext=u:object_r:fsck_exec:s0 tclass=file permissive=0
01-01 02:22:58.366  1887  1887 W IntentService[M: type=1400 audit(0.0:41): avc: denied { getattr } for path="/system/bin/fsck_msdos" dev="mmcblk0p22" ino=257 scontext=u:r:platform_app:s0:c512,c768 tcontext=u:object_r:fsck_exec:s0 tclass=file permissive=0
01-01 02:22:58.366  1887  1887 W IntentService[M: type=1400 audit(0.0:42): avc: denied { getattr } for path="/system/bin/gatekeeperd" dev="mmcblk0p22" ino=259 scontext=u:r:platform_app:s0:c512,c768 tcontext=u:object_r:gatekeeperd_exec:s0 tclass=file permissive=0
01-01 01:14:52.818  2031  2031 F libc    : page record for 0xf776202c was not found (block_size=16)
01-01 01:14:54.623   323  1990 D audio_hw_primary: copl(0xaacc5b88):out of compress_wait
01-01 01:14:54.624   323  1992 D audio_hw_primary: copl(0xaacc5b88): writing buffer (65536 bytes) to compress device
01-01 01:14:54.625   323  1992 D audio_hw_primary: copl(0xaacc5b88): writing buffer (65536 bytes) to compress device
01-01 01:14:54.627   323  1992 D audio_hw_primary: No space available in compress driver, post msg to cb thread
01-01 01:14:54.628   323  1990 D audio_hw_primary: copl(0xaacc5b88):calling compress_wait
01-01 01:14:57.846  2032  2032 F libc    : page record for 0xf761802c was not found (block_size=16)
01-01 01:14:58.724   323  1990 D audio_hw_primary: copl(0xaacc5b88):out of compress_wait
01-01 01:14:58.724   323  1992 D audio_hw_primary: copl(0xaacc5b88): writing buffer (65536 bytes) to compress device
01-01 01:14:58.725   323  1992 D audio_hw_primary: copl(0xaacc5b88): writing buffer (65536 bytes) to compress device
01-01 01:14:58.726   323  1992 D audio_hw_primary: No space available in compress driver, post msg to cb thread
01-01 01:14:58.726   323  1990 D audio_hw_primary: copl(0xaacc5b88):calling compress_wait
01-01 01:15:02.344   878   965 I vol.Events: writeEvent level_changed STREAM_MUSIC 15
01-01 01:15:02.345   878   965 I vol.Events: writeEvent key STREAM_MUSIC 15
01-01 01:15:02.803   323  1990 D audio_hw_primary: copl(0xaacc5b88):out of compress_wait
01-01 01:15:02.804   323  1992 D audio_hw_primary: copl(0xaacc5b88): writing buffer (65536 bytes) to compress device
01-01 01:15:02.805   323  1992 D audio_hw_primary: copl(0xaacc5b88): writing buffer (65536 bytes) to compress device
01-01 01:15:02.806   323  1992 D audio_hw_primary: No space available in compress driver, post msg to cb thread
01-01 01:15:02.806   323  1990 D audio_hw_primary: copl(0xaacc5b88):calling compress_wait
01-01 01:15:02.864  2033  2033 F libc    : page record for 0xf71fa02c was not found (block_size=16)
01-01 01:15:03.036   878   965 I vol.Events: writeEvent level_changed STREAM_MUSIC 0
01-01 01:15:03.037   878   965 I vol.Events: writeEvent key STREAM_MUSIC 0
01-01 01:15:06.904   323  1990 D audio_hw_primary: copl(0xaacc5b88):out of compress_wait
01-01 01:15:06.904   323  1992 D audio_hw_primary: copl(0xaacc5b88): writing buffer (65536 bytes) to compress device
01-01 01:15:06.905   323  1992 D audio_hw_primary: copl(0xaacc5b88): writing buffer (65536 bytes) to compress device
01-01 01:15:06.910   323  1992 D audio_hw_primary: No space available in compress driver, post msg to cb thread
01-01 01:15:06.910   323  1990 D audio_hw_primary: copl(0xaacc5b88):calling compress_wait
01-01 01:15:07.552  2035  2035 F libc    : page record for 0xf728e02c was not found (block_size=16)
01-01 01:15:11.004   323  1990 D audio_hw_primary: copl(0xaacc5b88):out of compress_wait
01-01 01:15:11.004   323  1992 D audio_hw_primary: copl(0xaacc5b88): writing buffer (65536 bytes) to compress device
01-01 01:15:11.005   323  1992 D audio_hw_primary: copl(0xaacc5b88): writing buffer (65536 bytes) to compress device
01-01 01:15:11.006   323  1992 D audio_hw_primary: No space available in compress driver, post msg to cb thread
01-01 01:15:11.006   323  1990 D audio_hw_primary: copl(0xaacc5b88):calling compress_wait
01-01 01:15:12.579  2036  2036 F libc    : page record for 0xf76dc02c was not found (block_size=16)
01-01 01:15:15.104   323  1990 D audio_hw_primary: copl(0xaacc5b88):out of compress_wait
01-01 01:15:15.104   323  1992 D audio_hw_primary: copl(0xaacc5b88): writing buffer (65536 bytes) to compress device
01-01 01:15:15.105   323  1992 D audio_hw_primary: copl(0xaacc5b88): writing buffer (65536 bytes) to compress device
01-01 01:15:15.109   323  1992 D audio_hw_primary: No space available in compress driver, post msg to cb thread
01-01 01:15:15.110   323  1990 D audio_hw_primary: copl(0xaacc5b88):calling compress_wait
01-01 01:15:17.609  2037  2037 F libc    : page record for 0xf73a602c was not found (block_size=16)
01-01 01:15:19.204   323  1990 D audio_hw_primary: copl(0xaacc5b88):out of compress_wait
01-01 01:15:19.204   323  1992 D audio_hw_primary: copl(0xaacc5b88): writing buffer (65536 bytes) to compress device
01-01 01:15:19.205   323  1992 D audio_hw_primary: copl(0xaacc5b88): writing buffer (65536 bytes) to compress device
01-01 01:15:19.206   323  1992 D audio_hw_primary: No space available in compress driver, post msg to cb thread
01-01 01:15:19.206   323  1990 D audio_hw_primary: copl(0xaacc5b88):calling compress_wait
01-01 01:15:20.953   878   965 I vol.Events: writeEvent level_changed STREAM_MUSIC 15
01-01 01:15:20.955   878   965 I vol.Events: writeEvent key STREAM_MUSIC 15
01-01 01:15:22.129   878   965 I vol.Events: writeEvent level_changed STREAM_MUSIC 0
01-01 01:15:22.130   878   965 I vol.Events: writeEvent key STREAM_MUSIC 0
01-01 01:15:22.465  2038  2038 F libc    : page record for 0xf716e02c was not found (block_size=16)
01-01 01:15:23.283   323  1990 D audio_hw_primary: copl(0xaacc5b88):out of compress_wait
01-01 01:15:23.284   323  1992 D audio_hw_primary: copl(0xaacc5b88): writing buffer (65536 bytes) to compress device
01-01 01:15:23.285   323  1992 D audio_hw_primary: copl(0xaacc5b88): writing buffer (65536 bytes) to compress device
01-01 01:15:23.286   323  1992 D audio_hw_primary: No space available in compress driver, post msg to cb thread
01-01 01:15:23.286   323  1990 D audio_hw_primary: copl(0xaacc5b88):calling compress_wait
01-01 01:15:27.383   323  1990 D audio_hw_primary: copl(0xaacc5b88):out of compress_wait
01-01 01:15:27.384   323  1992 D audio_hw_primary: copl(0xaacc5b88): writing buffer (65536 bytes) to compress device
01-01 01:15:27.385   323  1992 D audio_hw_primary: copl(0xaacc5b88): writing buffer (65536 bytes) to compress device
01-01 01:15:27.386   323  1992 D audio_hw_primary: No space available in compress driver, post msg to cb thread
01-01 01:15:27.387   323  1990 D audio_hw_primary: copl(0xaacc5b88):calling compress_wait
01-01 01:15:27.648  2039  2039 F libc    : page record for 0xf76b602c was not found (block_size=16)
01-01 01:15:31.484   323  1990 D audio_hw_primary: copl(0xaacc5b88):out of compress_wait
01-01 01:15:31.484   323  1992 D audio_hw_primary: copl(0xaacc5b88): writing buffer (65536 bytes) to compress device
01-01 01:15:31.485   323  1992 D audio_hw_primary: copl(0xaacc5b88): writing buffer (65536 bytes) to compress device
01-01 01:15:31.486   323  1992 D audio_hw_primary: No space available in compress driver, post msg to cb thread
01-01 01:15:31.486   323  1990 D audio_hw_primary: copl(0xaacc5b88):calling compress_wait
01-01 01:15:32.678  2040  2040 F libc    : page record for 0xf761a02c was not found (block_size=16)
01-01 01:15:35.584   323  1990 D audio_hw_primary: copl(0xaacc5b88):out of compress_wait
01-01 01:15:35.584   323  1992 D audio_hw_primary: copl(0xaacc5b88): writing buffer (65536 bytes) to compress device
01-01 01:15:35.585   323  1992 D audio_hw_primary: copl(0xaacc5b88): writing buffer (65536 bytes) to compress device
01-01 01:15:35.586   323  1992 D audio_hw_primary: No space available in compress driver, post msg to cb thread
01-01 01:15:35.586   323  1990 D audio_hw_primary: copl(0xaacc5b88):calling compress_wait
01-01 01:15:37.708  2041  2041 F libc    : page record for 0xf71d602c was not found (block_size=16)
01-01 01:15:39.684   323  1990 D audio_hw_primary: copl(0xaacc5b88):out of compress_wait
01-01 01:15:39.684   323  1992 D audio_hw_primary: copl(0xaacc5b88): writing buffer (65536 bytes) to compress device
01-01 01:15:39.685   323  1992 D audio_hw_primary: copl(0xaacc5b88): writing buffer (65536 bytes) to compress device
01-01 01:15:39.686   323  1992 D audio_hw_primary: No space available in compress driver, post msg to cb thread
01-01 01:15:39.686   323  1990 D audio_hw_primary: copl(0xaacc5b88):calling compress_wait
01-01 01:15:42.739  2042  2042 F libc    : page record for 0xf773802c was not found (block_size=16)
01-01 01:15:43.763   323  1990 D audio_hw_primary: copl(0xaacc5b88):out of compress_wait
01-01 01:15:43.764   323  1992 D audio_hw_primary: copl(0xaacc5b88): writing buffer (65536 bytes) to compress device
01-01 01:15:43.765   323  1992 D audio_hw_primary: copl(0xaacc5b88): writing buffer (65536 bytes) to compress device
01-01 01:15:43.766   323  1992 D audio_hw_primary: No space available in compress driver, post msg to cb thread
01-01 01:15:43.766   323  1990 D audio_hw_primary: copl(0xaacc5b88):calling compress_wait
01-01 01:15:47.769  2043  2043 F libc    : page record for 0xf744e02c was not found (block_size=16)
01-01 01:15:47.864   323  1990 D audio_hw_primary: copl(0xaacc5b88):out of compress_wait
01-01 01:15:47.865   323  1992 D audio_hw_primary: copl(0xaacc5b88): writing buffer (65536 bytes) to compress device
01-01 01:15:47.866   323  1992 D audio_hw_primary: copl(0xaacc5b88): writing buffer (65536 bytes) to compress device
01-01 01:15:47.867   323  1992 D audio_hw_primary: No space available in compress driver, post msg to cb thread
01-01 01:15:47.867   323  1990 D audio_hw_primary: copl(0xaacc5b88):calling compress_wait
